Process SpawnPoolWorker-20:
Traceback (most recent call last):
  File "C:\Users\fsant\AppData\Local\Programs\Python\Python313\Lib\multiprocessing\pool.py", line 131, in worker
    put((job, i, result))
    ~~~^^^^^^^^^^^^^^^^^^
  File "C:\Users\fsant\AppData\Local\Programs\Python\Python313\Lib\multiprocessing\queues.py", line 394, in put
    self._writer.send_bytes(obj)
    ~~~~~~~~~~~~~~~~~~~~~~~^^^^^
  File "C:\Users\fsant\AppData\Local\Programs\Python\Python313\Lib\multiprocessing\connection.py", line 205, in send_bytes
    self._send_bytes(m[offset:offset + size])
    ~~~~~~~~~~~~~~~~^^^^^^^^^^^^^^^^^^^^^^^^^
  File "C:\Users\fsant\AppData\Local\Programs\Python\Python313\Lib\multiprocessing\connection.py", line 294, in _send_bytes
    ov, err = _winapi.WriteFile(self._handle, buf, overlapped=True)
              ~~~~~~~~~~~~~~~~~^^^^^^^^^^^^^^^^^^^^^^^^^^^^^^^^^^^^
BrokenPipeError: [WinError 232] Se está cerrando la canalización

During handling of the above exception, another exception occurred:

Traceback (most recent call last):
  File "C:\Users\fsant\AppData\Local\Programs\Python\Python313\Lib\multiprocessing\process.py", line 313, in _bootstrap
    self.run()
    ~~~~~~~~^^
  File "C:\Users\fsant\AppData\Local\Programs\Python\Python313\Lib\multiprocessing\process.py", line 108, in run
    self._target(*self._args, **self._kwargs)
    ~~~~~~~~~~~~^^^^^^^^^^^^^^^^^^^^^^^^^^^^^
  File "C:\Users\fsant\AppData\Local\Programs\Python\Python313\Lib\multiprocessing\pool.py", line 136, in worker
    put((job, i, (False, wrapped)))
    ~~~^^^^^^^^^^^^^^^^^^^^^^^^^^^^
  File "C:\Users\fsant\AppData\Local\Programs\Python\Python313\Lib\multiprocessing\queues.py", line 394, in put
    self._writer.send_bytes(obj)
    ~~~~~~~~~~~~~~~~~~~~~~~^^^^^
  File "C:\Users\fsant\AppData\Local\Programs\Python\Python313\Lib\multiprocessing\connection.py", line 205, in send_bytes
    self._send_bytes(m[offset:offset + size])
    ~~~~~~~~~~~~~~~~^^^^^^^^^^^^^^^^^^^^^^^^^
  File "C:\Users\fsant\AppData\Local\Programs\Python\Python313\Lib\multiprocessing\connection.py", line 294, in _send_bytes
    ov, err = _winapi.WriteFile(self._handle, buf, overlapped=True)
              ~~~~~~~~~~~~~~~~~^^^^^^^^^^^^^^^^^^^^^^^^^^^^^^^^^^^^
BrokenPipeError: [WinError 232] Se está cerrando la canalización
Process SpawnPoolWorker-17:
Traceback (most recent call last):
  File "C:\Users\fsant\AppData\Local\Programs\Python\Python313\Lib\multiprocessing\pool.py", line 131, in worker
    put((job, i, result))
    ~~~^^^^^^^^^^^^^^^^^^
  File "C:\Users\fsant\AppData\Local\Programs\Python\Python313\Lib\multiprocessing\queues.py", line 394, in put
    self._writer.send_bytes(obj)
    ~~~~~~~~~~~~~~~~~~~~~~~^^^^^
  File "C:\Users\fsant\AppData\Local\Programs\Python\Python313\Lib\multiprocessing\connection.py", line 205, in send_bytes
    self._send_bytes(m[offset:offset + size])
    ~~~~~~~~~~~~~~~~^^^^^^^^^^^^^^^^^^^^^^^^^
  File "C:\Users\fsant\AppData\Local\Programs\Python\Python313\Lib\multiprocessing\connection.py", line 294, in _send_bytes
    ov, err = _winapi.WriteFile(self._handle, buf, overlapped=True)
              ~~~~~~~~~~~~~~~~~^^^^^^^^^^^^^^^^^^^^^^^^^^^^^^^^^^^^
BrokenPipeError: [WinError 232] Se está cerrando la canalización

During handling of the above exception, another exception occurred:

Traceback (most recent call last):
  File "C:\Users\fsant\AppData\Local\Programs\Python\Python313\Lib\multiprocessing\process.py", line 313, in _bootstrap
    self.run()
    ~~~~~~~~^^
  File "C:\Users\fsant\AppData\Local\Programs\Python\Python313\Lib\multiprocessing\process.py", line 108, in run
    self._target(*self._args, **self._kwargs)
    ~~~~~~~~~~~~^^^^^^^^^^^^^^^^^^^^^^^^^^^^^
  File "C:\Users\fsant\AppData\Local\Programs\Python\Python313\Lib\multiprocessing\pool.py", line 136, in worker
    put((job, i, (False, wrapped)))
    ~~~^^^^^^^^^^^^^^^^^^^^^^^^^^^^
  File "C:\Users\fsant\AppData\Local\Programs\Python\Python313\Lib\multiprocessing\queues.py", line 394, in put
    self._writer.send_bytes(obj)
    ~~~~~~~~~~~~~~~~~~~~~~~^^^^^
  File "C:\Users\fsant\AppData\Local\Programs\Python\Python313\Lib\multiprocessing\connection.py", line 205, in send_bytes
    self._send_bytes(m[offset:offset + size])
    ~~~~~~~~~~~~~~~~^^^^^^^^^^^^^^^^^^^^^^^^^
  File "C:\Users\fsant\AppData\Local\Programs\Python\Python313\Lib\multiprocessing\connection.py", line 294, in _send_bytes
    ov, err = _winapi.WriteFile(self._handle, buf, overlapped=True)
              ~~~~~~~~~~~~~~~~~^^^^^^^^^^^^^^^^^^^^^^^^^^^^^^^^^^^^
BrokenPipeError: [WinError 232] Se está cerrando la canalización
Process SpawnPoolWorker-3:
Traceback (most recent call last):
  File "C:\Users\fsant\AppData\Local\Programs\Python\Python313\Lib\multiprocessing\pool.py", line 131, in worker
    put((job, i, result))
    ~~~^^^^^^^^^^^^^^^^^^
  File "C:\Users\fsant\AppData\Local\Programs\Python\Python313\Lib\multiprocessing\queues.py", line 394, in put
    self._writer.send_bytes(obj)
    ~~~~~~~~~~~~~~~~~~~~~~~^^^^^
  File "C:\Users\fsant\AppData\Local\Programs\Python\Python313\Lib\multiprocessing\connection.py", line 205, in send_bytes
    self._send_bytes(m[offset:offset + size])
    ~~~~~~~~~~~~~~~~^^^^^^^^^^^^^^^^^^^^^^^^^
  File "C:\Users\fsant\AppData\Local\Programs\Python\Python313\Lib\multiprocessing\connection.py", line 294, in _send_bytes
    ov, err = _winapi.WriteFile(self._handle, buf, overlapped=True)
              ~~~~~~~~~~~~~~~~~^^^^^^^^^^^^^^^^^^^^^^^^^^^^^^^^^^^^
BrokenPipeError: [WinError 232] Se está cerrando la canalización

During handling of the above exception, another exception occurred:

Traceback (most recent call last):
  File "C:\Users\fsant\AppData\Local\Programs\Python\Python313\Lib\multiprocessing\process.py", line 313, in _bootstrap
    self.run()
    ~~~~~~~~^^
  File "C:\Users\fsant\AppData\Local\Programs\Python\Python313\Lib\multiprocessing\process.py", line 108, in run
    self._target(*self._args, **self._kwargs)
    ~~~~~~~~~~~~^^^^^^^^^^^^^^^^^^^^^^^^^^^^^
  File "C:\Users\fsant\AppData\Local\Programs\Python\Python313\Lib\multiprocessing\pool.py", line 136, in worker
    put((job, i, (False, wrapped)))
    ~~~^^^^^^^^^^^^^^^^^^^^^^^^^^^^
  File "C:\Users\fsant\AppData\Local\Programs\Python\Python313\Lib\multiprocessing\queues.py", line 394, in put
    self._writer.send_bytes(obj)
    ~~~~~~~~~~~~~~~~~~~~~~~^^^^^
  File "C:\Users\fsant\AppData\Local\Programs\Python\Python313\Lib\multiprocessing\connection.py", line 205, in send_bytes
    self._send_bytes(m[offset:offset + size])
    ~~~~~~~~~~~~~~~~^^^^^^^^^^^^^^^^^^^^^^^^^
  File "C:\Users\fsant\AppData\Local\Programs\Python\Python313\Lib\multiprocessing\connection.py", line 294, in _send_bytes
    ov, err = _winapi.WriteFile(self._handle, buf, overlapped=True)
              ~~~~~~~~~~~~~~~~~^^^^^^^^^^^^^^^^^^^^^^^^^^^^^^^^^^^^
BrokenPipeError: [WinError 232] Se está cerrando la canalización
Process SpawnPoolWorker-13:
Traceback (most recent call last):
  File "C:\Users\fsant\AppData\Local\Programs\Python\Python313\Lib\multiprocessing\pool.py", line 131, in worker
    put((job, i, result))
    ~~~^^^^^^^^^^^^^^^^^^
  File "C:\Users\fsant\AppData\Local\Programs\Python\Python313\Lib\multiprocessing\queues.py", line 394, in put
    self._writer.send_bytes(obj)
    ~~~~~~~~~~~~~~~~~~~~~~~^^^^^
  File "C:\Users\fsant\AppData\Local\Programs\Python\Python313\Lib\multiprocessing\connection.py", line 205, in send_bytes
    self._send_bytes(m[offset:offset + size])
    ~~~~~~~~~~~~~~~~^^^^^^^^^^^^^^^^^^^^^^^^^
  File "C:\Users\fsant\AppData\Local\Programs\Python\Python313\Lib\multiprocessing\connection.py", line 294, in _send_bytes
    ov, err = _winapi.WriteFile(self._handle, buf, overlapped=True)
              ~~~~~~~~~~~~~~~~~^^^^^^^^^^^^^^^^^^^^^^^^^^^^^^^^^^^^
BrokenPipeError: [WinError 232] Se está cerrando la canalización

During handling of the above exception, another exception occurred:

Traceback (most recent call last):
  File "C:\Users\fsant\AppData\Local\Programs\Python\Python313\Lib\multiprocessing\process.py", line 313, in _bootstrap
    self.run()
    ~~~~~~~~^^
  File "C:\Users\fsant\AppData\Local\Programs\Python\Python313\Lib\multiprocessing\process.py", line 108, in run
    self._target(*self._args, **self._kwargs)
    ~~~~~~~~~~~~^^^^^^^^^^^^^^^^^^^^^^^^^^^^^
  File "C:\Users\fsant\AppData\Local\Programs\Python\Python313\Lib\multiprocessing\pool.py", line 136, in worker
    put((job, i, (False, wrapped)))
    ~~~^^^^^^^^^^^^^^^^^^^^^^^^^^^^
  File "C:\Users\fsant\AppData\Local\Programs\Python\Python313\Lib\multiprocessing\queues.py", line 394, in put
    self._writer.send_bytes(obj)
    ~~~~~~~~~~~~~~~~~~~~~~~^^^^^
  File "C:\Users\fsant\AppData\Local\Programs\Python\Python313\Lib\multiprocessing\connection.py", line 205, in send_bytes
    self._send_bytes(m[offset:offset + size])
    ~~~~~~~~~~~~~~~~^^^^^^^^^^^^^^^^^^^^^^^^^
  File "C:\Users\fsant\AppData\Local\Programs\Python\Python313\Lib\multiprocessing\connection.py", line 294, in _send_bytes
    ov, err = _winapi.WriteFile(self._handle, buf, overlapped=True)
              ~~~~~~~~~~~~~~~~~^^^^^^^^^^^^^^^^^^^^^^^^^^^^^^^^^^^^
BrokenPipeError: [WinError 232] Se está cerrando la canalización
Process SpawnPoolWorker-12:
Traceback (most recent call last):
  File "C:\Users\fsant\AppData\Local\Programs\Python\Python313\Lib\multiprocessing\pool.py", line 131, in worker
    put((job, i, result))
    ~~~^^^^^^^^^^^^^^^^^^
  File "C:\Users\fsant\AppData\Local\Programs\Python\Python313\Lib\multiprocessing\queues.py", line 394, in put
    self._writer.send_bytes(obj)
    ~~~~~~~~~~~~~~~~~~~~~~~^^^^^
  File "C:\Users\fsant\AppData\Local\Programs\Python\Python313\Lib\multiprocessing\connection.py", line 205, in send_bytes
    self._send_bytes(m[offset:offset + size])
    ~~~~~~~~~~~~~~~~^^^^^^^^^^^^^^^^^^^^^^^^^
  File "C:\Users\fsant\AppData\Local\Programs\Python\Python313\Lib\multiprocessing\connection.py", line 294, in _send_bytes
    ov, err = _winapi.WriteFile(self._handle, buf, overlapped=True)
              ~~~~~~~~~~~~~~~~~^^^^^^^^^^^^^^^^^^^^^^^^^^^^^^^^^^^^
BrokenPipeError: [WinError 232] Se está cerrando la canalización

During handling of the above exception, another exception occurred:

Traceback (most recent call last):
  File "C:\Users\fsant\AppData\Local\Programs\Python\Python313\Lib\multiprocessing\process.py", line 313, in _bootstrap
    self.run()
    ~~~~~~~~^^
  File "C:\Users\fsant\AppData\Local\Programs\Python\Python313\Lib\multiprocessing\process.py", line 108, in run
    self._target(*self._args, **self._kwargs)
    ~~~~~~~~~~~~^^^^^^^^^^^^^^^^^^^^^^^^^^^^^
  File "C:\Users\fsant\AppData\Local\Programs\Python\Python313\Lib\multiprocessing\pool.py", line 136, in worker
    put((job, i, (False, wrapped)))
    ~~~^^^^^^^^^^^^^^^^^^^^^^^^^^^^
  File "C:\Users\fsant\AppData\Local\Programs\Python\Python313\Lib\multiprocessing\queues.py", line 394, in put
    self._writer.send_bytes(obj)
    ~~~~~~~~~~~~~~~~~~~~~~~^^^^^
  File "C:\Users\fsant\AppData\Local\Programs\Python\Python313\Lib\multiprocessing\connection.py", line 205, in send_bytes
    self._send_bytes(m[offset:offset + size])
    ~~~~~~~~~~~~~~~~^^^^^^^^^^^^^^^^^^^^^^^^^
  File "C:\Users\fsant\AppData\Local\Programs\Python\Python313\Lib\multiprocessing\connection.py", line 294, in _send_bytes
    ov, err = _winapi.WriteFile(self._handle, buf, overlapped=True)
              ~~~~~~~~~~~~~~~~~^^^^^^^^^^^^^^^^^^^^^^^^^^^^^^^^^^^^
BrokenPipeError: [WinError 232] Se está cerrando la canalización
Process SpawnPoolWorker-2:
Process SpawnPoolWorker-16:
Traceback (most recent call last):
Traceback (most recent call last):
  File "C:\Users\fsant\AppData\Local\Programs\Python\Python313\Lib\multiprocessing\pool.py", line 131, in worker
    put((job, i, result))
    ~~~^^^^^^^^^^^^^^^^^^
  File "C:\Users\fsant\AppData\Local\Programs\Python\Python313\Lib\multiprocessing\queues.py", line 394, in put
    self._writer.send_bytes(obj)
    ~~~~~~~~~~~~~~~~~~~~~~~^^^^^
  File "C:\Users\fsant\AppData\Local\Programs\Python\Python313\Lib\multiprocessing\connection.py", line 205, in send_bytes
    self._send_bytes(m[offset:offset + size])
    ~~~~~~~~~~~~~~~~^^^^^^^^^^^^^^^^^^^^^^^^^
  File "C:\Users\fsant\AppData\Local\Programs\Python\Python313\Lib\multiprocessing\connection.py", line 294, in _send_bytes
    ov, err = _winapi.WriteFile(self._handle, buf, overlapped=True)
              ~~~~~~~~~~~~~~~~~^^^^^^^^^^^^^^^^^^^^^^^^^^^^^^^^^^^^
BrokenPipeError: [WinError 232] Se está cerrando la canalización

During handling of the above exception, another exception occurred:

Traceback (most recent call last):
  File "C:\Users\fsant\AppData\Local\Programs\Python\Python313\Lib\multiprocessing\process.py", line 313, in _bootstrap
    self.run()
    ~~~~~~~~^^
  File "C:\Users\fsant\AppData\Local\Programs\Python\Python313\Lib\multiprocessing\process.py", line 108, in run
    self._target(*self._args, **self._kwargs)
    ~~~~~~~~~~~~^^^^^^^^^^^^^^^^^^^^^^^^^^^^^
  File "C:\Users\fsant\AppData\Local\Programs\Python\Python313\Lib\multiprocessing\pool.py", line 136, in worker
    put((job, i, (False, wrapped)))
    ~~~^^^^^^^^^^^^^^^^^^^^^^^^^^^^
  File "C:\Users\fsant\AppData\Local\Programs\Python\Python313\Lib\multiprocessing\queues.py", line 394, in put
    self._writer.send_bytes(obj)
    ~~~~~~~~~~~~~~~~~~~~~~~^^^^^
  File "C:\Users\fsant\AppData\Local\Programs\Python\Python313\Lib\multiprocessing\connection.py", line 205, in send_bytes
    self._send_bytes(m[offset:offset + size])
    ~~~~~~~~~~~~~~~~^^^^^^^^^^^^^^^^^^^^^^^^^
  File "C:\Users\fsant\AppData\Local\Programs\Python\Python313\Lib\multiprocessing\connection.py", line 294, in _send_bytes
    ov, err = _winapi.WriteFile(self._handle, buf, overlapped=True)
              ~~~~~~~~~~~~~~~~~^^^^^^^^^^^^^^^^^^^^^^^^^^^^^^^^^^^^
BrokenPipeError: [WinError 232] Se está cerrando la canalización
  File "C:\Users\fsant\AppData\Local\Programs\Python\Python313\Lib\multiprocessing\pool.py", line 131, in worker
    put((job, i, result))
    ~~~^^^^^^^^^^^^^^^^^^
  File "C:\Users\fsant\AppData\Local\Programs\Python\Python313\Lib\multiprocessing\queues.py", line 394, in put
    self._writer.send_bytes(obj)
    ~~~~~~~~~~~~~~~~~~~~~~~^^^^^
  File "C:\Users\fsant\AppData\Local\Programs\Python\Python313\Lib\multiprocessing\connection.py", line 205, in send_bytes
    self._send_bytes(m[offset:offset + size])
    ~~~~~~~~~~~~~~~~^^^^^^^^^^^^^^^^^^^^^^^^^
  File "C:\Users\fsant\AppData\Local\Programs\Python\Python313\Lib\multiprocessing\connection.py", line 294, in _send_bytes
    ov, err = _winapi.WriteFile(self._handle, buf, overlapped=True)
              ~~~~~~~~~~~~~~~~~^^^^^^^^^^^^^^^^^^^^^^^^^^^^^^^^^^^^
BrokenPipeError: [WinError 232] Se está cerrando la canalización

During handling of the above exception, another exception occurred:

Traceback (most recent call last):
  File "C:\Users\fsant\AppData\Local\Programs\Python\Python313\Lib\multiprocessing\process.py", line 313, in _bootstrap
    self.run()
    ~~~~~~~~^^
  File "C:\Users\fsant\AppData\Local\Programs\Python\Python313\Lib\multiprocessing\process.py", line 108, in run
    self._target(*self._args, **self._kwargs)
    ~~~~~~~~~~~~^^^^^^^^^^^^^^^^^^^^^^^^^^^^^
  File "C:\Users\fsant\AppData\Local\Programs\Python\Python313\Lib\multiprocessing\pool.py", line 136, in worker
    put((job, i, (False, wrapped)))
    ~~~^^^^^^^^^^^^^^^^^^^^^^^^^^^^
  File "C:\Users\fsant\AppData\Local\Programs\Python\Python313\Lib\multiprocessing\queues.py", line 394, in put
    self._writer.send_bytes(obj)
    ~~~~~~~~~~~~~~~~~~~~~~~^^^^^
  File "C:\Users\fsant\AppData\Local\Programs\Python\Python313\Lib\multiprocessing\connection.py", line 205, in send_bytes
    self._send_bytes(m[offset:offset + size])
    ~~~~~~~~~~~~~~~~^^^^^^^^^^^^^^^^^^^^^^^^^
  File "C:\Users\fsant\AppData\Local\Programs\Python\Python313\Lib\multiprocessing\connection.py", line 294, in _send_bytes
    ov, err = _winapi.WriteFile(self._handle, buf, overlapped=True)
              ~~~~~~~~~~~~~~~~~^^^^^^^^^^^^^^^^^^^^^^^^^^^^^^^^^^^^
BrokenPipeError: [WinError 232] Se está cerrando la canalización
Process SpawnPoolWorker-1:
Traceback (most recent call last):
  File "C:\Users\fsant\AppData\Local\Programs\Python\Python313\Lib\multiprocessing\pool.py", line 131, in worker
    put((job, i, result))
    ~~~^^^^^^^^^^^^^^^^^^
  File "C:\Users\fsant\AppData\Local\Programs\Python\Python313\Lib\multiprocessing\queues.py", line 394, in put
    self._writer.send_bytes(obj)
    ~~~~~~~~~~~~~~~~~~~~~~~^^^^^
  File "C:\Users\fsant\AppData\Local\Programs\Python\Python313\Lib\multiprocessing\connection.py", line 205, in send_bytes
    self._send_bytes(m[offset:offset + size])
    ~~~~~~~~~~~~~~~~^^^^^^^^^^^^^^^^^^^^^^^^^
  File "C:\Users\fsant\AppData\Local\Programs\Python\Python313\Lib\multiprocessing\connection.py", line 294, in _send_bytes
    ov, err = _winapi.WriteFile(self._handle, buf, overlapped=True)
              ~~~~~~~~~~~~~~~~~^^^^^^^^^^^^^^^^^^^^^^^^^^^^^^^^^^^^
BrokenPipeError: [WinError 232] Se está cerrando la canalización

During handling of the above exception, another exception occurred:

Traceback (most recent call last):
  File "C:\Users\fsant\AppData\Local\Programs\Python\Python313\Lib\multiprocessing\process.py", line 313, in _bootstrap
    self.run()
    ~~~~~~~~^^
  File "C:\Users\fsant\AppData\Local\Programs\Python\Python313\Lib\multiprocessing\process.py", line 108, in run
    self._target(*self._args, **self._kwargs)
    ~~~~~~~~~~~~^^^^^^^^^^^^^^^^^^^^^^^^^^^^^
  File "C:\Users\fsant\AppData\Local\Programs\Python\Python313\Lib\multiprocessing\pool.py", line 136, in worker
    put((job, i, (False, wrapped)))
    ~~~^^^^^^^^^^^^^^^^^^^^^^^^^^^^
  File "C:\Users\fsant\AppData\Local\Programs\Python\Python313\Lib\multiprocessing\queues.py", line 394, in put
    self._writer.send_bytes(obj)
    ~~~~~~~~~~~~~~~~~~~~~~~^^^^^
  File "C:\Users\fsant\AppData\Local\Programs\Python\Python313\Lib\multiprocessing\connection.py", line 205, in send_bytes
    self._send_bytes(m[offset:offset + size])
    ~~~~~~~~~~~~~~~~^^^^^^^^^^^^^^^^^^^^^^^^^
  File "C:\Users\fsant\AppData\Local\Programs\Python\Python313\Lib\multiprocessing\connection.py", line 294, in _send_bytes
    ov, err = _winapi.WriteFile(self._handle, buf, overlapped=True)
              ~~~~~~~~~~~~~~~~~^^^^^^^^^^^^^^^^^^^^^^^^^^^^^^^^^^^^
BrokenPipeError: [WinError 232] Se está cerrando la canalización
Process SpawnPoolWorker-14:
Traceback (most recent call last):
  File "C:\Users\fsant\AppData\Local\Programs\Python\Python313\Lib\multiprocessing\pool.py", line 131, in worker
    put((job, i, result))
    ~~~^^^^^^^^^^^^^^^^^^
  File "C:\Users\fsant\AppData\Local\Programs\Python\Python313\Lib\multiprocessing\queues.py", line 394, in put
    self._writer.send_bytes(obj)
    ~~~~~~~~~~~~~~~~~~~~~~~^^^^^
  File "C:\Users\fsant\AppData\Local\Programs\Python\Python313\Lib\multiprocessing\connection.py", line 205, in send_bytes
    self._send_bytes(m[offset:offset + size])
    ~~~~~~~~~~~~~~~~^^^^^^^^^^^^^^^^^^^^^^^^^
  File "C:\Users\fsant\AppData\Local\Programs\Python\Python313\Lib\multiprocessing\connection.py", line 294, in _send_bytes
    ov, err = _winapi.WriteFile(self._handle, buf, overlapped=True)
              ~~~~~~~~~~~~~~~~~^^^^^^^^^^^^^^^^^^^^^^^^^^^^^^^^^^^^
BrokenPipeError: [WinError 232] Se está cerrando la canalización

During handling of the above exception, another exception occurred:

Traceback (most recent call last):
  File "C:\Users\fsant\AppData\Local\Programs\Python\Python313\Lib\multiprocessing\process.py", line 313, in _bootstrap
    self.run()
    ~~~~~~~~^^
  File "C:\Users\fsant\AppData\Local\Programs\Python\Python313\Lib\multiprocessing\process.py", line 108, in run
    self._target(*self._args, **self._kwargs)
    ~~~~~~~~~~~~^^^^^^^^^^^^^^^^^^^^^^^^^^^^^
  File "C:\Users\fsant\AppData\Local\Programs\Python\Python313\Lib\multiprocessing\pool.py", line 136, in worker
    put((job, i, (False, wrapped)))
    ~~~^^^^^^^^^^^^^^^^^^^^^^^^^^^^
  File "C:\Users\fsant\AppData\Local\Programs\Python\Python313\Lib\multiprocessing\queues.py", line 394, in put
    self._writer.send_bytes(obj)
    ~~~~~~~~~~~~~~~~~~~~~~~^^^^^
  File "C:\Users\fsant\AppData\Local\Programs\Python\Python313\Lib\multiprocessing\connection.py", line 205, in send_bytes
    self._send_bytes(m[offset:offset + size])
    ~~~~~~~~~~~~~~~~^^^^^^^^^^^^^^^^^^^^^^^^^
  File "C:\Users\fsant\AppData\Local\Programs\Python\Python313\Lib\multiprocessing\connection.py", line 294, in _send_bytes
    ov, err = _winapi.WriteFile(self._handle, buf, overlapped=True)
              ~~~~~~~~~~~~~~~~~^^^^^^^^^^^^^^^^^^^^^^^^^^^^^^^^^^^^
BrokenPipeError: [WinError 232] Se está cerrando la canalización
Process SpawnPoolWorker-15:
Traceback (most recent call last):
Process SpawnPoolWorker-5:
  File "C:\Users\fsant\AppData\Local\Programs\Python\Python313\Lib\multiprocessing\pool.py", line 131, in worker
    put((job, i, result))
    ~~~^^^^^^^^^^^^^^^^^^
  File "C:\Users\fsant\AppData\Local\Programs\Python\Python313\Lib\multiprocessing\queues.py", line 394, in put
    self._writer.send_bytes(obj)
    ~~~~~~~~~~~~~~~~~~~~~~~^^^^^
  File "C:\Users\fsant\AppData\Local\Programs\Python\Python313\Lib\multiprocessing\connection.py", line 205, in send_bytes
    self._send_bytes(m[offset:offset + size])
    ~~~~~~~~~~~~~~~~^^^^^^^^^^^^^^^^^^^^^^^^^
  File "C:\Users\fsant\AppData\Local\Programs\Python\Python313\Lib\multiprocessing\connection.py", line 294, in _send_bytes
    ov, err = _winapi.WriteFile(self._handle, buf, overlapped=True)
              ~~~~~~~~~~~~~~~~~^^^^^^^^^^^^^^^^^^^^^^^^^^^^^^^^^^^^
BrokenPipeError: [WinError 232] Se está cerrando la canalización

During handling of the above exception, another exception occurred:

Traceback (most recent call last):
  File "C:\Users\fsant\AppData\Local\Programs\Python\Python313\Lib\multiprocessing\process.py", line 313, in _bootstrap
    self.run()
    ~~~~~~~~^^
  File "C:\Users\fsant\AppData\Local\Programs\Python\Python313\Lib\multiprocessing\process.py", line 108, in run
    self._target(*self._args, **self._kwargs)
    ~~~~~~~~~~~~^^^^^^^^^^^^^^^^^^^^^^^^^^^^^
  File "C:\Users\fsant\AppData\Local\Programs\Python\Python313\Lib\multiprocessing\pool.py", line 136, in worker
    put((job, i, (False, wrapped)))
    ~~~^^^^^^^^^^^^^^^^^^^^^^^^^^^^
  File "C:\Users\fsant\AppData\Local\Programs\Python\Python313\Lib\multiprocessing\queues.py", line 394, in put
    self._writer.send_bytes(obj)
    ~~~~~~~~~~~~~~~~~~~~~~~^^^^^
  File "C:\Users\fsant\AppData\Local\Programs\Python\Python313\Lib\multiprocessing\connection.py", line 205, in send_bytes
    self._send_bytes(m[offset:offset + size])
    ~~~~~~~~~~~~~~~~^^^^^^^^^^^^^^^^^^^^^^^^^
  File "C:\Users\fsant\AppData\Local\Programs\Python\Python313\Lib\multiprocessing\connection.py", line 294, in _send_bytes
    ov, err = _winapi.WriteFile(self._handle, buf, overlapped=True)
              ~~~~~~~~~~~~~~~~~^^^^^^^^^^^^^^^^^^^^^^^^^^^^^^^^^^^^
Traceback (most recent call last):
BrokenPipeError: [WinError 232] Se está cerrando la canalización
  File "C:\Users\fsant\AppData\Local\Programs\Python\Python313\Lib\multiprocessing\pool.py", line 131, in worker
    put((job, i, result))
    ~~~^^^^^^^^^^^^^^^^^^
  File "C:\Users\fsant\AppData\Local\Programs\Python\Python313\Lib\multiprocessing\queues.py", line 394, in put
    self._writer.send_bytes(obj)
    ~~~~~~~~~~~~~~~~~~~~~~~^^^^^
  File "C:\Users\fsant\AppData\Local\Programs\Python\Python313\Lib\multiprocessing\connection.py", line 205, in send_bytes
    self._send_bytes(m[offset:offset + size])
    ~~~~~~~~~~~~~~~~^^^^^^^^^^^^^^^^^^^^^^^^^
  File "C:\Users\fsant\AppData\Local\Programs\Python\Python313\Lib\multiprocessing\connection.py", line 294, in _send_bytes
    ov, err = _winapi.WriteFile(self._handle, buf, overlapped=True)
              ~~~~~~~~~~~~~~~~~^^^^^^^^^^^^^^^^^^^^^^^^^^^^^^^^^^^^
BrokenPipeError: [WinError 232] Se está cerrando la canalización

During handling of the above exception, another exception occurred:

Traceback (most recent call last):
  File "C:\Users\fsant\AppData\Local\Programs\Python\Python313\Lib\multiprocessing\process.py", line 313, in _bootstrap
    self.run()
    ~~~~~~~~^^
  File "C:\Users\fsant\AppData\Local\Programs\Python\Python313\Lib\multiprocessing\process.py", line 108, in run
    self._target(*self._args, **self._kwargs)
    ~~~~~~~~~~~~^^^^^^^^^^^^^^^^^^^^^^^^^^^^^
  File "C:\Users\fsant\AppData\Local\Programs\Python\Python313\Lib\multiprocessing\pool.py", line 136, in worker
    put((job, i, (False, wrapped)))
    ~~~^^^^^^^^^^^^^^^^^^^^^^^^^^^^
  File "C:\Users\fsant\AppData\Local\Programs\Python\Python313\Lib\multiprocessing\queues.py", line 394, in put
    self._writer.send_bytes(obj)
    ~~~~~~~~~~~~~~~~~~~~~~~^^^^^
  File "C:\Users\fsant\AppData\Local\Programs\Python\Python313\Lib\multiprocessing\connection.py", line 205, in send_bytes
    self._send_bytes(m[offset:offset + size])
    ~~~~~~~~~~~~~~~~^^^^^^^^^^^^^^^^^^^^^^^^^
  File "C:\Users\fsant\AppData\Local\Programs\Python\Python313\Lib\multiprocessing\connection.py", line 294, in _send_bytes
    ov, err = _winapi.WriteFile(self._handle, buf, overlapped=True)
              ~~~~~~~~~~~~~~~~~^^^^^^^^^^^^^^^^^^^^^^^^^^^^^^^^^^^^
BrokenPipeError: [WinError 232] Se está cerrando la canalización
Process SpawnPoolWorker-19:
Traceback (most recent call last):
  File "C:\Users\fsant\AppData\Local\Programs\Python\Python313\Lib\multiprocessing\pool.py", line 131, in worker
    put((job, i, result))
    ~~~^^^^^^^^^^^^^^^^^^
  File "C:\Users\fsant\AppData\Local\Programs\Python\Python313\Lib\multiprocessing\queues.py", line 394, in put
    self._writer.send_bytes(obj)
    ~~~~~~~~~~~~~~~~~~~~~~~^^^^^
  File "C:\Users\fsant\AppData\Local\Programs\Python\Python313\Lib\multiprocessing\connection.py", line 205, in send_bytes
    self._send_bytes(m[offset:offset + size])
    ~~~~~~~~~~~~~~~~^^^^^^^^^^^^^^^^^^^^^^^^^
  File "C:\Users\fsant\AppData\Local\Programs\Python\Python313\Lib\multiprocessing\connection.py", line 294, in _send_bytes
    ov, err = _winapi.WriteFile(self._handle, buf, overlapped=True)
              ~~~~~~~~~~~~~~~~~^^^^^^^^^^^^^^^^^^^^^^^^^^^^^^^^^^^^
BrokenPipeError: [WinError 232] Se está cerrando la canalización

During handling of the above exception, another exception occurred:

Traceback (most recent call last):
  File "C:\Users\fsant\AppData\Local\Programs\Python\Python313\Lib\multiprocessing\process.py", line 313, in _bootstrap
    self.run()
    ~~~~~~~~^^
  File "C:\Users\fsant\AppData\Local\Programs\Python\Python313\Lib\multiprocessing\process.py", line 108, in run
    self._target(*self._args, **self._kwargs)
    ~~~~~~~~~~~~^^^^^^^^^^^^^^^^^^^^^^^^^^^^^
  File "C:\Users\fsant\AppData\Local\Programs\Python\Python313\Lib\multiprocessing\pool.py", line 136, in worker
    put((job, i, (False, wrapped)))
    ~~~^^^^^^^^^^^^^^^^^^^^^^^^^^^^
  File "C:\Users\fsant\AppData\Local\Programs\Python\Python313\Lib\multiprocessing\queues.py", line 394, in put
    self._writer.send_bytes(obj)
    ~~~~~~~~~~~~~~~~~~~~~~~^^^^^
  File "C:\Users\fsant\AppData\Local\Programs\Python\Python313\Lib\multiprocessing\connection.py", line 205, in send_bytes
    self._send_bytes(m[offset:offset + size])
    ~~~~~~~~~~~~~~~~^^^^^^^^^^^^^^^^^^^^^^^^^
  File "C:\Users\fsant\AppData\Local\Programs\Python\Python313\Lib\multiprocessing\connection.py", line 294, in _send_bytes
    ov, err = _winapi.WriteFile(self._handle, buf, overlapped=True)
              ~~~~~~~~~~~~~~~~~^^^^^^^^^^^^^^^^^^^^^^^^^^^^^^^^^^^^
BrokenPipeError: [WinError 232] Se está cerrando la canalización
Process SpawnPoolWorker-4:
Traceback (most recent call last):
  File "C:\Users\fsant\AppData\Local\Programs\Python\Python313\Lib\multiprocessing\pool.py", line 131, in worker
    put((job, i, result))
    ~~~^^^^^^^^^^^^^^^^^^
  File "C:\Users\fsant\AppData\Local\Programs\Python\Python313\Lib\multiprocessing\queues.py", line 394, in put
    self._writer.send_bytes(obj)
    ~~~~~~~~~~~~~~~~~~~~~~~^^^^^
  File "C:\Users\fsant\AppData\Local\Programs\Python\Python313\Lib\multiprocessing\connection.py", line 205, in send_bytes
    self._send_bytes(m[offset:offset + size])
    ~~~~~~~~~~~~~~~~^^^^^^^^^^^^^^^^^^^^^^^^^
  File "C:\Users\fsant\AppData\Local\Programs\Python\Python313\Lib\multiprocessing\connection.py", line 294, in _send_bytes
    ov, err = _winapi.WriteFile(self._handle, buf, overlapped=True)
              ~~~~~~~~~~~~~~~~~^^^^^^^^^^^^^^^^^^^^^^^^^^^^^^^^^^^^
BrokenPipeError: [WinError 232] Se está cerrando la canalización

During handling of the above exception, another exception occurred:

Traceback (most recent call last):
  File "C:\Users\fsant\AppData\Local\Programs\Python\Python313\Lib\multiprocessing\process.py", line 313, in _bootstrap
    self.run()
    ~~~~~~~~^^
  File "C:\Users\fsant\AppData\Local\Programs\Python\Python313\Lib\multiprocessing\process.py", line 108, in run
    self._target(*self._args, **self._kwargs)
    ~~~~~~~~~~~~^^^^^^^^^^^^^^^^^^^^^^^^^^^^^
  File "C:\Users\fsant\AppData\Local\Programs\Python\Python313\Lib\multiprocessing\pool.py", line 136, in worker
    put((job, i, (False, wrapped)))
    ~~~^^^^^^^^^^^^^^^^^^^^^^^^^^^^
  File "C:\Users\fsant\AppData\Local\Programs\Python\Python313\Lib\multiprocessing\queues.py", line 394, in put
    self._writer.send_bytes(obj)
    ~~~~~~~~~~~~~~~~~~~~~~~^^^^^
  File "C:\Users\fsant\AppData\Local\Programs\Python\Python313\Lib\multiprocessing\connection.py", line 205, in send_bytes
    self._send_bytes(m[offset:offset + size])
    ~~~~~~~~~~~~~~~~^^^^^^^^^^^^^^^^^^^^^^^^^
  File "C:\Users\fsant\AppData\Local\Programs\Python\Python313\Lib\multiprocessing\connection.py", line 294, in _send_bytes
    ov, err = _winapi.WriteFile(self._handle, buf, overlapped=True)
              ~~~~~~~~~~~~~~~~~^^^^^^^^^^^^^^^^^^^^^^^^^^^^^^^^^^^^
BrokenPipeError: [WinError 232] Se está cerrando la canalización
Process SpawnPoolWorker-9:
Traceback (most recent call last):
  File "C:\Users\fsant\AppData\Local\Programs\Python\Python313\Lib\multiprocessing\pool.py", line 131, in worker
    put((job, i, result))
    ~~~^^^^^^^^^^^^^^^^^^
  File "C:\Users\fsant\AppData\Local\Programs\Python\Python313\Lib\multiprocessing\queues.py", line 394, in put
    self._writer.send_bytes(obj)
    ~~~~~~~~~~~~~~~~~~~~~~~^^^^^
  File "C:\Users\fsant\AppData\Local\Programs\Python\Python313\Lib\multiprocessing\connection.py", line 205, in send_bytes
    self._send_bytes(m[offset:offset + size])
    ~~~~~~~~~~~~~~~~^^^^^^^^^^^^^^^^^^^^^^^^^
  File "C:\Users\fsant\AppData\Local\Programs\Python\Python313\Lib\multiprocessing\connection.py", line 294, in _send_bytes
    ov, err = _winapi.WriteFile(self._handle, buf, overlapped=True)
              ~~~~~~~~~~~~~~~~~^^^^^^^^^^^^^^^^^^^^^^^^^^^^^^^^^^^^
BrokenPipeError: [WinError 232] Se está cerrando la canalización

During handling of the above exception, another exception occurred:

Traceback (most recent call last):
  File "C:\Users\fsant\AppData\Local\Programs\Python\Python313\Lib\multiprocessing\process.py", line 313, in _bootstrap
    self.run()
    ~~~~~~~~^^
  File "C:\Users\fsant\AppData\Local\Programs\Python\Python313\Lib\multiprocessing\process.py", line 108, in run
    self._target(*self._args, **self._kwargs)
    ~~~~~~~~~~~~^^^^^^^^^^^^^^^^^^^^^^^^^^^^^
  File "C:\Users\fsant\AppData\Local\Programs\Python\Python313\Lib\multiprocessing\pool.py", line 136, in worker
    put((job, i, (False, wrapped)))
    ~~~^^^^^^^^^^^^^^^^^^^^^^^^^^^^
  File "C:\Users\fsant\AppData\Local\Programs\Python\Python313\Lib\multiprocessing\queues.py", line 394, in put
    self._writer.send_bytes(obj)
    ~~~~~~~~~~~~~~~~~~~~~~~^^^^^
  File "C:\Users\fsant\AppData\Local\Programs\Python\Python313\Lib\multiprocessing\connection.py", line 205, in send_bytes
    self._send_bytes(m[offset:offset + size])
    ~~~~~~~~~~~~~~~~^^^^^^^^^^^^^^^^^^^^^^^^^
  File "C:\Users\fsant\AppData\Local\Programs\Python\Python313\Lib\multiprocessing\connection.py", line 294, in _send_bytes
    ov, err = _winapi.WriteFile(self._handle, buf, overlapped=True)
              ~~~~~~~~~~~~~~~~~^^^^^^^^^^^^^^^^^^^^^^^^^^^^^^^^^^^^
BrokenPipeError: [WinError 232] Se está cerrando la canalización
Process SpawnPoolWorker-10:
Traceback (most recent call last):
  File "C:\Users\fsant\AppData\Local\Programs\Python\Python313\Lib\multiprocessing\pool.py", line 131, in worker
    put((job, i, result))
    ~~~^^^^^^^^^^^^^^^^^^
  File "C:\Users\fsant\AppData\Local\Programs\Python\Python313\Lib\multiprocessing\queues.py", line 394, in put
    self._writer.send_bytes(obj)
    ~~~~~~~~~~~~~~~~~~~~~~~^^^^^
  File "C:\Users\fsant\AppData\Local\Programs\Python\Python313\Lib\multiprocessing\connection.py", line 205, in send_bytes
    self._send_bytes(m[offset:offset + size])
    ~~~~~~~~~~~~~~~~^^^^^^^^^^^^^^^^^^^^^^^^^
  File "C:\Users\fsant\AppData\Local\Programs\Python\Python313\Lib\multiprocessing\connection.py", line 294, in _send_bytes
    ov, err = _winapi.WriteFile(self._handle, buf, overlapped=True)
              ~~~~~~~~~~~~~~~~~^^^^^^^^^^^^^^^^^^^^^^^^^^^^^^^^^^^^
BrokenPipeError: [WinError 232] Se está cerrando la canalización

During handling of the above exception, another exception occurred:

Traceback (most recent call last):
  File "C:\Users\fsant\AppData\Local\Programs\Python\Python313\Lib\multiprocessing\process.py", line 313, in _bootstrap
    self.run()
    ~~~~~~~~^^
  File "C:\Users\fsant\AppData\Local\Programs\Python\Python313\Lib\multiprocessing\process.py", line 108, in run
    self._target(*self._args, **self._kwargs)
    ~~~~~~~~~~~~^^^^^^^^^^^^^^^^^^^^^^^^^^^^^
  File "C:\Users\fsant\AppData\Local\Programs\Python\Python313\Lib\multiprocessing\pool.py", line 136, in worker
    put((job, i, (False, wrapped)))
    ~~~^^^^^^^^^^^^^^^^^^^^^^^^^^^^
  File "C:\Users\fsant\AppData\Local\Programs\Python\Python313\Lib\multiprocessing\queues.py", line 394, in put
    self._writer.send_bytes(obj)
    ~~~~~~~~~~~~~~~~~~~~~~~^^^^^
  File "C:\Users\fsant\AppData\Local\Programs\Python\Python313\Lib\multiprocessing\connection.py", line 205, in send_bytes
    self._send_bytes(m[offset:offset + size])
    ~~~~~~~~~~~~~~~~^^^^^^^^^^^^^^^^^^^^^^^^^
  File "C:\Users\fsant\AppData\Local\Programs\Python\Python313\Lib\multiprocessing\connection.py", line 294, in _send_bytes
    ov, err = _winapi.WriteFile(self._handle, buf, overlapped=True)
              ~~~~~~~~~~~~~~~~~^^^^^^^^^^^^^^^^^^^^^^^^^^^^^^^^^^^^
BrokenPipeError: [WinError 232] Se está cerrando la canalización
Process SpawnPoolWorker-18:
Traceback (most recent call last):
  File "C:\Users\fsant\AppData\Local\Programs\Python\Python313\Lib\multiprocessing\pool.py", line 131, in worker
    put((job, i, result))
    ~~~^^^^^^^^^^^^^^^^^^
  File "C:\Users\fsant\AppData\Local\Programs\Python\Python313\Lib\multiprocessing\queues.py", line 394, in put
    self._writer.send_bytes(obj)
    ~~~~~~~~~~~~~~~~~~~~~~~^^^^^
  File "C:\Users\fsant\AppData\Local\Programs\Python\Python313\Lib\multiprocessing\connection.py", line 205, in send_bytes
    self._send_bytes(m[offset:offset + size])
    ~~~~~~~~~~~~~~~~^^^^^^^^^^^^^^^^^^^^^^^^^
  File "C:\Users\fsant\AppData\Local\Programs\Python\Python313\Lib\multiprocessing\connection.py", line 294, in _send_bytes
    ov, err = _winapi.WriteFile(self._handle, buf, overlapped=True)
              ~~~~~~~~~~~~~~~~~^^^^^^^^^^^^^^^^^^^^^^^^^^^^^^^^^^^^
BrokenPipeError: [WinError 232] Se está cerrando la canalización

During handling of the above exception, another exception occurred:

Traceback (most recent call last):
  File "C:\Users\fsant\AppData\Local\Programs\Python\Python313\Lib\multiprocessing\process.py", line 313, in _bootstrap
    self.run()
    ~~~~~~~~^^
  File "C:\Users\fsant\AppData\Local\Programs\Python\Python313\Lib\multiprocessing\process.py", line 108, in run
    self._target(*self._args, **self._kwargs)
    ~~~~~~~~~~~~^^^^^^^^^^^^^^^^^^^^^^^^^^^^^
  File "C:\Users\fsant\AppData\Local\Programs\Python\Python313\Lib\multiprocessing\pool.py", line 136, in worker
    put((job, i, (False, wrapped)))
    ~~~^^^^^^^^^^^^^^^^^^^^^^^^^^^^
  File "C:\Users\fsant\AppData\Local\Programs\Python\Python313\Lib\multiprocessing\queues.py", line 394, in put
    self._writer.send_bytes(obj)
    ~~~~~~~~~~~~~~~~~~~~~~~^^^^^
  File "C:\Users\fsant\AppData\Local\Programs\Python\Python313\Lib\multiprocessing\connection.py", line 205, in send_bytes
    self._send_bytes(m[offset:offset + size])
    ~~~~~~~~~~~~~~~~^^^^^^^^^^^^^^^^^^^^^^^^^
  File "C:\Users\fsant\AppData\Local\Programs\Python\Python313\Lib\multiprocessing\connection.py", line 294, in _send_bytes
    ov, err = _winapi.WriteFile(self._handle, buf, overlapped=True)
              ~~~~~~~~~~~~~~~~~^^^^^^^^^^^^^^^^^^^^^^^^^^^^^^^^^^^^
BrokenPipeError: [WinError 232] Se está cerrando la canalización
Process SpawnPoolWorker-7:
Traceback (most recent call last):
  File "C:\Users\fsant\AppData\Local\Programs\Python\Python313\Lib\multiprocessing\pool.py", line 131, in worker
    put((job, i, result))
    ~~~^^^^^^^^^^^^^^^^^^
  File "C:\Users\fsant\AppData\Local\Programs\Python\Python313\Lib\multiprocessing\queues.py", line 394, in put
    self._writer.send_bytes(obj)
    ~~~~~~~~~~~~~~~~~~~~~~~^^^^^
  File "C:\Users\fsant\AppData\Local\Programs\Python\Python313\Lib\multiprocessing\connection.py", line 205, in send_bytes
    self._send_bytes(m[offset:offset + size])
    ~~~~~~~~~~~~~~~~^^^^^^^^^^^^^^^^^^^^^^^^^
  File "C:\Users\fsant\AppData\Local\Programs\Python\Python313\Lib\multiprocessing\connection.py", line 294, in _send_bytes
    ov, err = _winapi.WriteFile(self._handle, buf, overlapped=True)
              ~~~~~~~~~~~~~~~~~^^^^^^^^^^^^^^^^^^^^^^^^^^^^^^^^^^^^
BrokenPipeError: [WinError 232] Se está cerrando la canalización

During handling of the above exception, another exception occurred:

Traceback (most recent call last):
  File "C:\Users\fsant\AppData\Local\Programs\Python\Python313\Lib\multiprocessing\process.py", line 313, in _bootstrap
    self.run()
    ~~~~~~~~^^
  File "C:\Users\fsant\AppData\Local\Programs\Python\Python313\Lib\multiprocessing\process.py", line 108, in run
    self._target(*self._args, **self._kwargs)
    ~~~~~~~~~~~~^^^^^^^^^^^^^^^^^^^^^^^^^^^^^
  File "C:\Users\fsant\AppData\Local\Programs\Python\Python313\Lib\multiprocessing\pool.py", line 136, in worker
    put((job, i, (False, wrapped)))
    ~~~^^^^^^^^^^^^^^^^^^^^^^^^^^^^
  File "C:\Users\fsant\AppData\Local\Programs\Python\Python313\Lib\multiprocessing\queues.py", line 394, in put
    self._writer.send_bytes(obj)
    ~~~~~~~~~~~~~~~~~~~~~~~^^^^^
  File "C:\Users\fsant\AppData\Local\Programs\Python\Python313\Lib\multiprocessing\connection.py", line 205, in send_bytes
    self._send_bytes(m[offset:offset + size])
    ~~~~~~~~~~~~~~~~^^^^^^^^^^^^^^^^^^^^^^^^^
  File "C:\Users\fsant\AppData\Local\Programs\Python\Python313\Lib\multiprocessing\connection.py", line 294, in _send_bytes
    ov, err = _winapi.WriteFile(self._handle, buf, overlapped=True)
              ~~~~~~~~~~~~~~~~~^^^^^^^^^^^^^^^^^^^^^^^^^^^^^^^^^^^^
BrokenPipeError: [WinError 232] Se está cerrando la canalización
Process SpawnPoolWorker-6:
Traceback (most recent call last):
  File "C:\Users\fsant\AppData\Local\Programs\Python\Python313\Lib\multiprocessing\pool.py", line 131, in worker
    put((job, i, result))
    ~~~^^^^^^^^^^^^^^^^^^
  File "C:\Users\fsant\AppData\Local\Programs\Python\Python313\Lib\multiprocessing\queues.py", line 394, in put
    self._writer.send_bytes(obj)
    ~~~~~~~~~~~~~~~~~~~~~~~^^^^^
  File "C:\Users\fsant\AppData\Local\Programs\Python\Python313\Lib\multiprocessing\connection.py", line 205, in send_bytes
    self._send_bytes(m[offset:offset + size])
    ~~~~~~~~~~~~~~~~^^^^^^^^^^^^^^^^^^^^^^^^^
  File "C:\Users\fsant\AppData\Local\Programs\Python\Python313\Lib\multiprocessing\connection.py", line 294, in _send_bytes
    ov, err = _winapi.WriteFile(self._handle, buf, overlapped=True)
              ~~~~~~~~~~~~~~~~~^^^^^^^^^^^^^^^^^^^^^^^^^^^^^^^^^^^^
BrokenPipeError: [WinError 232] Se está cerrando la canalización

During handling of the above exception, another exception occurred:

Traceback (most recent call last):
  File "C:\Users\fsant\AppData\Local\Programs\Python\Python313\Lib\multiprocessing\process.py", line 313, in _bootstrap
    self.run()
    ~~~~~~~~^^
  File "C:\Users\fsant\AppData\Local\Programs\Python\Python313\Lib\multiprocessing\process.py", line 108, in run
    self._target(*self._args, **self._kwargs)
    ~~~~~~~~~~~~^^^^^^^^^^^^^^^^^^^^^^^^^^^^^
  File "C:\Users\fsant\AppData\Local\Programs\Python\Python313\Lib\multiprocessing\pool.py", line 136, in worker
    put((job, i, (False, wrapped)))
    ~~~^^^^^^^^^^^^^^^^^^^^^^^^^^^^
  File "C:\Users\fsant\AppData\Local\Programs\Python\Python313\Lib\multiprocessing\queues.py", line 394, in put
    self._writer.send_bytes(obj)
    ~~~~~~~~~~~~~~~~~~~~~~~^^^^^
  File "C:\Users\fsant\AppData\Local\Programs\Python\Python313\Lib\multiprocessing\connection.py", line 205, in send_bytes
    self._send_bytes(m[offset:offset + size])
    ~~~~~~~~~~~~~~~~^^^^^^^^^^^^^^^^^^^^^^^^^
  File "C:\Users\fsant\AppData\Local\Programs\Python\Python313\Lib\multiprocessing\connection.py", line 294, in _send_bytes
    ov, err = _winapi.WriteFile(self._handle, buf, overlapped=True)
              ~~~~~~~~~~~~~~~~~^^^^^^^^^^^^^^^^^^^^^^^^^^^^^^^^^^^^
BrokenPipeError: [WinError 232] Se está cerrando la canalización
Process SpawnPoolWorker-11:
Traceback (most recent call last):
  File "C:\Users\fsant\AppData\Local\Programs\Python\Python313\Lib\multiprocessing\pool.py", line 131, in worker
    put((job, i, result))
    ~~~^^^^^^^^^^^^^^^^^^
  File "C:\Users\fsant\AppData\Local\Programs\Python\Python313\Lib\multiprocessing\queues.py", line 394, in put
    self._writer.send_bytes(obj)
    ~~~~~~~~~~~~~~~~~~~~~~~^^^^^
  File "C:\Users\fsant\AppData\Local\Programs\Python\Python313\Lib\multiprocessing\connection.py", line 205, in send_bytes
    self._send_bytes(m[offset:offset + size])
    ~~~~~~~~~~~~~~~~^^^^^^^^^^^^^^^^^^^^^^^^^
  File "C:\Users\fsant\AppData\Local\Programs\Python\Python313\Lib\multiprocessing\connection.py", line 294, in _send_bytes
    ov, err = _winapi.WriteFile(self._handle, buf, overlapped=True)
              ~~~~~~~~~~~~~~~~~^^^^^^^^^^^^^^^^^^^^^^^^^^^^^^^^^^^^
BrokenPipeError: [WinError 232] Se está cerrando la canalización

During handling of the above exception, another exception occurred:

Traceback (most recent call last):
  File "C:\Users\fsant\AppData\Local\Programs\Python\Python313\Lib\multiprocessing\process.py", line 313, in _bootstrap
    self.run()
    ~~~~~~~~^^
  File "C:\Users\fsant\AppData\Local\Programs\Python\Python313\Lib\multiprocessing\process.py", line 108, in run
    self._target(*self._args, **self._kwargs)
    ~~~~~~~~~~~~^^^^^^^^^^^^^^^^^^^^^^^^^^^^^
  File "C:\Users\fsant\AppData\Local\Programs\Python\Python313\Lib\multiprocessing\pool.py", line 136, in worker
    put((job, i, (False, wrapped)))
    ~~~^^^^^^^^^^^^^^^^^^^^^^^^^^^^
  File "C:\Users\fsant\AppData\Local\Programs\Python\Python313\Lib\multiprocessing\queues.py", line 394, in put
    self._writer.send_bytes(obj)
    ~~~~~~~~~~~~~~~~~~~~~~~^^^^^
  File "C:\Users\fsant\AppData\Local\Programs\Python\Python313\Lib\multiprocessing\connection.py", line 205, in send_bytes
    self._send_bytes(m[offset:offset + size])
    ~~~~~~~~~~~~~~~~^^^^^^^^^^^^^^^^^^^^^^^^^
  File "C:\Users\fsant\AppData\Local\Programs\Python\Python313\Lib\multiprocessing\connection.py", line 294, in _send_bytes
    ov, err = _winapi.WriteFile(self._handle, buf, overlapped=True)
              ~~~~~~~~~~~~~~~~~^^^^^^^^^^^^^^^^^^^^^^^^^^^^^^^^^^^^
BrokenPipeError: [WinError 232] Se está cerrando la canalización
Process SpawnPoolWorker-8:
Traceback (most recent call last):
  File "C:\Users\fsant\AppData\Local\Programs\Python\Python313\Lib\multiprocessing\pool.py", line 131, in worker
    put((job, i, result))
    ~~~^^^^^^^^^^^^^^^^^^
  File "C:\Users\fsant\AppData\Local\Programs\Python\Python313\Lib\multiprocessing\queues.py", line 394, in put
    self._writer.send_bytes(obj)
    ~~~~~~~~~~~~~~~~~~~~~~~^^^^^
  File "C:\Users\fsant\AppData\Local\Programs\Python\Python313\Lib\multiprocessing\connection.py", line 205, in send_bytes
    self._send_bytes(m[offset:offset + size])
    ~~~~~~~~~~~~~~~~^^^^^^^^^^^^^^^^^^^^^^^^^
  File "C:\Users\fsant\AppData\Local\Programs\Python\Python313\Lib\multiprocessing\connection.py", line 294, in _send_bytes
    ov, err = _winapi.WriteFile(self._handle, buf, overlapped=True)
              ~~~~~~~~~~~~~~~~~^^^^^^^^^^^^^^^^^^^^^^^^^^^^^^^^^^^^
BrokenPipeError: [WinError 232] Se está cerrando la canalización

During handling of the above exception, another exception occurred:

Traceback (most recent call last):
  File "C:\Users\fsant\AppData\Local\Programs\Python\Python313\Lib\multiprocessing\process.py", line 313, in _bootstrap
    self.run()
    ~~~~~~~~^^
  File "C:\Users\fsant\AppData\Local\Programs\Python\Python313\Lib\multiprocessing\process.py", line 108, in run
    self._target(*self._args, **self._kwargs)
    ~~~~~~~~~~~~^^^^^^^^^^^^^^^^^^^^^^^^^^^^^
  File "C:\Users\fsant\AppData\Local\Programs\Python\Python313\Lib\multiprocessing\pool.py", line 136, in worker
    put((job, i, (False, wrapped)))
    ~~~^^^^^^^^^^^^^^^^^^^^^^^^^^^^
  File "C:\Users\fsant\AppData\Local\Programs\Python\Python313\Lib\multiprocessing\queues.py", line 394, in put
    self._writer.send_bytes(obj)
    ~~~~~~~~~~~~~~~~~~~~~~~^^^^^
  File "C:\Users\fsant\AppData\Local\Programs\Python\Python313\Lib\multiprocessing\connection.py", line 205, in send_bytes
    self._send_bytes(m[offset:offset + size])
    ~~~~~~~~~~~~~~~~^^^^^^^^^^^^^^^^^^^^^^^^^
  File "C:\Users\fsant\AppData\Local\Programs\Python\Python313\Lib\multiprocessing\connection.py", line 294, in _send_bytes
    ov, err = _winapi.WriteFile(self._handle, buf, overlapped=True)
              ~~~~~~~~~~~~~~~~~^^^^^^^^^^^^^^^^^^^^^^^^^^^^^^^^^^^^
BrokenPipeError: [WinError 232] Se está cerrando la canalización
