{"budget_seconds":60,"event":"run_start","experiment":"EXP-004"}
{"event":"stage_start","stage":"symbolic"}
{"event":"stage_pass","stage":"symbolic"}
{"event":"stage_start","stage":"relaxation"}
{"event":"stage_pass","stage":"relaxation"}
{"event":"stage_start","stage":"sharpness"}
{"event":"stage_pass","stage":"sharpness"}
{"event":"stage_start","stage":"threshold"}
{"event":"stage_pass","stage":"threshold"}
{"event":"stage_start","stage":"census"}
{"completed_vectors":2000,"event":"census_progress"}
{"completed_vectors":4000,"event":"census_progress"}
{"completed_vectors":6000,"event":"census_progress"}
{"completed_vectors":8000,"event":"census_progress"}
{"completed_vectors":10000,"event":"census_progress"}
{"completed_vectors":12000,"event":"census_progress"}
{"completed_vectors":14000,"event":"census_progress"}
{"completed_vectors":16000,"event":"census_progress"}
{"completed_vectors":18000,"event":"census_progress"}
{"event":"run_pass","result_sha256":"bc9e28ca1792657e24da77268e6e2108c3f52684b7e16504f07b32cfce014d6e"}
