L[1]=r14^4*r23^4
L[2]=r12^3*r13^3*r24^3
L[3]=r12*r13*r14*r15*r23*r24*r25*r34*r35*r45*t
L[4]=r12^3*r13^3*r14*r15*r23*r25*r34^4*r35*r45*t
L[5]=r12*r13*r15^5*r23^4*r24*r25*r34*r35*r45*t
L[6]=r12^3*r14*r15*r23*r24^4*r25*r34^4*r35*r45*t
L[7]=r12*r13^5*r14*r15*r24^5*r25*r34*r35*r45*t
L[8]=r13^4*r14*r15*r23*r24^4*r25*r34^4*r35*r45*t
L[9]=r12^3*r13*r14*r15^5*r24^5*r25*r34*r35*r45*t
L[10]=r12^3*r13^7*r14*r15*r24*r25^5*r34*r35*r45*t
L[11]=r12^3*r13^3*r15^5*r23^4*r25*r34^4*r35*r45*t
L[12]=r13^7*r14*r15*r24^7*r25*r34^4*r35*r45*t
L[13]=r12^3*r15^5*r23^4*r24^4*r25*r34^4*r35*r45*t
L[14]=2*r12^4*r13^2*r14*r15^3*r24^7*r25*r34^4*r35*r45*t
L[15]=r13^4*r15^5*r23^4*r24^4*r25*r34^4*r35*r45*t
L[16]=2*r12^4*r13^8*r14*r15*r24^2*r25^3*r34^4*r35*r45*t
L[17]=r12^4*r14*r15^7*r24^7*r25*r34^4*r35*r45*t
L[18]=2*r12^4*r13^6*r14^3*r15*r24^2*r25^5*r34^4*r35*r45*t
L[19]=2*r12^4*r13^5*r14^5*r15*r24^2*r25^5*r34^4*r35*r45*t
L[20]=r12^4*r13^10*r14*r15*r25^7*r34^4*r35*r45*t
SING_OK
