L[1]=r14^4*r23^4
L[2]=r12^3*r14^3*r23^3
L[3]=r12*r13*r14*r15*r23*r24*r25*r34*r35*r45*t
L[4]=2*r12^3*r14^2*r15^2*r23^4
L[5]=r12^3*r14*r15^4*r23^4
L[6]=r12^3*r15^6*r23^4
L[7]=2*r12^3*r13^2*r14^5*r23^2*r24^2
L[8]=r12^3*r13^4*r14^3*r23*r24^4
L[9]=r12^3*r13*r14^3*r15*r24*r25*r34^4*r35*r45*t
L[10]=r12*r13*r15^5*r23^4*r24*r25*r34*r35*r45*t
L[11]=r12^3*r13*r15*r23^4*r24*r25*r34^4*r35*r45*t
L[12]=r12*r13^5*r14*r15*r24^5*r25*r34*r35*r45*t
L[13]=r12^3*r13*r15^4*r23^4*r24*r25*r34*r35*r45*t
L[14]=r12^3*r13^6*r14^3*r24^6
L[15]=2*r13*r14^2*r15^3*r23^4*r24*r25*r34^4*r35*r45*t
L[16]=2*r12^3*r13^3*r14^3*r23^2*r24^3*r25*r34*r35*r45*t
L[17]=r12^3*r13^5*r14*r23*r24^5*r25*r34*r35*r45*t
L[18]=2*r12^3*r14^5*r15^3*r23^2*r24^2*r25*r34*r35*r45*t
L[19]=r13*r15^7*r23^4*r24*r25*r34^4*r35*r45*t
L[20]=r13*r14*r15^6*r23^4*r24*r25*r34^4*r35*r45*t
L[21]=2*r12^3*r14^3*r15^4*r23^2*r24^4*r25*r34*r35*r45*t
L[22]=r12^3*r14^3*r15^5*r23*r24^4*r25*r34*r35*r45*t
L[23]=r12^3*r13^5*r14^3*r15*r24^4*r25*r34*r35*r45*t
L[24]=2*r13^3*r14^5*r15*r23^2*r24^3*r25*r34^4*r35*r45*t
L[25]=2*r12^4*r13^3*r14^2*r23^2*r24^3*r25*r34^4*r35*r45*t
L[26]=r12^3*r13^5*r14^3*r15*r23*r25^5*r34*r35*r45*t
L[27]=r12^3*r13^7*r14*r24^6*r25*r34*r35*r45*t
L[28]=2*r12^4*r13^3*r15^3*r23^2*r24^3*r25*r34^4*r35*r45*t
L[29]=r12^3*r13^5*r15*r23^2*r24^5*r25*r34^4*r35*r45*t
L[30]=r12^3*r13^5*r15*r23^3*r24^4*r25*r34^4*r35*r45*t
L[31]=r12^3*r13^4*r14^3*r15^3*r24^6*r25*r34*r35*r45*t
L[32]=r13^5*r14^4*r15*r23^2*r24^5*r25*r34^4*r35*r45*t
L[33]=r13^5*r14^4*r15*r23^3*r24^4*r25*r34^4*r35*r45*t
L[34]=2*r12^4*r13^3*r14^6*r15*r23^2*r25^3*r34^4*r35*r45*t
L[35]=r12^3*r13^7*r15*r24^7*r25*r34^4*r35*r45*t
L[36]=2*r12^4*r13^7*r24^7*r25*r34^4*r35*r45*t
L[37]=r12^3*r13^7*r15*r23*r24^6*r25*r34^4*r35*r45*t
L[38]=r13^7*r14^4*r15*r24^7*r25*r34^4*r35*r45*t
L[39]=r13^7*r14^4*r15*r23*r24^6*r25*r34^4*r35*r45*t
L[40]=2*r12^3*r14^3*r15^7*r24^6*r25*r34^4*r35*r45*t
L[41]=2*r12^4*r13^7*r14^4*r15*r25^7*r34^4*r35*r45*t
SING_OK
