L[1]=r14^4*r23^4
L[2]=r12^3*r14^3*r25^3
L[3]=r12*r13*r14*r15*r23*r24*r25*r34*r35*r45*t
L[4]=2*r12^3*r14^2*r15^2*r23^4*r25^3
L[5]=r12^3*r14*r15^4*r23^4*r25^3
L[6]=r12^3*r15^6*r23^4*r25^3
L[7]=r12^3*r13*r14^3*r15*r23*r24*r34*r35*r45^4*t
L[8]=r12*r13*r15^5*r23^4*r24*r25*r34*r35*r45*t
L[9]=r12^3*r13*r15*r23*r24*r25^4*r34*r35*r45^4*t
L[10]=r12*r13^5*r14*r15*r24^5*r25*r34*r35*r45*t
L[11]=r13*r14^4*r15*r23*r24*r25^4*r34*r35*r45^4*t
L[12]=r12^3*r13*r15^4*r23^4*r24*r25^3*r34*r35*r45*t
L[13]=2*r12^3*r13*r14^2*r15^3*r23^4*r24*r34*r35*r45^4*t
L[14]=r12^3*r13^5*r14*r24^5*r25^3*r34*r35*r45*t
L[15]=2*r13*r14^2*r15^3*r23^4*r24*r25^4*r34*r35*r45^4*t
L[16]=r12^3*r13*r14*r15^5*r23^4*r24*r34*r35*r45^4*t
L[17]=r12^3*r13*r15^7*r23^4*r24*r34*r35*r45^4*t
L[18]=r13*r15^7*r23^4*r24*r25^4*r34*r35*r45^4*t
L[19]=r13*r14*r15^6*r23^4*r24*r25^4*r34*r35*r45^4*t
L[20]=r12^3*r13^5*r14^3*r15*r24^5*r34*r35*r45^4*t
L[21]=r12^3*r13^5*r15*r24^5*r25^4*r34*r35*r45^4*t
L[22]=2*r12^4*r13^3*r14^2*r23^2*r24^3*r25^4*r34*r35*r45^4*t
L[23]=r13^5*r14^4*r15*r24^5*r25^4*r34*r35*r45^4*t
L[24]=2*r12^4*r13^7*r24^7*r25^4*r34*r35*r45^4*t
SING_OK
