L[1]=r14^4*r23^4
L[2]=r13^3*r14^3*r35^3
L[3]=r12*r13*r14*r15*r23*r24*r25*r34*r35*r45*t
L[4]=2*r13^3*r14^2*r15^2*r23^4*r35^3
L[5]=r13^3*r14*r15^4*r23^4*r35^3
L[6]=r13^3*r15^6*r23^4*r35^3
L[7]=r12*r13^3*r14^3*r15*r23*r24*r25*r34*r45^4*t
L[8]=r12*r13*r15^5*r23^4*r24*r25*r34*r35*r45*t
L[9]=r12*r13^3*r15*r23*r24*r25*r34*r35^4*r45^4*t
L[10]=r12*r13^5*r14*r15*r24^5*r25*r34*r35*r45*t
L[11]=r12*r14^4*r15*r23*r24*r25*r34*r35^4*r45^4*t
L[12]=r12*r13^3*r15^4*r23^4*r24*r25*r34*r35^3*r45*t
L[13]=2*r12*r13^3*r14^2*r15^3*r23^4*r24*r25*r34*r45^4*t
L[14]=r12*r13^7*r14*r24^5*r25*r34*r35^3*r45*t
L[15]=2*r12*r14^2*r15^3*r23^4*r24*r25*r34*r35^4*r45^4*t
L[16]=r12*r13^3*r14*r15^5*r23^4*r24*r25*r34*r45^4*t
L[17]=r12*r13*r14^3*r15^5*r24^5*r25*r34*r35^3*r45*t
L[18]=r12*r13^3*r15^7*r23^4*r24*r25*r34*r45^4*t
L[19]=r12*r15^7*r23^4*r24*r25*r34*r35^4*r45^4*t
L[20]=r12*r14*r15^6*r23^4*r24*r25*r34*r35^4*r45^4*t
L[21]=r12*r13^7*r14^3*r15*r24^5*r25*r34*r45^4*t
L[22]=r12*r13^7*r15*r24^5*r25*r34*r35^4*r45^4*t
L[23]=2*r12*r13^6*r14^2*r23^2*r24^3*r25*r34*r35^4*r45^4*t
L[24]=2*r12*r13^2*r14^4*r15^3*r24^5*r25*r34*r35^4*r45^4*t
L[25]=r12*r13^9*r24^7*r25*r34*r35^4*r45^4*t
L[26]=r12*r14^4*r15^7*r24^5*r25*r34*r35^4*r45^4*t
SING_OK
