L[1]=r12^3*r14^3*r25^3
L[2]=r14^3*r15^3*r24^3
L[3]=r12^3*r15^3*r24^3
L[4]=r12*r13*r14*r15*r23*r24*r25*r34*r35*r45*t
L[5]=r12^3*r13*r14*r15^3*r23*r25*r34*r35*r45^4*t
L[6]=r12^3*r13*r14^3*r15*r23*r24*r34*r35*r45^4*t
L[7]=r12*r13*r14^3*r15^3*r23*r25^4*r34*r35*r45*t
L[8]=r12^3*r13*r15*r23*r24*r25^4*r34*r35*r45^4*t
L[9]=r12^3*r13*r14*r23*r24^4*r25*r34*r35*r45^4*t
L[10]=r12*r13*r14^3*r23*r24^4*r25^4*r34*r35*r45*t
L[11]=r13*r14^4*r15*r23*r24*r25^4*r34*r35*r45^4*t
L[12]=r13*r14*r15^4*r23*r24^4*r25*r34*r35*r45^4*t
L[13]=r12*r13*r15^4*r23*r24^4*r25^4*r34*r35*r45*t
L[14]=r13*r14^3*r15^3*r23*r25^6*r34*r35*r45^4*t
L[15]=r13*r14^3*r15^4*r23*r24*r25^4*r34*r35*r45^4*t
L[16]=r12^4*r13*r14^3*r15^3*r23*r34*r35*r45^7*t
L[17]=r12^4*r13*r15^3*r23*r25^4*r34*r35*r45^7*t
L[18]=r12^4*r13*r14^3*r23*r24^4*r34*r35*r45^7*t
L[19]=r13*r14^4*r23*r24^4*r25^6*r34*r35*r45^4*t
L[20]=r13*r14^3*r15*r23*r24^6*r25^4*r34*r35*r45^4*t
L[21]=r12^4*r13*r23*r24^4*r25^4*r34*r35*r45^7*t
L[22]=r13*r14^3*r23*r24^6*r25^6*r34*r35*r45^4*t
L[23]=r13*r15^6*r23*r24^6*r25^4*r34*r35*r45^4*t
SING_OK
