L[1]=r13^3*r14^3*r35^3
L[2]=r14^3*r15^3*r34^3
L[3]=r13^3*r15^3*r34^3
L[4]=r12*r13*r14*r15*r23*r24*r25*r34*r35*r45*t
L[5]=r12*r13^3*r14*r15^3*r23*r24*r25*r35*r45^4*t
L[6]=r12*r13^3*r14^3*r15*r23*r24*r25*r34*r45^4*t
L[7]=r12*r13*r14^3*r15^3*r23*r24*r25*r35^4*r45*t
L[8]=r12*r13^3*r15*r23*r24*r25*r34*r35^4*r45^4*t
L[9]=r12*r13^3*r14*r23*r24*r25*r34^4*r35*r45^4*t
L[10]=r12*r13*r14^3*r23*r24*r25*r34^4*r35^4*r45*t
L[11]=r12*r14^4*r15*r23*r24*r25*r34*r35^4*r45^4*t
L[12]=r12*r14*r15^4*r23*r24*r25*r34^4*r35*r45^4*t
L[13]=r12*r13*r15^4*r23*r24*r25*r34^4*r35^4*r45*t
L[14]=r12*r14^3*r15^3*r23*r24*r25*r35^6*r45^4*t
L[15]=r12*r14^3*r15^4*r23*r24*r25*r34*r35^4*r45^4*t
L[16]=r12*r13^4*r14^3*r15^3*r23*r24*r25*r45^7*t
L[17]=r12*r13^4*r15^3*r23*r24*r25*r35^4*r45^7*t
L[18]=r12*r13^4*r14^3*r23*r24*r25*r34^4*r45^7*t
L[19]=r12*r14^4*r23*r24*r25*r34^4*r35^6*r45^4*t
L[20]=r12*r14^3*r15*r23*r24*r25*r34^6*r35^4*r45^4*t
L[21]=r12*r13^4*r23*r24*r25*r34^4*r35^4*r45^7*t
L[22]=r12*r14^3*r23*r24*r25*r34^6*r35^6*r45^4*t
L[23]=r12*r15^6*r23*r24*r25*r34^6*r35^4*r45^4*t
SING_OK
