L[1]=r12^3*r13^3*r25^3
L[2]=r12^3*r13^3*r24^3
L[3]=r12*r13*r14*r15*r23*r24*r25*r34*r35*r45*t
L[4]=r13^3*r24^3*r25^3*r34^3
L[5]=r12^3*r24^3*r25^3*r34^3
L[6]=r12^3*r13^3*r14*r15*r23*r24*r34*r35^4*r45*t
L[7]=r12^3*r13^3*r14*r15*r23*r25*r34^4*r35*r45*t
L[8]=r12^3*r14*r15*r23*r24*r25^4*r34*r35^4*r45*t
L[9]=r14*r15*r23*r24^4*r25^4*r34^4*r35*r45*t
L[10]=r12^3*r14*r15*r23*r24^4*r25*r34^4*r35*r45*t
L[11]=r13^4*r14*r15*r23*r24*r25^4*r34*r35^4*r45*t
L[12]=r12^3*r14*r15*r23*r24^3*r25^3*r34*r35^4*r45*t
L[13]=r12*r13^3*r14*r15*r23*r24^3*r25^3*r35^4*r45*t
L[14]=r12^3*r13*r14*r15*r23*r24^3*r25^3*r35^4*r45*t
L[15]=r13^4*r14*r15*r23*r24^4*r25*r34^4*r35*r45*t
L[16]=r12*r13^3*r14*r15*r23*r24^3*r34^4*r35^4*r45*t
L[17]=r12^3*r13*r14*r15*r23*r24^3*r34^4*r35^4*r45*t
L[18]=r13^4*r14*r15*r23*r24^3*r25^3*r34*r35^4*r45*t
L[19]=r12^3*r13^3*r14*r15*r23*r34^6*r35^4*r45*t
L[20]=r12*r13^3*r14*r15*r23*r25^4*r34^4*r35^4*r45*t
L[21]=r12^3*r13*r14*r15*r23*r25^4*r34^4*r35^4*r45*t
L[22]=r12^4*r13^4*r14*r15*r23*r34^4*r35^4*r45*t
L[23]=r12^3*r14*r15*r23*r24^3*r25^4*r35^7*r45*t
L[24]=r12^3*r14*r15*r23*r24^4*r34^6*r35^4*r45*t
L[25]=r12^3*r14*r15*r23*r24^3*r25*r34^4*r35^7*r45*t
L[26]=r13^4*r14*r15*r23*r24^3*r25^4*r35^7*r45*t
L[27]=r13^4*r14*r15*r23*r24^4*r34^6*r35^4*r45*t
L[28]=r13^4*r14*r15*r23*r24^3*r25*r34^4*r35^7*r45*t
L[29]=r12^3*r14*r15*r23*r25^6*r34^4*r35^7*r45*t
L[30]=r13^4*r14*r15*r23*r25^6*r34^4*r35^7*r45*t
SING_OK
