_application PolyhedralFan
_version 2.2
_type PolyhedralFan

AMBIENT_DIM
7

LINEALITY_DIM
0

RAYS
3 -1 5 6 8 9 14	# 0
6 0 -14 -17 -17 -20 4	# 1
2 0 0 0 -1 -1 0	# 2
3 0 0 0 1 1 0	# 3
3 0 0 0 0 1 0	# 4
2 0 0 0 -1 -1 -2	# 5
2 0 0 0 -1 -2 -3	# 6
6 2 -4 -7 2 2 -13	# 7
1 0 0 0 0 0 0	# 8
3 0 0 0 1 0 0	# 9
6 0 0 0 -3 2 -3	# 10
2 0 0 0 -1 0 -1	# 11
6 0 0 3 -3 3 5	# 12
1 0 1 2 -1 1 2	# 13
0 -1 2 2 -1 0 2	# 14
0 -1 0 -1 -1 0 -1	# 15
3 -8 0 -11 -11 1 -14	# 16
3 0 0 0 0 1 2	# 17
6 -12 -15 0 2 -21 -24	# 18
0 -1 -1 0 0 -1 -1	# 19
6 0 0 0 2 -3 -3	# 20
2 0 0 0 0 -1 -1	# 21
0 0 -1 -1 -1 -1 0	# 22
3 1 -2 3 7 10 9	# 23
1 0 0 0 1 1 2	# 24
1 0 0 0 2 2 3	# 25
2 0 0 0 -1 2 -1	# 26
3 0 0 0 6 6 8	# 27
3 0 0 0 3 3 5	# 28
9 0 0 0 3 5 3	# 29
3 0 0 0 1 3 1	# 30
3 0 0 0 3 1 1	# 31
9 0 0 0 8 3 3	# 32
1 0 0 0 1 0 0	# 33
3 0 0 0 2 0 0	# 34
2 0 0 0 2 1 1	# 35
1 0 0 0 0 1 0	# 36
1 0 0 0 1 1 1	# 37
3 0 0 0 2 1 1	# 38
6 0 0 0 4 3 3	# 39
9 0 0 0 5 3 3	# 40
6 0 0 0 4 4 3	# 41
6 0 0 0 4 -3 -3	# 42
3 0 0 0 2 3 2	# 43
9 0 0 0 6 7 6	# 44
2 0 0 0 2 -1 -1	# 45
3 0 0 0 3 3 4	# 46
6 0 0 0 -3 -3 4	# 47
3 0 0 0 1 1 1	# 48
3 0 0 0 0 0 2	# 49
3 0 0 0 1 1 2	# 50
3 0 0 0 1 0 2	# 51
2 0 0 0 -1 -1 4	# 52
1 0 0 0 0 0 2	# 53
2 0 -1 -1 -1 -1 3	# 54
1 0 0 0 -1 -1 2	# 55
3 0 2 2 0 0 8	# 56
3 0 1 1 0 0 7	# 57
6 0 0 -3 -3 2 4	# 58
3 0 0 0 2 2 6	# 59
3 0 1 1 2 2 7	# 60
3 0 0 -3 -3 1 2	# 61
0 0 0 -1 -1 0 0	# 62
11 0 -5 -5 4 4 17	# 63
4 0 -2 -2 1 1 6	# 64
9 0 0 0 5 3 6	# 65
6 0 0 0 4 3 5	# 66
1 0 1 1 0 0 3	# 67
9 0 0 0 3 3 8	# 68
6 0 0 0 4 3 6	# 69
9 0 0 0 6 6 10	# 70
3 0 0 0 2 2 2	# 71
9 0 0 0 3 5 8	# 72
9 0 0 0 6 7 10	# 73
3 0 0 0 2 2 3	# 74
3 0 0 0 1 1 3	# 75
1 0 0 0 0 0 1	# 76
2 0 0 0 -1 -1 2	# 77
12 0 6 -9 6 -15 8	# 78
3 0 0 0 2 2 4	# 79
3 0 2 2 0 0 5	# 80
3 0 0 0 -3 -3 4	# 81
9 0 0 0 6 6 13	# 82
9 0 3 3 6 6 16	# 83
3 0 1 1 0 0 4	# 84
2 0 -1 -1 -1 -1 2	# 85
1 0 1 1 0 0 2	# 86

N_RAYS
87

LINEALITY_SPACE

ORTH_LINEALITY_SPACE
-1 0 0 0 0 0 0	# 0
0 -1 0 0 0 0 0	# 1
0 0 -1 0 0 0 0	# 2
0 0 0 -1 0 0 0	# 3
0 0 0 0 -1 0 0	# 4
0 0 0 0 0 -1 0	# 5
0 0 0 0 0 0 -1	# 6

F_VECTOR
82 162 107 23

CONES
{0}	# Dimension 1
{1}
{2}
{3}
{4}
{5}
{6}
{7}
{8}
{9}
{10}
{11}
{12}
{13}
{16}
{17}
{18}
{20}
{21}
{23}
{24}
{25}
{26}
{27}
{28}
{29}
{30}
{31}
{32}
{33}
{34}
{35}
{36}
{37}
{38}
{39}
{40}
{41}
{42}
{43}
{44}
{45}
{46}
{47}
{48}
{49}
{50}
{51}
{52}
{53}
{54}
{55}
{56}
{57}
{58}
{59}
{60}
{61}
{63}
{64}
{65}
{66}
{67}
{68}
{69}
{70}
{71}
{72}
{73}
{74}
{75}
{76}
{77}
{78}
{79}
{80}
{81}
{82}
{83}
{84}
{85}
{86}
{1 22}	# Dimension 2
{2 8}
{2 11}
{2 21}
{2 47}
{3 4}
{3 9}
{3 29}
{3 40}
{3 41}
{3 48}
{4 8}
{4 10}
{4 17}
{4 29}
{4 36}
{4 48}
{5 6}
{5 11}
{5 21}
{8 9}
{8 11}
{8 21}
{8 48}
{8 49}
{9 20}
{9 34}
{9 40}
{9 48}
{9 51}
{10 11}
{10 26}
{12 17}
{13 14}
{15 16}
{17 49}
{17 50}
{17 58}
{17 72}
{18 19}
{20 21}
{20 42}
{24 25}
{24 28}
{24 59}
{25 27}
{26 36}
{27 28}
{28 46}
{28 79}
{28 82}
{29 30}
{29 44}
{29 48}
{29 72}
{30 36}
{30 43}
{31 32}
{31 33}
{31 35}
{32 34}
{32 35}
{32 38}
{33 34}
{33 45}
{34 38}
{34 42}
{35 37}
{37 39}
{37 41}
{37 43}
{37 44}
{37 46}
{37 71}
{38 39}
{38 40}
{39 40}
{39 41}
{39 66}
{39 71}
{40 48}
{40 65}
{41 44}
{42 45}
{43 44}
{44 71}
{44 73}
{46 66}
{46 69}
{46 70}
{46 73}
{46 74}
{47 49}
{47 77}
{48 50}
{48 71}
{49 50}
{49 51}
{49 68}
{49 76}
{50 51}
{50 65}
{50 68}
{50 72}
{50 74}
{51 65}
{51 68}
{51 69}
{52 53}
{52 54}
{52 55}
{52 57}
{52 77}
{53 54}
{53 57}
{53 59}
{53 76}
{54 64}
{54 85}
{55 81}
{56 57}
{56 67}
{56 80}
{57 60}
{57 84}
{58 61}
{59 60}
{59 63}
{59 82}
{60 83}
{61 62}
{63 64}
{63 82}
{64 85}
{65 66}
{66 69}
{66 74}
{67 86}
{68 70}
{68 72}
{68 75}
{69 70}
{70 73}
{70 74}
{70 79}
{71 74}
{72 73}
{73 74}
{75 76}
{75 79}
{76 77}
{76 82}
{76 84}
{76 85}
{77 81}
{77 84}
{77 85}
{79 82}
{80 84}
{80 86}
{82 83}
{83 84}
{2 8 11}	# Dimension 3
{2 8 21}
{2 8 47 49}
{3 4 8 9}
{3 4 29}
{3 4 48}
{3 9 40}
{3 9 48}
{3 29 41 44}
{3 29 48}
{3 39 40 41}
{3 40 48}
{4 8 10 11}
{4 8 17 49}
{4 8 48}
{4 10 26 36}
{4 17 29 72}
{4 17 48 50}
{4 29 30 36}
{4 29 48}
{5 8 11 21}
{8 9 20 21}
{8 9 48}
{8 9 49 51}
{8 48 49 50}
{9 20 34 42}
{9 34 38 40}
{9 40 48}
{9 40 51 65}
{9 48 50 51}
{17 49 50}
{17 49 68 72}
{17 50 72}
{24 25 27 28}
{24 28 59 82}
{28 46 70 79}
{28 79 82}
{29 30 43 44}
{29 44 48 71}
{29 44 72 73}
{29 48 50 72}
{31 32 33 34}
{31 32 35}
{32 34 38}
{32 35 37 38 39}
{33 34 42 45}
{37 39 41}
{37 39 46 66}
{37 39 71}
{37 41 44}
{37 43 44}
{37 44 46 73}
{37 44 71}
{37 46 71 74}
{38 39 40}
{39 40 48 71}
{39 40 65 66}
{39 41 44 71}
{39 66 71 74}
{40 48 50 65}
{44 71 73 74}
{46 66 69}
{46 66 74}
{46 69 70}
{46 70 73}
{46 70 74}
{46 73 74}
{47 49 76 77}
{48 50 71 74}
{49 50 51}
{49 50 68}
{49 51 68}
{49 68 75 76}
{50 51 65}
{50 51 68}
{50 65 66 74}
{50 68 70 74}
{50 68 72}
{50 72 73 74}
{51 65 66 69}
{51 68 69 70}
{52 53 54}
{52 53 57}
{52 53 76 77}
{52 54 77 85}
{52 55 77 81}
{52 57 77 84}
{53 54 59 63 64}
{53 54 76 85}
{53 57 59 60}
{53 57 76 84}
{53 59 76 82}
{54 64 85}
{56 57 80 84}
{56 67 80 86}
{57 60 83 84}
{59 60 82 83}
{59 63 82}
{63 64 76 82 85}
{66 69 70 74}
{68 70 72 73}
{68 70 75 79}
{70 73 74}
{75 76 79 82}
{76 77 84}
{76 77 85}
{76 82 83 84}
{3 4 8 9 48}	# Dimension 4
{3 4 29 48}
{3 9 40 48}
{3 29 39 40 41 44 48 71}
{4 8 17 48 49 50}
{4 17 29 48 50 72}
{8 9 48 49 50 51}
{9 40 48 50 51 65}
{17 49 50 68 72}
{29 44 48 50 71 72 73 74}
{37 39 41 44 71}
{37 39 46 66 71 74}
{37 44 46 71 73 74}
{39 40 48 50 65 66 71 74}
{46 66 69 70 74}
{46 70 73 74}
{49 50 51 68}
{50 51 65 66 68 69 70 74}
{50 68 70 72 73 74}
{52 53 54 76 77 85}
{52 53 57 76 77 84}
{53 54 59 63 64 76 82 85}
{53 57 59 60 76 82 83 84}

MAXIMAL_CONES_OF_CLOSURE
{0}	# Dimension 1
{7}
{23}
{78}
{1 22}	# Dimension 2
{5 6}
{12 17}
{13 14}
{15 16}
{17 58}
{18 19}
{58 61}
{61 62}
{2 8 11}	# Dimension 3
{2 8 21}
{2 8 47 49}
{4 8 10 11}
{4 10 26 36}
{4 29 30 36}
{5 8 11 21}
{8 9 20 21}
{9 20 34 42}
{9 34 38 40}
{24 25 27 28}
{24 28 59 82}
{28 46 70 79}
{28 79 82}
{29 30 43 44}
{31 32 33 34}
{31 32 35}
{32 34 38}
{32 35 37 38 39}
{33 34 42 45}
{37 43 44}
{38 39 40}
{47 49 76 77}
{49 68 75 76}
{52 55 77 81}
{56 57 80 84}
{56 67 80 86}
{68 70 75 79}
{75 76 79 82}
{3 4 8 9 48}	# Dimension 4
{3 4 29 48}
{3 9 40 48}
{3 29 39 40 41 44 48 71}
{4 8 17 48 49 50}
{4 17 29 48 50 72}
{8 9 48 49 50 51}
{9 40 48 50 51 65}
{17 49 50 68 72}
{29 44 48 50 71 72 73 74}
{37 39 41 44 71}
{37 39 46 66 71 74}
{37 44 46 71 73 74}
{39 40 48 50 65 66 71 74}
{46 66 69 70 74}
{46 70 73 74}
{49 50 51 68}
{50 51 65 66 68 69 70 74}
{50 68 70 72 73 74}
{52 53 54 76 77 85}
{52 53 57 76 77 84}
{53 54 59 63 64 76 82 85}
{53 57 59 60 76 82 83 84}
