_application PolyhedralFan
_version 2.2
_type PolyhedralFan

AMBIENT_DIM
7

LINEALITY_DIM
0

RAYS
2 0 0 0 -1 -1 0	# 0
3 0 0 0 1 0 0	# 1
3 0 0 0 2 0 0	# 2
1 0 0 0 1 0 0	# 3
1 0 0 0 0 0 0	# 4
3 0 0 0 1 1 1	# 5
3 0 0 0 2 2 2	# 6
3 0 0 0 0 1 2	# 7
3 0 0 0 0 0 2	# 8
3 0 0 0 0 1 1	# 9
1 0 0 0 1 1 1	# 10
3 0 0 0 1 1 2	# 11
3 0 0 0 1 0 1	# 12
3 0 0 0 1 0 2	# 13
6 0 0 0 -3 -3 4	# 14
9 0 0 0 5 3 5	# 15
9 0 0 0 5 3 6	# 16
1 0 1 2 -1 1 2	# 17
9 0 0 0 5 3 3	# 18
3 1 -2 3 7 10 9	# 19
9 0 0 0 3 5 5	# 20
9 0 0 0 6 7 7	# 21
3 0 0 0 2 1 1	# 22
6 0 0 0 4 3 3	# 23
9 0 0 0 8 3 3	# 24
3 0 0 0 3 1 1	# 25
2 0 0 0 2 1 1	# 26
0 -1 2 2 -1 0 2	# 27
3 0 0 0 2 3 2	# 28
9 0 0 0 6 7 6	# 29
6 0 0 0 4 4 3	# 30
6 0 0 3 -3 3 5	# 31
3 -1 5 6 8 9 14	# 32
9 0 0 0 6 7 10	# 33
3 0 0 0 2 2 3	# 34
9 0 0 0 3 5 8	# 35
3 0 0 0 3 3 4	# 36
6 0 0 0 4 3 5	# 37
3 0 0 0 1 1 0	# 38
2 0 0 0 -1 0 -1	# 39
6 0 0 0 -3 2 -3	# 40
3 0 0 0 0 1 0	# 41
9 0 0 0 3 3 8	# 42
3 0 0 0 1 1 3	# 43
9 0 0 0 6 6 10	# 44
3 0 0 0 2 2 4	# 45
3 0 0 0 3 3 5	# 46
6 0 0 0 4 3 6	# 47
2 0 0 0 -1 -1 2	# 48
9 0 0 0 3 5 3	# 49
1 0 0 0 0 0 1	# 50
3 0 0 0 1 3 1	# 51
1 0 0 0 0 1 0	# 52
3 0 0 0 2 2 6	# 53
1 0 0 0 1 1 2	# 54
9 0 0 0 6 6 13	# 55
2 0 0 0 0 -1 -1	# 56
2 0 0 0 -1 2 -1	# 57
2 0 -1 -1 -1 -1 2	# 58
11 0 -5 -5 4 4 17	# 59
4 0 -2 -2 1 1 6	# 60
1 0 0 0 0 0 2	# 61
2 0 -1 -1 -1 -1 3	# 62
12 0 6 -9 6 -15 8	# 63
3 0 1 1 0 0 7	# 64
3 0 2 2 0 0 8	# 65
3 0 1 1 0 0 4	# 66
3 0 2 2 0 0 5	# 67
3 0 1 1 2 2 7	# 68
9 0 3 3 6 6 16	# 69
6 0 0 0 2 -3 -3	# 70
1 0 1 1 0 0 3	# 71
1 0 1 1 0 0 2	# 72
0 0 0 -1 -1 0 0	# 73
3 0 0 -3 -3 1 2	# 74
6 0 0 -3 -3 2 4	# 75
6 0 0 0 4 -3 -3	# 76
2 0 0 0 -1 -1 4	# 77
1 0 0 0 -1 -1 2	# 78
3 0 0 0 -3 -3 4	# 79
2 0 0 0 2 -1 -1	# 80
1 0 0 0 2 2 3	# 81
3 0 0 0 6 6 8	# 82
2 0 0 0 -1 -2 -3	# 83
2 0 0 0 -1 -1 -2	# 84
6 2 -4 -7 2 2 -13	# 85
6 0 0 0 4 3 4	# 86

N_RAYS
87

LINEALITY_SPACE

ORTH_LINEALITY_SPACE
-1 0 0 0 0 0 0	# 0
0 -1 0 0 0 0 0	# 1
0 0 -1 0 0 0 0	# 2
0 0 0 -1 0 0 0	# 3
0 0 0 0 -1 0 0	# 4
0 0 0 0 0 -1 0	# 5
0 0 0 0 0 0 -1	# 6

F_VECTOR
85 181 134 34

CONES
{0}	# Dimension 1
{1}
{2}
{3}
{4}
{5}
{6}
{7}
{8}
{9}
{10}
{11}
{12}
{13}
{14}
{15}
{16}
{17}
{18}
{19}
{20}
{21}
{22}
{23}
{24}
{25}
{26}
{28}
{29}
{30}
{31}
{32}
{33}
{34}
{35}
{36}
{37}
{38}
{39}
{40}
{41}
{42}
{43}
{44}
{45}
{46}
{47}
{48}
{49}
{50}
{51}
{52}
{53}
{54}
{55}
{56}
{57}
{58}
{59}
{60}
{61}
{62}
{63}
{64}
{65}
{66}
{67}
{68}
{69}
{70}
{71}
{72}
{74}
{75}
{76}
{77}
{78}
{79}
{80}
{81}
{82}
{83}
{84}
{85}
{86}
{0 4}	# Dimension 2
{0 14}
{0 39}
{0 56}
{1 2}
{1 4}
{1 5}
{1 12}
{1 18}
{1 38}
{1 70}
{2 3}
{2 22}
{2 24}
{2 76}
{3 25}
{3 80}
{4 5}
{4 8}
{4 9}
{4 12}
{4 38}
{4 39}
{4 41}
{4 56}
{5 6}
{5 9}
{5 11}
{5 12}
{5 15}
{5 18}
{5 20}
{5 38}
{5 41}
{5 49}
{6 10}
{6 21}
{6 23}
{6 29}
{6 30}
{6 34}
{6 86}
{7 8}
{7 9}
{7 11}
{7 31}
{7 35}
{7 75}
{8 11}
{8 13}
{8 14}
{8 42}
{8 50}
{9 20}
{9 41}
{10 21}
{10 23}
{10 26}
{10 28}
{10 29}
{10 30}
{10 36}
{10 86}
{11 13}
{11 16}
{11 34}
{11 35}
{11 42}
{12 13}
{12 15}
{13 16}
{13 42}
{13 47}
{14 48}
{15 16}
{15 18}
{15 86}
{16 37}
{17 27}
{18 22}
{18 23}
{18 38}
{20 21}
{20 35}
{20 49}
{21 29}
{21 33}
{22 23}
{22 24}
{23 30}
{23 86}
{24 25}
{24 26}
{25 26}
{28 29}
{28 51}
{29 30}
{29 49}
{30 38}
{33 34}
{33 35}
{33 36}
{33 44}
{34 36}
{34 37}
{34 44}
{35 42}
{36 37}
{36 44}
{36 46}
{36 47}
{37 47}
{37 86}
{38 41}
{38 49}
{39 40}
{39 84}
{40 41}
{40 57}
{41 49}
{41 52}
{42 43}
{42 44}
{43 45}
{43 50}
{44 45}
{44 47}
{45 46}
{45 55}
{46 54}
{46 55}
{46 82}
{48 50}
{48 58}
{48 66}
{48 77}
{48 79}
{49 51}
{50 55}
{50 58}
{50 61}
{50 66}
{51 52}
{52 57}
{53 54}
{53 55}
{53 59}
{53 61}
{53 68}
{54 81}
{55 59}
{55 69}
{56 70}
{56 84}
{58 60}
{58 62}
{59 60}
{60 62}
{61 62}
{61 64}
{61 77}
{62 77}
{64 65}
{64 66}
{64 68}
{64 77}
{65 67}
{65 71}
{66 67}
{66 69}
{67 72}
{68 69}
{70 76}
{71 72}
{73 74}
{74 75}
{76 80}
{77 78}
{78 79}
{81 82}
{83 84}
{0 4 8 14}	# Dimension 3
{0 4 39}
{0 4 56}
{1 2 18 22}
{1 2 70 76}
{1 4 5}
{1 4 12}
{1 4 38}
{1 4 56 70}
{1 5 12}
{1 5 18}
{1 5 38}
{1 12 15 18}
{1 18 38}
{2 3 24 25}
{2 3 76 80}
{2 22 24}
{4 5 8 11}
{4 5 9}
{4 5 12}
{4 5 38}
{4 5 41}
{4 7 8 9}
{4 8 12 13}
{4 9 41}
{4 38 41}
{4 39 40 41}
{4 39 56 84}
{5 6 11 34}
{5 6 15 86}
{5 6 18 23}
{5 6 20 21}
{5 6 29 49}
{5 6 30 38}
{5 7 9 11}
{5 9 20}
{5 9 41}
{5 11 12 13}
{5 11 15 16}
{5 11 20 35}
{5 12 15}
{5 15 18}
{5 18 38}
{5 20 49}
{5 38 41}
{5 38 49}
{5 41 49}
{6 10 21}
{6 10 23}
{6 10 29}
{6 10 30}
{6 10 34 36}
{6 10 86}
{6 21 29}
{6 21 33 34}
{6 23 30}
{6 23 86}
{6 29 30}
{6 34 37 86}
{7 8 11}
{7 8 35 42}
{7 9 20 35}
{7 11 35}
{8 11 13}
{8 11 42}
{8 13 42}
{8 14 48 50}
{8 42 43 50}
{9 20 41 49}
{10 21 29}
{10 21 33 36}
{10 22 23 24 26}
{10 23 30}
{10 23 86}
{10 28 29}
{10 29 30}
{10 36 37 86}
{11 13 16}
{11 13 42}
{11 16 34 37}
{11 33 34 35}
{11 34 42 44}
{11 35 42}
{12 13 15 16}
{13 16 37 47}
{13 42 44 47}
{15 16 37 86}
{15 18 23 86}
{18 22 23}
{18 23 30 38}
{20 21 29 49}
{20 21 33 35}
{24 25 26}
{28 29 49 51}
{29 30 38 49}
{33 34 36}
{33 34 44}
{33 35 42 44}
{33 36 44}
{34 36 37}
{34 36 44}
{34 37 44 47}
{36 37 47}
{36 44 45 46}
{36 44 47}
{38 41 49}
{40 41 52 57}
{41 49 51 52}
{42 43 44 45}
{43 45 50 55}
{45 46 55}
{46 53 54 55}
{46 54 81 82}
{48 50 58}
{48 50 61 77}
{48 50 66}
{48 58 62 77}
{48 64 66 77}
{48 77 78 79}
{50 53 55 61}
{50 55 58 59 60}
{50 55 66 69}
{50 58 61 62}
{50 61 64 66}
{53 55 59}
{53 55 68 69}
{53 59 60 61 62}
{53 61 64 68}
{58 60 62}
{61 62 77}
{61 64 77}
{64 65 66 67}
{64 66 68 69}
{65 67 71 72}
{1 4 5 12}	# Dimension 4
{1 4 5 38}
{1 5 12 15 18}
{1 5 18 38}
{4 5 7 8 9 11}
{4 5 8 11 12 13}
{4 5 9 41}
{4 5 38 41}
{5 6 11 15 16 34 37 86}
{5 6 11 20 21 33 34 35}
{5 6 15 18 23 86}
{5 6 18 23 30 38}
{5 6 20 21 29 49}
{5 6 29 30 38 49}
{5 7 9 11 20 35}
{5 9 20 41 49}
{5 11 12 13 15 16}
{5 38 41 49}
{6 10 21 29}
{6 10 21 33 34 36}
{6 10 23 30}
{6 10 23 86}
{6 10 29 30}
{6 10 34 36 37 86}
{7 8 11 35 42}
{8 11 13 42}
{11 13 16 34 37 42 44 47}
{11 33 34 35 42 44}
{33 34 36 44}
{34 36 37 44 47}
{48 50 58 61 62 77}
{48 50 61 64 66 77}
{50 53 55 58 59 60 61 62}
{50 53 55 61 64 66 68 69}

MAXIMAL_CONES_OF_CLOSURE
{19}	# Dimension 1
{32}
{63}
{85}
{7 31}	# Dimension 2
{7 75}
{17 27}
{73 74}
{74 75}
{83 84}
{0 4 8 14}	# Dimension 3
{0 4 39}
{0 4 56}
{1 2 18 22}
{1 2 70 76}
{1 4 56 70}
{2 3 24 25}
{2 3 76 80}
{2 22 24}
{4 39 40 41}
{4 39 56 84}
{8 14 48 50}
{8 42 43 50}
{10 22 23 24 26}
{10 28 29}
{18 22 23}
{24 25 26}
{28 29 49 51}
{36 44 45 46}
{40 41 52 57}
{41 49 51 52}
{42 43 44 45}
{43 45 50 55}
{45 46 55}
{46 53 54 55}
{46 54 81 82}
{48 77 78 79}
{64 65 66 67}
{65 67 71 72}
{1 4 5 12}	# Dimension 4
{1 4 5 38}
{1 5 12 15 18}
{1 5 18 38}
{4 5 7 8 9 11}
{4 5 8 11 12 13}
{4 5 9 41}
{4 5 38 41}
{5 6 11 15 16 34 37 86}
{5 6 11 20 21 33 34 35}
{5 6 15 18 23 86}
{5 6 18 23 30 38}
{5 6 20 21 29 49}
{5 6 29 30 38 49}
{5 7 9 11 20 35}
{5 9 20 41 49}
{5 11 12 13 15 16}
{5 38 41 49}
{6 10 21 29}
{6 10 21 33 34 36}
{6 10 23 30}
{6 10 23 86}
{6 10 29 30}
{6 10 34 36 37 86}
{7 8 11 35 42}
{8 11 13 42}
{11 13 16 34 37 42 44 47}
{11 33 34 35 42 44}
{33 34 36 44}
{34 36 37 44 47}
{48 50 58 61 62 77}
{48 50 61 64 66 77}
{50 53 55 58 59 60 61 62}
{50 53 55 61 64 66 68 69}
