_application PolyhedralFan
_version 2.2
_type PolyhedralFan

AMBIENT_DIM
7

LINEALITY_DIM
0

RAYS
1 0 0 0 0 0 0	# 0
0 2 2 -1 2 -1 0	# 1
0 0 -2 -3 -3 -3 0	# 2
0 2 -1 2 -1 2 0	# 3
0 0 -2 -3 -3 -2 0	# 4
0 1 1 1 1 1 1	# 5
0 2 0 2 -1 2 -1	# 6
0 2 2 0 2 -1 -1	# 7
0 0 -1 0 -1 0 -1	# 8
0 2 -1 2 -1 2 -1	# 9
0 -3 -2 0 0 -3 -3	# 10
0 1 1 0 1 0 0	# 11
0 2 2 -1 2 -1 -1	# 12
0 0 -3 -3 -3 -2 0	# 13
0 1 0 1 0 1 0	# 14
0 0 0 -1 0 -1 -1	# 15
0 -3 -3 0 0 -2 -3	# 16
0 2 -1 2 0 2 -1	# 17
0 -1 -1 0 0 -1 -1	# 18
0 -1 -1 -1 0 0 0	# 19
0 0 -3 -3 -2 -3 0	# 20
0 -3 0 -3 -2 0 -3	# 21
0 0 -3 -2 -2 -3 0	# 22
0 -1 0 -1 -1 0 -1	# 23
0 2 2 -1 2 0 -1	# 24
0 -1 0 0 0 0 -1	# 25
0 -3 0 -2 -2 0 -3	# 26
0 -3 0 -2 -3 0 -3	# 27
0 0 -3 -2 -3 -3 0	# 28
0 -1 0 0 -1 -1 0	# 29
0 -3 -2 0 0 -2 -3	# 30
0 -3 -3 0 0 -3 -2	# 31
0 -3 0 -3 -3 0 -2	# 32
0 0 -1 -1 -1 -1 0	# 33
0 -1 0 -1 2 2 2	# 34
0 0 0 0 1 1 1	# 35
0 -1 -1 -1 2 2 2	# 36
0 0 -1 -1 2 2 2	# 37
0 -2 -3 0 0 -3 -3	# 38
0 -1 2 2 0 -1 2	# 39
0 -1 2 2 -1 -1 2	# 40
0 0 1 1 0 0 1	# 41
0 -1 -1 0 2 2 2	# 42
0 0 -1 0 0 -1 0	# 43
0 0 0 -1 -1 0 0	# 44
0 -2 0 -3 -3 0 -2	# 45
0 -2 0 -3 -3 0 -3	# 46
0 -2 -3 0 0 -3 -2	# 47
0 -1 2 2 -1 0 2	# 48
0 0 2 2 -1 -1 2	# 49

N_RAYS
50

LINEALITY_SPACE

ORTH_LINEALITY_SPACE
-1 0 0 0 0 0 0	# 0
0 -1 0 0 0 0 0	# 1
0 0 -1 0 0 0 0	# 2
0 0 0 -1 0 0 0	# 3
0 0 0 0 -1 0 0	# 4
0 0 0 0 0 -1 0	# 5
0 0 0 0 0 0 -1	# 6

F_VECTOR
1 49 66 18

CONES
{0}	# Dimension 1
{0 1}	# Dimension 2
{0 2}
{0 3}
{0 4}
{0 5}
{0 6}
{0 7}
{0 8}
{0 9}
{0 10}
{0 11}
{0 12}
{0 13}
{0 14}
{0 15}
{0 16}
{0 17}
{0 18}
{0 19}
{0 20}
{0 21}
{0 22}
{0 23}
{0 24}
{0 25}
{0 26}
{0 27}
{0 28}
{0 29}
{0 30}
{0 31}
{0 32}
{0 33}
{0 34}
{0 35}
{0 36}
{0 37}
{0 38}
{0 39}
{0 40}
{0 41}
{0 42}
{0 43}
{0 44}
{0 45}
{0 46}
{0 47}
{0 48}
{0 49}
{0 1 11}	# Dimension 3
{0 1 12}
{0 2 4}
{0 2 33}
{0 3 9}
{0 3 14}
{0 4 13}
{0 4 44}
{0 5 11}
{0 5 14}
{0 5 35}
{0 5 41}
{0 6 9}
{0 6 14}
{0 7 11}
{0 7 12}
{0 8 9}
{0 9 14}
{0 9 17}
{0 10 18}
{0 10 30}
{0 11 12}
{0 11 24}
{0 12 15}
{0 12 24}
{0 13 33}
{0 14 17}
{0 16 18}
{0 16 30}
{0 18 31}
{0 18 38}
{0 19 36}
{0 20 22}
{0 20 33}
{0 21 23}
{0 21 26}
{0 22 28}
{0 22 43}
{0 23 27}
{0 23 32}
{0 23 46}
{0 25 26}
{0 25 30}
{0 26 27}
{0 28 33}
{0 29 40}
{0 31 47}
{0 32 45}
{0 34 35}
{0 34 36}
{0 35 36}
{0 35 37}
{0 35 42}
{0 36 37}
{0 36 42}
{0 38 47}
{0 39 40}
{0 39 41}
{0 40 41}
{0 40 48}
{0 40 49}
{0 41 48}
{0 41 49}
{0 43 47}
{0 44 45}
{0 45 46}
{0 1 11 12}	# Dimension 4
{0 2 4 13 33}
{0 3 9 14}
{0 6 9 14}
{0 7 11 12}
{0 9 14 17}
{0 10 16 18 30}
{0 11 12 24}
{0 18 31 38 47}
{0 20 22 28 33}
{0 21 23 26 27}
{0 23 32 45 46}
{0 34 35 36}
{0 35 36 37}
{0 35 36 42}
{0 39 40 41}
{0 40 41 48}
{0 40 41 49}

MAXIMAL_CONES_OF_CLOSURE
{0 4 44}	# Dimension 3
{0 5 11}
{0 5 14}
{0 5 35}
{0 5 41}
{0 8 9}
{0 12 15}
{0 19 36}
{0 22 43}
{0 25 26}
{0 25 30}
{0 29 40}
{0 43 47}
{0 44 45}
{0 1 11 12}	# Dimension 4
{0 2 4 13 33}
{0 3 9 14}
{0 6 9 14}
{0 7 11 12}
{0 9 14 17}
{0 10 16 18 30}
{0 11 12 24}
{0 18 31 38 47}
{0 20 22 28 33}
{0 21 23 26 27}
{0 23 32 45 46}
{0 34 35 36}
{0 35 36 37}
{0 35 36 42}
{0 39 40 41}
{0 40 41 48}
{0 40 41 49}
