_application PolyhedralFan
_version 2.2
_type PolyhedralFan

AMBIENT_DIM
7

LINEALITY_DIM
0

RAYS
1 0 0 0 0 0 0	# 0
0 1 1 1 1 1 1	# 1
0 2 2 -1 2 -1 0	# 2
0 2 2 0 2 -1 -1	# 3
0 2 0 2 -1 2 -1	# 4
0 2 -1 2 -1 2 0	# 5
0 0 -1 0 -1 0 -1	# 6
0 2 -1 2 -1 2 -1	# 7
0 0 -2 -3 -3 -3 0	# 8
0 1 1 0 1 0 0	# 9
0 2 2 -1 2 -1 -1	# 10
0 0 -2 -3 -3 -2 0	# 11
0 0 0 -1 0 -1 -1	# 12
0 -3 -2 0 0 -3 -3	# 13
0 2 2 -1 2 0 -1	# 14
0 1 0 1 0 1 0	# 15
0 -1 -1 0 0 -1 -1	# 16
0 -3 -3 0 0 -2 -3	# 17
0 -1 0 0 -1 -1 0	# 18
0 -3 0 -2 -3 0 -3	# 19
0 0 -3 -3 -2 -3 0	# 20
0 0 -3 -3 -3 -2 0	# 21
0 0 -3 -2 -3 -3 0	# 22
0 0 -3 -2 -2 -3 0	# 23
0 -1 0 0 0 0 -1	# 24
0 -3 0 -2 -2 0 -3	# 25
0 2 -1 2 0 2 -1	# 26
0 -3 0 -3 -3 0 -2	# 27
0 -3 0 -3 -2 0 -3	# 28
0 -1 0 -1 -1 0 -1	# 29
0 -1 -1 -1 0 0 0	# 30
0 -3 -3 0 0 -3 -2	# 31
0 -3 -2 0 0 -2 -3	# 32
0 0 -1 -1 -1 -1 0	# 33
0 0 0 0 1 1 1	# 34
0 -1 -1 -1 2 2 2	# 35
0 0 -1 -1 2 2 2	# 36
0 -1 0 -1 2 2 2	# 37
0 -2 -3 0 0 -3 -3	# 38
0 -1 2 2 0 -1 2	# 39
0 -1 2 2 -1 -1 2	# 40
0 -1 -1 0 2 2 2	# 41
0 0 1 1 0 0 1	# 42
0 0 -1 0 0 -1 0	# 43
0 -2 -3 0 0 -3 -2	# 44
0 0 0 -1 -1 0 0	# 45
0 -2 0 -3 -3 0 -2	# 46
0 -2 0 -3 -3 0 -3	# 47
0 -1 2 2 -1 0 2	# 48
0 0 2 2 -1 -1 2	# 49

N_RAYS
50

LINEALITY_SPACE

ORTH_LINEALITY_SPACE
-1 0 0 0 0 0 0	# 0
0 -1 0 0 0 0 0	# 1
0 0 -1 0 0 0 0	# 2
0 0 0 -1 0 0 0	# 3
0 0 0 0 -1 0 0	# 4
0 0 0 0 0 -1 0	# 5
0 0 0 0 0 0 -1	# 6

F_VECTOR
1 49 66 18

CONES
{0}	# Dimension 1
{0 1}	# Dimension 2
{0 2}
{0 3}
{0 4}
{0 5}
{0 6}
{0 7}
{0 8}
{0 9}
{0 10}
{0 11}
{0 12}
{0 13}
{0 14}
{0 15}
{0 16}
{0 17}
{0 18}
{0 19}
{0 20}
{0 21}
{0 22}
{0 23}
{0 24}
{0 25}
{0 26}
{0 27}
{0 28}
{0 29}
{0 30}
{0 31}
{0 32}
{0 33}
{0 34}
{0 35}
{0 36}
{0 37}
{0 38}
{0 39}
{0 40}
{0 41}
{0 42}
{0 43}
{0 44}
{0 45}
{0 46}
{0 47}
{0 48}
{0 49}
{0 1 9}	# Dimension 3
{0 1 15}
{0 1 34}
{0 1 42}
{0 2 9}
{0 2 10}
{0 3 9}
{0 3 10}
{0 4 7}
{0 4 15}
{0 5 7}
{0 5 15}
{0 6 7}
{0 7 15}
{0 7 26}
{0 8 11}
{0 8 33}
{0 9 10}
{0 9 14}
{0 10 12}
{0 10 14}
{0 11 21}
{0 11 45}
{0 13 16}
{0 13 32}
{0 15 26}
{0 16 17}
{0 16 31}
{0 16 38}
{0 17 32}
{0 18 40}
{0 19 25}
{0 19 29}
{0 20 23}
{0 20 33}
{0 21 33}
{0 22 23}
{0 22 33}
{0 23 43}
{0 24 25}
{0 24 32}
{0 25 28}
{0 27 29}
{0 27 46}
{0 28 29}
{0 29 47}
{0 30 35}
{0 31 44}
{0 34 35}
{0 34 36}
{0 34 37}
{0 34 41}
{0 35 36}
{0 35 37}
{0 35 41}
{0 38 44}
{0 39 40}
{0 39 42}
{0 40 42}
{0 40 48}
{0 40 49}
{0 42 48}
{0 42 49}
{0 43 44}
{0 45 46}
{0 46 47}
{0 2 9 10}	# Dimension 4
{0 3 9 10}
{0 4 7 15}
{0 5 7 15}
{0 7 15 26}
{0 8 11 21 33}
{0 9 10 14}
{0 13 16 17 32}
{0 16 31 38 44}
{0 19 25 28 29}
{0 20 22 23 33}
{0 27 29 46 47}
{0 34 35 36}
{0 34 35 37}
{0 34 35 41}
{0 39 40 42}
{0 40 42 48}
{0 40 42 49}

MAXIMAL_CONES_OF_CLOSURE
{0 1 9}	# Dimension 3
{0 1 15}
{0 1 34}
{0 1 42}
{0 6 7}
{0 10 12}
{0 11 45}
{0 18 40}
{0 23 43}
{0 24 25}
{0 24 32}
{0 30 35}
{0 43 44}
{0 45 46}
{0 2 9 10}	# Dimension 4
{0 3 9 10}
{0 4 7 15}
{0 5 7 15}
{0 7 15 26}
{0 8 11 21 33}
{0 9 10 14}
{0 13 16 17 32}
{0 16 31 38 44}
{0 19 25 28 29}
{0 20 22 23 33}
{0 27 29 46 47}
{0 34 35 36}
{0 34 35 37}
{0 34 35 41}
{0 39 40 42}
{0 40 42 48}
{0 40 42 49}
