_application PolyhedralFan
_version 2.2
_type PolyhedralFan

AMBIENT_DIM
7

LINEALITY_DIM
0

RAYS
2 0 0 0 -1 -1 0	# 0
3 0 0 0 1 0 0	# 1
1 0 1 2 -1 1 2	# 2
3 0 0 0 2 0 0	# 3
3 0 0 0 1 1 1	# 4
1 0 0 0 0 0 0	# 5
1 0 0 0 1 0 0	# 6
3 0 0 0 2 2 2	# 7
1 0 0 0 1 1 1	# 8
3 0 0 0 0 1 2	# 9
3 0 0 0 0 0 2	# 10
3 0 0 0 0 1 1	# 11
9 0 0 0 3 5 5	# 12
9 0 0 0 6 7 7	# 13
3 0 0 0 1 1 2	# 14
3 0 0 0 1 0 1	# 15
3 0 0 0 1 0 2	# 16
6 0 0 0 -3 -3 4	# 17
3 0 0 0 2 1 1	# 18
9 0 0 0 5 3 3	# 19
6 0 0 0 4 3 3	# 20
9 0 0 0 8 3 3	# 21
3 0 0 0 3 1 1	# 22
2 0 0 0 2 1 1	# 23
6 0 0 3 -3 3 5	# 24
9 0 0 0 6 7 10	# 25
3 0 0 0 2 2 3	# 26
9 0 0 0 3 5 8	# 27
9 0 0 0 5 3 5	# 28
9 0 0 0 5 3 6	# 29
3 0 0 0 3 3 4	# 30
6 0 0 0 4 3 5	# 31
9 0 0 0 3 3 8	# 32
3 1 -2 3 7 10 9	# 33
3 0 0 0 1 1 3	# 34
9 0 0 0 6 6 10	# 35
3 0 0 0 2 2 4	# 36
3 0 0 0 3 3 5	# 37
6 0 0 0 4 3 6	# 38
2 0 0 0 -1 -1 2	# 39
1 0 0 0 0 0 1	# 40
12 0 6 -9 6 -15 8	# 41
3 0 0 0 2 3 2	# 42
9 0 0 0 6 7 6	# 43
6 0 0 0 4 4 3	# 44
0 -1 2 2 -1 0 2	# 45
3 0 0 0 2 2 6	# 46
1 0 0 0 1 1 2	# 47
9 0 0 0 6 6 13	# 48
6 0 0 0 -3 2 -3	# 49
3 0 0 0 0 1 0	# 50
2 0 0 0 -1 0 -1	# 51
2 0 -1 -1 -1 -1 2	# 52
11 0 -5 -5 4 4 17	# 53
4 0 -2 -2 1 1 6	# 54
1 0 0 0 0 0 2	# 55
2 0 -1 -1 -1 -1 3	# 56
0 0 0 -1 -1 0 0	# 57
3 0 0 -3 -3 1 2	# 58
6 0 0 -3 -3 2 4	# 59
1 0 -1 -1 -1 -1 1	# 60
3 0 1 1 0 0 7	# 61
3 0 2 2 0 0 8	# 62
3 0 1 1 0 0 4	# 63
3 0 2 2 0 0 5	# 64
3 0 0 0 1 1 0	# 65
3 0 1 1 2 2 7	# 66
9 0 3 3 6 6 16	# 67
1 0 1 1 0 0 3	# 68
1 0 1 1 0 0 2	# 69
9 0 0 0 3 5 3	# 70
2 0 0 0 -1 -1 4	# 71
1 0 0 0 -1 -1 2	# 72
3 0 0 0 -3 -3 4	# 73
3 0 0 0 1 3 1	# 74
1 0 0 0 2 2 3	# 75
3 0 0 0 6 6 8	# 76
1 0 0 0 0 1 0	# 77
3 -1 5 6 8 9 14	# 78
2 0 0 0 -1 2 -1	# 79
2 0 0 0 0 -1 -1	# 80
6 0 0 0 2 -3 -3	# 81
6 0 0 0 4 -3 -3	# 82
2 0 0 0 2 -1 -1	# 83
6 2 -4 -7 2 2 -13	# 84
6 0 0 0 4 3 4	# 85
2 0 0 0 -1 -2 -3	# 86
2 0 0 0 -1 -1 -2	# 87

N_RAYS
88

LINEALITY_SPACE

ORTH_LINEALITY_SPACE
-1 0 0 0 0 0 0	# 0
0 -1 0 0 0 0 0	# 1
0 0 -1 0 0 0 0	# 2
0 0 0 -1 0 0 0	# 3
0 0 0 0 -1 0 0	# 4
0 0 0 0 0 -1 0	# 5
0 0 0 0 0 0 -1	# 6

F_VECTOR
86 183 135 34

CONES
{0}	# Dimension 1
{1}
{2}
{3}
{4}
{5}
{6}
{7}
{8}
{9}
{10}
{11}
{12}
{13}
{14}
{15}
{16}
{17}
{18}
{19}
{20}
{21}
{22}
{23}
{24}
{25}
{26}
{27}
{28}
{29}
{30}
{31}
{32}
{33}
{34}
{35}
{36}
{37}
{38}
{39}
{40}
{41}
{42}
{43}
{44}
{46}
{47}
{48}
{49}
{50}
{51}
{52}
{53}
{54}
{55}
{56}
{58}
{59}
{60}
{61}
{62}
{63}
{64}
{65}
{66}
{67}
{68}
{69}
{70}
{71}
{72}
{73}
{74}
{75}
{76}
{77}
{78}
{79}
{80}
{81}
{82}
{83}
{84}
{85}
{86}
{87}
{0 5}	# Dimension 2
{0 17}
{0 51}
{0 80}
{1 3}
{1 4}
{1 5}
{1 15}
{1 19}
{1 65}
{1 81}
{2 45}
{3 6}
{3 18}
{3 21}
{3 82}
{4 5}
{4 7}
{4 11}
{4 12}
{4 14}
{4 15}
{4 19}
{4 28}
{4 50}
{4 65}
{4 70}
{5 10}
{5 11}
{5 15}
{5 50}
{5 51}
{5 65}
{5 80}
{6 22}
{6 83}
{7 8}
{7 13}
{7 20}
{7 26}
{7 43}
{7 44}
{7 85}
{8 13}
{8 20}
{8 23}
{8 30}
{8 42}
{8 43}
{8 44}
{8 85}
{9 10}
{9 11}
{9 14}
{9 24}
{9 27}
{9 59}
{10 14}
{10 16}
{10 17}
{10 32}
{10 40}
{11 12}
{11 50}
{12 13}
{12 27}
{12 70}
{13 25}
{13 43}
{14 16}
{14 26}
{14 27}
{14 29}
{14 32}
{15 16}
{15 28}
{16 29}
{16 32}
{16 38}
{17 39}
{18 19}
{18 20}
{18 21}
{19 20}
{19 28}
{19 65}
{20 44}
{20 85}
{21 22}
{21 23}
{22 23}
{25 26}
{25 27}
{25 30}
{25 35}
{26 30}
{26 31}
{26 35}
{27 32}
{28 29}
{28 85}
{29 31}
{30 31}
{30 35}
{30 37}
{30 38}
{31 38}
{31 85}
{32 34}
{32 35}
{34 36}
{34 40}
{35 36}
{35 38}
{36 37}
{36 48}
{37 47}
{37 48}
{37 76}
{39 40}
{39 52}
{39 63}
{39 71}
{39 73}
{40 48}
{40 52}
{40 55}
{40 63}
{42 43}
{42 74}
{43 44}
{43 70}
{44 65}
{46 47}
{46 48}
{46 53}
{46 55}
{46 66}
{47 75}
{48 53}
{48 67}
{49 50}
{49 51}
{49 79}
{50 65}
{50 70}
{50 77}
{51 87}
{52 54}
{52 56}
{52 60}
{53 54}
{54 56}
{55 56}
{55 61}
{55 71}
{56 60}
{56 71}
{57 58}
{58 59}
{61 62}
{61 63}
{61 66}
{61 71}
{62 64}
{62 68}
{63 64}
{63 67}
{64 69}
{65 70}
{66 67}
{68 69}
{70 74}
{71 72}
{72 73}
{74 77}
{75 76}
{77 79}
{80 81}
{80 87}
{81 82}
{82 83}
{86 87}
{0 5 10 17}	# Dimension 3
{0 5 51}
{0 5 80}
{1 3 18 19}
{1 3 81 82}
{1 4 5}
{1 4 15}
{1 4 19}
{1 4 65}
{1 5 15}
{1 5 65}
{1 5 80 81}
{1 15 19 28}
{1 19 65}
{3 6 21 22}
{3 6 82 83}
{3 18 21}
{4 5 10 14}
{4 5 11}
{4 5 15}
{4 5 50}
{4 5 65}
{4 7 12 13}
{4 7 14 26}
{4 7 19 20}
{4 7 28 85}
{4 7 43 70}
{4 7 44 65}
{4 9 11 14}
{4 11 12}
{4 11 50}
{4 12 14 27}
{4 12 70}
{4 14 15 16}
{4 14 28 29}
{4 15 28}
{4 19 28}
{4 19 65}
{4 50 65}
{4 50 70}
{4 65 70}
{5 9 10 11}
{5 10 15 16}
{5 11 50}
{5 49 50 51}
{5 50 65}
{5 51 80 87}
{7 8 13}
{7 8 20}
{7 8 26 30}
{7 8 43}
{7 8 44}
{7 8 85}
{7 13 25 26}
{7 13 43}
{7 20 44}
{7 20 85}
{7 26 31 85}
{7 43 44}
{8 13 25 30}
{8 13 43}
{8 18 20 21 23}
{8 20 44}
{8 20 85}
{8 30 31 85}
{8 42 43}
{8 43 44}
{9 10 14}
{9 10 27 32}
{9 11 12 27}
{9 14 27}
{10 14 16}
{10 14 32}
{10 16 32}
{10 17 39 40}
{10 32 34 40}
{11 12 50 70}
{12 13 25 27}
{12 13 43 70}
{14 16 29}
{14 16 32}
{14 25 26 27}
{14 26 29 31}
{14 26 32 35}
{14 27 32}
{15 16 28 29}
{16 29 31 38}
{16 32 35 38}
{18 19 20}
{19 20 28 85}
{19 20 44 65}
{21 22 23}
{25 26 30}
{25 26 35}
{25 27 32 35}
{25 30 35}
{26 30 31}
{26 30 35}
{26 31 35 38}
{28 29 31 85}
{30 31 38}
{30 35 36 37}
{30 35 38}
{32 34 35 36}
{34 36 40 48}
{36 37 48}
{37 46 47 48}
{37 47 75 76}
{39 40 52}
{39 40 55 71}
{39 40 63}
{39 52 56 71}
{39 61 63 71}
{39 71 72 73}
{40 46 48 55}
{40 48 52 53 54}
{40 48 63 67}
{40 52 55 56}
{40 55 61 63}
{42 43 70 74}
{43 44 65 70}
{46 48 53}
{46 48 66 67}
{46 53 54 55 56}
{46 55 61 66}
{49 50 77 79}
{50 65 70}
{50 70 74 77}
{52 54 56}
{52 56 60}
{55 56 71}
{55 61 71}
{61 62 63 64}
{61 63 66 67}
{62 64 68 69}
{1 4 5 15}	# Dimension 4
{1 4 5 65}
{1 4 15 19 28}
{1 4 19 65}
{4 5 9 10 11 14}
{4 5 10 14 15 16}
{4 5 11 50}
{4 5 50 65}
{4 7 12 13 14 25 26 27}
{4 7 12 13 43 70}
{4 7 14 26 28 29 31 85}
{4 7 19 20 28 85}
{4 7 19 20 44 65}
{4 7 43 44 65 70}
{4 9 11 12 14 27}
{4 11 12 50 70}
{4 14 15 16 28 29}
{4 50 65 70}
{7 8 13 25 26 30}
{7 8 13 43}
{7 8 20 44}
{7 8 20 85}
{7 8 26 30 31 85}
{7 8 43 44}
{9 10 14 27 32}
{10 14 16 32}
{14 16 26 29 31 32 35 38}
{14 25 26 27 32 35}
{25 26 30 35}
{26 30 31 35 38}
{39 40 52 55 56 71}
{39 40 55 61 63 71}
{40 46 48 52 53 54 55 56}
{40 46 48 55 61 63 66 67}

MAXIMAL_CONES_OF_CLOSURE
{33}	# Dimension 1
{41}
{78}
{84}
{2 45}	# Dimension 2
{9 24}
{9 59}
{57 58}
{58 59}
{86 87}
{0 5 10 17}	# Dimension 3
{0 5 51}
{0 5 80}
{1 3 18 19}
{1 3 81 82}
{1 5 80 81}
{3 6 21 22}
{3 6 82 83}
{3 18 21}
{5 49 50 51}
{5 51 80 87}
{8 18 20 21 23}
{8 42 43}
{10 17 39 40}
{10 32 34 40}
{18 19 20}
{21 22 23}
{30 35 36 37}
{32 34 35 36}
{34 36 40 48}
{36 37 48}
{37 46 47 48}
{37 47 75 76}
{39 71 72 73}
{42 43 70 74}
{49 50 77 79}
{50 70 74 77}
{52 56 60}
{61 62 63 64}
{62 64 68 69}
{1 4 5 15}	# Dimension 4
{1 4 5 65}
{1 4 15 19 28}
{1 4 19 65}
{4 5 9 10 11 14}
{4 5 10 14 15 16}
{4 5 11 50}
{4 5 50 65}
{4 7 12 13 14 25 26 27}
{4 7 12 13 43 70}
{4 7 14 26 28 29 31 85}
{4 7 19 20 28 85}
{4 7 19 20 44 65}
{4 7 43 44 65 70}
{4 9 11 12 14 27}
{4 11 12 50 70}
{4 14 15 16 28 29}
{4 50 65 70}
{7 8 13 25 26 30}
{7 8 13 43}
{7 8 20 44}
{7 8 20 85}
{7 8 26 30 31 85}
{7 8 43 44}
{9 10 14 27 32}
{10 14 16 32}
{14 16 26 29 31 32 35 38}
{14 25 26 27 32 35}
{25 26 30 35}
{26 30 31 35 38}
{39 40 52 55 56 71}
{39 40 55 61 63 71}
{40 46 48 52 53 54 55 56}
{40 46 48 55 61 63 66 67}
