_application PolyhedralFan
_version 2.2
_type PolyhedralFan

AMBIENT_DIM
7

LINEALITY_DIM
0

RAYS
3 -1 5 6 8 9 14	# 0
6 0 -14 -17 -17 -20 4	# 1
2 0 0 0 -1 -1 0	# 2
2 0 0 0 -1 -1 -2	# 3
2 0 0 0 -1 -2 -3	# 4
3 0 0 0 1 1 0	# 5
3 0 0 0 0 1 0	# 6
6 2 -4 -7 2 2 -13	# 7
1 0 0 0 0 0 0	# 8
3 0 0 0 1 0 0	# 9
6 0 0 3 -3 3 5	# 10
6 0 0 0 -3 2 -3	# 11
2 0 0 0 -1 0 -1	# 12
1 0 1 2 -1 1 2	# 13
0 -1 2 2 -1 0 2	# 14
3 0 0 0 0 1 2	# 15
0 0 -1 -1 -1 -1 0	# 16
3 1 -2 3 7 10 9	# 17
0 -1 0 -1 -1 0 -1	# 18
3 -8 0 -11 -11 1 -14	# 19
6 -12 -15 0 2 -21 -24	# 20
0 -1 -1 0 0 -1 -1	# 21
6 0 0 0 2 -3 -3	# 22
2 0 0 0 0 -1 -1	# 23
2 0 0 0 -1 2 -1	# 24
1 0 0 0 1 1 2	# 25
1 0 0 0 2 2 3	# 26
9 0 0 0 3 5 3	# 27
3 0 0 0 1 3 1	# 28
1 0 0 0 0 1 0	# 29
3 0 0 0 2 3 2	# 30
9 0 0 0 6 7 6	# 31
3 0 0 0 6 6 8	# 32
3 0 0 0 3 3 5	# 33
1 0 0 0 1 1 1	# 34
9 0 0 0 5 3 3	# 35
6 0 0 0 4 4 3	# 36
6 0 0 0 4 3 3	# 37
3 0 0 0 3 1 1	# 38
9 0 0 0 8 3 3	# 39
1 0 0 0 1 0 0	# 40
3 0 0 0 2 0 0	# 41
2 0 0 0 2 1 1	# 42
6 0 0 0 4 -3 -3	# 43
3 0 0 0 2 1 1	# 44
6 0 0 0 -3 -3 4	# 45
2 0 0 0 2 -1 -1	# 46
3 0 0 0 3 3 4	# 47
1 0 -1 -1 -1 -1 1	# 48
2 0 -1 -1 -1 -1 3	# 49
2 0 0 0 -1 -1 4	# 50
1 0 0 0 0 0 2	# 51
1 0 0 0 -1 -1 2	# 52
3 0 2 2 0 0 8	# 53
3 0 1 1 0 0 7	# 54
3 0 0 0 2 2 6	# 55
3 0 1 1 2 2 7	# 56
11 0 -5 -5 4 4 17	# 57
4 0 -2 -2 1 1 6	# 58
3 0 0 0 1 1 1	# 59
3 0 0 0 0 0 2	# 60
3 0 0 0 1 1 2	# 61
3 0 0 0 1 0 2	# 62
1 0 1 1 0 0 3	# 63
6 0 0 0 4 3 5	# 64
9 0 0 0 5 3 6	# 65
6 0 0 -3 -3 2 4	# 66
3 0 0 -3 -3 1 2	# 67
0 0 0 -1 -1 0 0	# 68
6 0 0 0 4 3 6	# 69
3 0 0 0 2 2 2	# 70
9 0 0 0 3 5 8	# 71
9 0 0 0 6 7 10	# 72
3 0 0 0 2 2 3	# 73
9 0 0 0 3 3 8	# 74
9 0 0 0 6 6 10	# 75
12 0 6 -9 6 -15 8	# 76
3 0 0 0 1 1 3	# 77
1 0 0 0 0 0 1	# 78
2 0 0 0 -1 -1 2	# 79
3 0 0 0 2 2 4	# 80
3 0 2 2 0 0 5	# 81
3 0 0 0 -3 -3 4	# 82
9 0 0 0 6 6 13	# 83
9 0 3 3 6 6 16	# 84
3 0 1 1 0 0 4	# 85
2 0 -1 -1 -1 -1 2	# 86
1 0 1 1 0 0 2	# 87

N_RAYS
88

LINEALITY_SPACE

ORTH_LINEALITY_SPACE
-1 0 0 0 0 0 0	# 0
0 -1 0 0 0 0 0	# 1
0 0 -1 0 0 0 0	# 2
0 0 0 -1 0 0 0	# 3
0 0 0 0 -1 0 0	# 4
0 0 0 0 0 -1 0	# 5
0 0 0 0 0 0 -1	# 6

F_VECTOR
83 164 108 23

CONES
{0}	# Dimension 1
{1}
{2}
{3}
{4}
{5}
{6}
{7}
{8}
{9}
{10}
{11}
{12}
{13}
{15}
{17}
{19}
{20}
{22}
{23}
{24}
{25}
{26}
{27}
{28}
{29}
{30}
{31}
{32}
{33}
{34}
{35}
{36}
{37}
{38}
{39}
{40}
{41}
{42}
{43}
{44}
{45}
{46}
{47}
{48}
{49}
{50}
{51}
{52}
{53}
{54}
{55}
{56}
{57}
{58}
{59}
{60}
{61}
{62}
{63}
{64}
{65}
{66}
{67}
{69}
{70}
{71}
{72}
{73}
{74}
{75}
{76}
{77}
{78}
{79}
{80}
{81}
{82}
{83}
{84}
{85}
{86}
{87}
{1 16}	# Dimension 2
{2 8}
{2 12}
{2 23}
{2 45}
{3 4}
{3 12}
{3 23}
{5 6}
{5 9}
{5 27}
{5 35}
{5 36}
{5 59}
{6 8}
{6 11}
{6 15}
{6 27}
{6 29}
{6 59}
{8 9}
{8 12}
{8 23}
{8 59}
{8 60}
{9 22}
{9 35}
{9 41}
{9 59}
{9 62}
{10 15}
{11 12}
{11 24}
{13 14}
{15 60}
{15 61}
{15 66}
{15 71}
{18 19}
{20 21}
{22 23}
{22 43}
{24 29}
{25 26}
{25 33}
{25 55}
{26 32}
{27 28}
{27 31}
{27 59}
{27 71}
{28 29}
{28 30}
{30 31}
{30 34}
{31 34}
{31 36}
{31 70}
{31 72}
{32 33}
{33 47}
{33 80}
{33 83}
{34 36}
{34 37}
{34 42}
{34 47}
{34 70}
{35 37}
{35 44}
{35 59}
{35 65}
{36 37}
{37 44}
{37 64}
{37 70}
{38 39}
{38 40}
{38 42}
{39 41}
{39 42}
{39 44}
{40 41}
{40 46}
{41 43}
{41 44}
{43 46}
{45 60}
{45 79}
{47 64}
{47 69}
{47 72}
{47 73}
{47 75}
{48 49}
{48 86}
{49 50}
{49 51}
{49 58}
{49 86}
{50 51}
{50 52}
{50 54}
{50 79}
{51 54}
{51 55}
{51 78}
{52 82}
{53 54}
{53 63}
{53 81}
{54 56}
{54 85}
{55 56}
{55 57}
{55 83}
{56 84}
{57 58}
{57 83}
{58 86}
{59 61}
{59 70}
{60 61}
{60 62}
{60 74}
{60 78}
{61 62}
{61 65}
{61 71}
{61 73}
{61 74}
{62 65}
{62 69}
{62 74}
{63 87}
{64 65}
{64 69}
{64 73}
{66 67}
{67 68}
{69 75}
{70 73}
{71 72}
{71 74}
{72 73}
{72 75}
{73 75}
{74 75}
{74 77}
{75 80}
{77 78}
{77 80}
{78 79}
{78 83}
{78 85}
{78 86}
{79 82}
{79 85}
{79 86}
{80 83}
{81 85}
{81 87}
{83 84}
{84 85}
{2 8 12}	# Dimension 3
{2 8 23}
{2 8 45 60}
{3 8 12 23}
{5 6 8 9}
{5 6 27}
{5 6 59}
{5 9 35}
{5 9 59}
{5 27 31 36}
{5 27 59}
{5 35 36 37}
{5 35 59}
{6 8 11 12}
{6 8 15 60}
{6 8 59}
{6 11 24 29}
{6 15 27 71}
{6 15 59 61}
{6 27 28 29}
{6 27 59}
{8 9 22 23}
{8 9 59}
{8 9 60 62}
{8 59 60 61}
{9 22 41 43}
{9 35 41 44}
{9 35 59}
{9 35 62 65}
{9 59 61 62}
{15 60 61}
{15 60 71 74}
{15 61 71}
{25 26 32 33}
{25 33 55 83}
{27 28 30 31}
{27 31 59 70}
{27 31 71 72}
{27 59 61 71}
{30 31 34}
{31 34 36}
{31 34 47 72}
{31 34 70}
{31 36 37 70}
{31 70 72 73}
{33 47 75 80}
{33 80 83}
{34 36 37}
{34 37 39 42 44}
{34 37 47 64}
{34 37 70}
{34 47 70 73}
{35 37 44}
{35 37 59 70}
{35 37 64 65}
{35 59 61 65}
{37 64 70 73}
{38 39 40 41}
{38 39 42}
{39 41 44}
{40 41 43 46}
{45 60 78 79}
{47 64 69}
{47 64 73}
{47 69 75}
{47 72 73}
{47 72 75}
{47 73 75}
{48 49 86}
{49 50 51}
{49 50 79 86}
{49 51 55 57 58}
{49 51 78 86}
{49 58 86}
{50 51 54}
{50 51 78 79}
{50 52 79 82}
{50 54 79 85}
{51 54 55 56}
{51 54 78 85}
{51 55 78 83}
{53 54 81 85}
{53 63 81 87}
{54 56 84 85}
{55 56 83 84}
{55 57 83}
{57 58 78 83 86}
{59 61 70 73}
{60 61 62}
{60 61 74}
{60 62 74}
{60 74 77 78}
{61 62 65}
{61 62 74}
{61 64 65 73}
{61 71 72 73}
{61 71 74}
{61 73 74 75}
{62 64 65 69}
{62 69 74 75}
{64 69 73 75}
{71 72 74 75}
{72 73 75}
{74 75 77 80}
{77 78 80 83}
{78 79 85}
{78 79 86}
{78 83 84 85}
{5 6 8 9 59}	# Dimension 4
{5 6 27 59}
{5 9 35 59}
{5 27 31 35 36 37 59 70}
{6 8 15 59 60 61}
{6 15 27 59 61 71}
{8 9 59 60 61 62}
{9 35 59 61 62 65}
{15 60 61 71 74}
{27 31 59 61 70 71 72 73}
{31 34 36 37 70}
{31 34 47 70 72 73}
{34 37 47 64 70 73}
{35 37 59 61 64 65 70 73}
{47 64 69 73 75}
{47 72 73 75}
{49 50 51 78 79 86}
{49 51 55 57 58 78 83 86}
{50 51 54 78 79 85}
{51 54 55 56 78 83 84 85}
{60 61 62 74}
{61 62 64 65 69 73 74 75}
{61 71 72 73 74 75}

MAXIMAL_CONES_OF_CLOSURE
{0}	# Dimension 1
{7}
{17}
{76}
{1 16}	# Dimension 2
{3 4}
{10 15}
{13 14}
{15 66}
{18 19}
{20 21}
{66 67}
{67 68}
{2 8 12}	# Dimension 3
{2 8 23}
{2 8 45 60}
{3 8 12 23}
{6 8 11 12}
{6 11 24 29}
{6 27 28 29}
{8 9 22 23}
{9 22 41 43}
{9 35 41 44}
{25 26 32 33}
{25 33 55 83}
{27 28 30 31}
{30 31 34}
{33 47 75 80}
{33 80 83}
{34 37 39 42 44}
{35 37 44}
{38 39 40 41}
{38 39 42}
{39 41 44}
{40 41 43 46}
{45 60 78 79}
{48 49 86}
{50 52 79 82}
{53 54 81 85}
{53 63 81 87}
{60 74 77 78}
{74 75 77 80}
{77 78 80 83}
{5 6 8 9 59}	# Dimension 4
{5 6 27 59}
{5 9 35 59}
{5 27 31 35 36 37 59 70}
{6 8 15 59 60 61}
{6 15 27 59 61 71}
{8 9 59 60 61 62}
{9 35 59 61 62 65}
{15 60 61 71 74}
{27 31 59 61 70 71 72 73}
{31 34 36 37 70}
{31 34 47 70 72 73}
{34 37 47 64 70 73}
{35 37 59 61 64 65 70 73}
{47 64 69 73 75}
{47 72 73 75}
{49 50 51 78 79 86}
{49 51 55 57 58 78 83 86}
{50 51 54 78 79 85}
{51 54 55 56 78 83 84 85}
{60 61 62 74}
{61 62 64 65 69 73 74 75}
{61 71 72 73 74 75}
