_application PolyhedralFan
_version 2.2
_type PolyhedralFan

AMBIENT_DIM
7

LINEALITY_DIM
0

RAYS
1 0 0 0 0 0 0	# 0
0 2 2 0 2 -1 -1	# 1
0 1 1 1 1 1 1	# 2
0 2 2 -1 2 -1 0	# 3
0 2 0 2 -1 2 -1	# 4
0 1 1 0 1 0 0	# 5
0 2 2 -1 2 -1 -1	# 6
0 2 -1 2 -1 2 0	# 7
0 0 -1 0 -1 0 -1	# 8
0 2 -1 2 -1 2 -1	# 9
0 0 0 -1 0 -1 -1	# 10
0 1 0 1 0 1 0	# 11
0 2 2 -1 2 0 -1	# 12
0 0 -2 -3 -3 -2 0	# 13
0 -1 0 0 -1 -1 0	# 14
0 -1 -1 -1 0 0 0	# 15
0 2 -1 2 0 2 -1	# 16
0 -1 -1 0 0 -1 -1	# 17
0 -1 0 0 0 0 -1	# 18
0 -3 0 -2 -2 0 -3	# 19
0 -1 0 -1 -1 0 -1	# 20
0 0 -3 -2 -2 -3 0	# 21
0 -3 -2 0 0 -2 -3	# 22
0 0 -1 -1 -1 -1 0	# 23
0 -1 0 -1 2 2 2	# 24
0 0 0 0 1 1 1	# 25
0 -1 -1 -1 2 2 2	# 26
0 0 -1 -1 2 2 2	# 27
0 -1 2 2 0 -1 2	# 28
0 0 -1 0 0 -1 0	# 29
0 -1 2 2 -1 -1 2	# 30
0 -2 -3 0 0 -3 -2	# 31
0 0 1 1 0 0 1	# 32
0 -1 -1 0 2 2 2	# 33
0 0 0 -1 -1 0 0	# 34
0 -1 2 2 -1 0 2	# 35
0 0 2 2 -1 -1 2	# 36
0 -2 0 -3 -3 0 -2	# 37

N_RAYS
38

LINEALITY_SPACE

ORTH_LINEALITY_SPACE
-1 0 0 0 0 0 0	# 0
0 -1 0 0 0 0 0	# 1
0 0 -1 0 0 0 0	# 2
0 0 0 -1 0 0 0	# 3
0 0 0 0 -1 0 0	# 4
0 0 0 0 0 -1 0	# 5
0 0 0 0 0 0 -1	# 6

F_VECTOR
1 37 48 12

CONES
{0}	# Dimension 1
{0 1}	# Dimension 2
{0 2}
{0 3}
{0 4}
{0 5}
{0 6}
{0 7}
{0 8}
{0 9}
{0 10}
{0 11}
{0 12}
{0 13}
{0 14}
{0 15}
{0 16}
{0 17}
{0 18}
{0 19}
{0 20}
{0 21}
{0 22}
{0 23}
{0 24}
{0 25}
{0 26}
{0 27}
{0 28}
{0 29}
{0 30}
{0 31}
{0 32}
{0 33}
{0 34}
{0 35}
{0 36}
{0 37}
{0 1 5}	# Dimension 3
{0 1 6}
{0 2 5}
{0 2 11}
{0 2 25}
{0 2 32}
{0 3 5}
{0 3 6}
{0 4 9}
{0 4 11}
{0 5 6}
{0 5 12}
{0 6 10}
{0 6 12}
{0 7 9}
{0 7 11}
{0 8 9}
{0 9 11}
{0 9 16}
{0 11 16}
{0 13 23}
{0 13 34}
{0 14 30}
{0 15 26}
{0 17 22}
{0 17 31}
{0 18 19}
{0 18 22}
{0 19 20}
{0 20 37}
{0 21 23}
{0 21 29}
{0 24 25}
{0 24 26}
{0 25 26}
{0 25 27}
{0 25 33}
{0 26 27}
{0 26 33}
{0 28 30}
{0 28 32}
{0 29 31}
{0 30 32}
{0 30 35}
{0 30 36}
{0 32 35}
{0 32 36}
{0 34 37}
{0 1 5 6}	# Dimension 4
{0 3 5 6}
{0 4 9 11}
{0 5 6 12}
{0 7 9 11}
{0 9 11 16}
{0 24 25 26}
{0 25 26 27}
{0 25 26 33}
{0 28 30 32}
{0 30 32 35}
{0 30 32 36}

MAXIMAL_CONES_OF_CLOSURE
{0 2 5}	# Dimension 3
{0 2 11}
{0 2 25}
{0 2 32}
{0 6 10}
{0 8 9}
{0 13 23}
{0 13 34}
{0 14 30}
{0 15 26}
{0 17 22}
{0 17 31}
{0 18 19}
{0 18 22}
{0 19 20}
{0 20 37}
{0 21 23}
{0 21 29}
{0 29 31}
{0 34 37}
{0 1 5 6}	# Dimension 4
{0 3 5 6}
{0 4 9 11}
{0 5 6 12}
{0 7 9 11}
{0 9 11 16}
{0 24 25 26}
{0 25 26 27}
{0 25 26 33}
{0 28 30 32}
{0 30 32 35}
{0 30 32 36}
