_application PolyhedralFan
_version 2.2
_type PolyhedralFan

AMBIENT_DIM
7

LINEALITY_DIM
0

RAYS
1 0 0 0 0 0 0	# 0
0 2 2 0 2 -1 -1	# 1
0 2 2 -1 2 -1 0	# 2
0 2 0 2 -1 2 -1	# 3
0 2 -1 2 -1 2 0	# 4
0 1 1 1 1 1 1	# 5
0 0 -1 0 -1 0 -1	# 6
0 2 -1 2 -1 2 -1	# 7
0 0 -2 -3 -3 -2 0	# 8
0 0 0 -1 0 -1 -1	# 9
0 1 0 1 0 1 0	# 10
0 2 2 -1 2 -1 -1	# 11
0 1 1 0 1 0 0	# 12
0 -1 -1 -1 0 0 0	# 13
0 2 2 -1 2 0 -1	# 14
0 2 -1 2 0 2 -1	# 15
0 -1 0 0 -1 -1 0	# 16
0 -1 -1 0 0 -1 -1	# 17
0 -1 0 0 0 0 -1	# 18
0 -3 0 -2 -2 0 -3	# 19
0 -1 0 -1 -1 0 -1	# 20
0 -3 -2 0 0 -2 -3	# 21
0 0 -3 -2 -2 -3 0	# 22
0 0 -1 -1 -1 -1 0	# 23
0 -1 0 -1 2 2 2	# 24
0 -1 -1 -1 2 2 2	# 25
0 -1 -1 0 2 2 2	# 26
0 0 0 0 1 1 1	# 27
0 0 -1 -1 2 2 2	# 28
0 -1 2 2 0 -1 2	# 29
0 0 -1 0 0 -1 0	# 30
0 -1 2 2 -1 -1 2	# 31
0 0 1 1 0 0 1	# 32
0 -2 -3 0 0 -3 -2	# 33
0 0 0 -1 -1 0 0	# 34
0 -2 0 -3 -3 0 -2	# 35
0 -1 2 2 -1 0 2	# 36
0 0 2 2 -1 -1 2	# 37

N_RAYS
38

LINEALITY_SPACE

ORTH_LINEALITY_SPACE
-1 0 0 0 0 0 0	# 0
0 -1 0 0 0 0 0	# 1
0 0 -1 0 0 0 0	# 2
0 0 0 -1 0 0 0	# 3
0 0 0 0 -1 0 0	# 4
0 0 0 0 0 -1 0	# 5
0 0 0 0 0 0 -1	# 6

F_VECTOR
1 37 48 12

CONES
{0}	# Dimension 1
{0 1}	# Dimension 2
{0 2}
{0 3}
{0 4}
{0 5}
{0 6}
{0 7}
{0 8}
{0 9}
{0 10}
{0 11}
{0 12}
{0 13}
{0 14}
{0 15}
{0 16}
{0 17}
{0 18}
{0 19}
{0 20}
{0 21}
{0 22}
{0 23}
{0 24}
{0 25}
{0 26}
{0 27}
{0 28}
{0 29}
{0 30}
{0 31}
{0 32}
{0 33}
{0 34}
{0 35}
{0 36}
{0 37}
{0 1 11}	# Dimension 3
{0 1 12}
{0 2 11}
{0 2 12}
{0 3 7}
{0 3 10}
{0 4 7}
{0 4 10}
{0 5 10}
{0 5 12}
{0 5 27}
{0 5 32}
{0 6 7}
{0 7 10}
{0 7 15}
{0 8 23}
{0 8 34}
{0 9 11}
{0 10 15}
{0 11 12}
{0 11 14}
{0 12 14}
{0 13 25}
{0 16 31}
{0 17 21}
{0 17 33}
{0 18 19}
{0 18 21}
{0 19 20}
{0 20 35}
{0 22 23}
{0 22 30}
{0 24 25}
{0 24 27}
{0 25 26}
{0 25 27}
{0 25 28}
{0 26 27}
{0 27 28}
{0 29 31}
{0 29 32}
{0 30 33}
{0 31 32}
{0 31 36}
{0 31 37}
{0 32 36}
{0 32 37}
{0 34 35}
{0 1 11 12}	# Dimension 4
{0 2 11 12}
{0 3 7 10}
{0 4 7 10}
{0 7 10 15}
{0 11 12 14}
{0 24 25 27}
{0 25 26 27}
{0 25 27 28}
{0 29 31 32}
{0 31 32 36}
{0 31 32 37}

MAXIMAL_CONES_OF_CLOSURE
{0 5 10}	# Dimension 3
{0 5 12}
{0 5 27}
{0 5 32}
{0 6 7}
{0 8 23}
{0 8 34}
{0 9 11}
{0 13 25}
{0 16 31}
{0 17 21}
{0 17 33}
{0 18 19}
{0 18 21}
{0 19 20}
{0 20 35}
{0 22 23}
{0 22 30}
{0 30 33}
{0 34 35}
{0 1 11 12}	# Dimension 4
{0 2 11 12}
{0 3 7 10}
{0 4 7 10}
{0 7 10 15}
{0 11 12 14}
{0 24 25 27}
{0 25 26 27}
{0 25 27 28}
{0 29 31 32}
{0 31 32 36}
{0 31 32 37}
