_application PolyhedralFan
_version 2.2
_type PolyhedralFan

AMBIENT_DIM
7

LINEALITY_DIM
0

RAYS
3 0 0 0 1 0 0	# 0
1 0 0 0 0 0 0	# 1
2 0 0 0 -1 -1 0	# 2
1 0 0 0 1 0 0	# 3
3 0 0 0 1 1 1	# 4
3 5 11 23 -7 12 18	# 5
1 0 0 0 1 1 1	# 6
3 0 0 0 1 0 1	# 7
1 0 0 0 0 0 1	# 8
3 0 0 0 1 0 3	# 9
2 0 0 0 -1 -1 2	# 10
9 0 0 0 5 3 3	# 11
3 0 0 0 3 1 1	# 12
3 0 0 0 1 1 3	# 13
3 0 0 0 0 1 1	# 14
9 0 0 0 3 5 5	# 15
3 0 0 0 0 1 3	# 16
9 0 0 0 5 3 5	# 17
9 0 0 0 5 3 9	# 18
1 2 -2 4 5 9 7	# 19
6 0 0 3 -3 3 7	# 20
3 0 0 0 3 3 5	# 21
9 0 0 0 3 5 11	# 22
9 0 0 0 3 3 11	# 23
1 0 0 0 1 1 3	# 24
3 0 0 0 1 1 7	# 25
6 0 0 0 -3 -3 14	# 26
4 0 2 -9 2 -11 4	# 27
3 0 0 0 0 0 7	# 28
3 0 2 2 0 0 11	# 29
1 0 1 1 0 0 4	# 30
3 0 2 2 0 0 9	# 31
3 0 3 3 0 0 10	# 32
8 0 2 2 -5 -5 26	# 33
2 0 0 0 -1 -1 6	# 34
1 0 0 0 0 0 3	# 35
24 0 6 6 -15 -15 62	# 36
2 0 -1 -1 -2 -2 5	# 37
6 0 -3 -3 -6 -6 14	# 38
3 0 -2 -2 -3 -3 7	# 39
3 0 -2 -2 -2 -2 7	# 40
1 0 0 0 -1 -1 3	# 41
3 0 0 0 -3 -3 8	# 42
2 0 0 0 -3 -3 6	# 43
6 0 0 -3 -3 2 6	# 44
1 0 2 2 0 0 5	# 45
3 0 6 6 0 0 13	# 46
3 -4 14 18 17 21 35	# 47
3 0 0 0 0 1 0	# 48
3 0 2 2 3 3 11	# 49
1 0 0 0 3 3 5	# 50
9 0 0 0 3 5 3	# 51
3 0 0 0 1 1 0	# 52
2 0 0 0 -1 0 -1	# 53
2 0 0 0 0 -1 -1	# 54
6 0 0 0 2 -3 -3	# 55
2 0 0 0 2 -1 -1	# 56
6 2 -7 -19 2 2 -28	# 57
1 0 0 0 0 1 0	# 58
3 0 0 0 1 3 1	# 59
6 0 0 0 -3 2 -3	# 60
2 0 0 0 -1 -1 -2	# 61
2 0 0 0 -1 2 -1	# 62
1 0 0 0 -1 -3 -4	# 63

N_RAYS
64

LINEALITY_SPACE

ORTH_LINEALITY_SPACE
-1 0 0 0 0 0 0	# 0
0 -1 0 0 0 0 0	# 1
0 0 -1 0 0 0 0	# 2
0 0 0 -1 0 0 0	# 3
0 0 0 0 -1 0 0	# 4
0 0 0 0 0 -1 0	# 5
0 0 0 0 0 0 -1	# 6

F_VECTOR
64 131 101 27

CONES
{0}	# Dimension 1
{1}
{2}
{3}
{4}
{5}
{6}
{7}
{8}
{9}
{10}
{11}
{12}
{13}
{14}
{15}
{16}
{17}
{18}
{19}
{20}
{21}
{22}
{23}
{24}
{25}
{26}
{27}
{28}
{29}
{30}
{31}
{32}
{33}
{34}
{35}
{36}
{37}
{38}
{39}
{40}
{41}
{42}
{43}
{44}
{45}
{46}
{47}
{48}
{49}
{50}
{51}
{52}
{53}
{54}
{55}
{56}
{57}
{58}
{59}
{60}
{61}
{62}
{63}
{0 1}	# Dimension 2
{0 3}
{0 4}
{0 7}
{0 11}
{0 52}
{0 55}
{1 2}
{1 4}
{1 7}
{1 8}
{1 14}
{1 48}
{1 52}
{1 53}
{1 54}
{2 10}
{2 53}
{2 54}
{3 12}
{3 56}
{4 6}
{4 7}
{4 11}
{4 13}
{4 14}
{4 15}
{4 17}
{4 48}
{4 51}
{4 52}
{6 11}
{6 12}
{6 15}
{6 17}
{6 21}
{6 51}
{6 52}
{6 59}
{7 9}
{7 17}
{8 9}
{8 10}
{8 13}
{8 16}
{8 23}
{8 28}
{9 13}
{9 18}
{9 21}
{9 23}
{10 26}
{11 12}
{11 17}
{11 52}
{13 16}
{13 18}
{13 21}
{13 22}
{13 23}
{14 15}
{14 16}
{14 48}
{15 22}
{15 51}
{16 20}
{16 22}
{16 44}
{17 18}
{18 21}
{21 22}
{21 23}
{21 24}
{22 23}
{23 25}
{24 25}
{24 28}
{24 35}
{24 40}
{24 49}
{24 50}
{25 28}
{26 28}
{26 34}
{26 36}
{26 38}
{28 31}
{28 35}
{28 40}
{29 30}
{29 31}
{29 33}
{29 35}
{29 49}
{30 32}
{30 45}
{31 32}
{31 36}
{31 49}
{32 46}
{33 34}
{33 36}
{33 41}
{34 35}
{34 37}
{35 40}
{36 42}
{37 38}
{37 39}
{37 41}
{38 39}
{38 42}
{39 40}
{41 42}
{41 43}
{42 43}
{45 46}
{48 51}
{48 52}
{48 58}
{48 60}
{51 52}
{51 59}
{53 60}
{53 61}
{54 55}
{54 61}
{55 56}
{58 59}
{58 62}
{60 62}
{0 1 4}	# Dimension 3
{0 1 7}
{0 1 52}
{0 1 54 55}
{0 3 11 12}
{0 3 55 56}
{0 4 7}
{0 4 11}
{0 4 52}
{0 7 11 17}
{0 11 52}
{1 2 8 10}
{1 2 53}
{1 2 54}
{1 4 7}
{1 4 8 13}
{1 4 14}
{1 4 48}
{1 4 52}
{1 7 8 9}
{1 8 14 16}
{1 14 48}
{1 48 52}
{1 48 53 60}
{1 53 54 61}
{4 6 11}
{4 6 13 21}
{4 6 15}
{4 6 17}
{4 6 51}
{4 6 52}
{4 7 9 13}
{4 7 17}
{4 11 17}
{4 11 52}
{4 13 14 16}
{4 13 15 22}
{4 13 17 18}
{4 14 15}
{4 14 48}
{4 15 51}
{4 48 51}
{4 48 52}
{4 51 52}
{6 11 12}
{6 11 17}
{6 11 52}
{6 15 21 22}
{6 15 51}
{6 17 18 21}
{6 51 52}
{6 51 59}
{7 9 17 18}
{8 9 13}
{8 9 23}
{8 10 26 28}
{8 13 16}
{8 13 23}
{8 16 22 23}
{8 23 25 28}
{9 13 18}
{9 13 23}
{9 18 21}
{9 21 23}
{13 16 22}
{13 18 21}
{13 21 22}
{13 21 23}
{13 22 23}
{14 15 16 22}
{14 15 48 51}
{21 22 23}
{21 23 24 25}
{24 25 28}
{24 28 31 49}
{24 28 35}
{24 28 40}
{24 29 35 49}
{24 35 40}
{26 28 31 36}
{26 28 34 35}
{26 28 38 39 40}
{26 33 34 36}
{26 34 37 38}
{26 36 38 42}
{28 29 31 35}
{28 35 40}
{29 30 31 32}
{29 31 33 36}
{29 31 49}
{29 33 34 35}
{30 32 45 46}
{33 34 37 41}
{33 36 41 42}
{34 35 37 39 40}
{37 38 39}
{37 38 41 42}
{41 42 43}
{48 51 52}
{48 51 58 59}
{48 58 60 62}
{0 1 4 7}	# Dimension 4
{0 1 4 52}
{0 4 7 11 17}
{0 4 11 52}
{1 4 7 8 9 13}
{1 4 8 13 14 16}
{1 4 14 48}
{1 4 48 52}
{4 6 11 17}
{4 6 11 52}
{4 6 13 15 21 22}
{4 6 13 17 18 21}
{4 6 15 51}
{4 6 51 52}
{4 7 9 13 17 18}
{4 13 14 15 16 22}
{4 14 15 48 51}
{4 48 51 52}
{8 9 13 23}
{8 13 16 22 23}
{9 13 18 21 23}
{13 21 22 23}
{24 28 29 31 35 49}
{24 28 35 40}
{26 28 29 31 33 34 35 36}
{26 28 34 35 37 38 39 40}
{26 33 34 36 37 38 41 42}

MAXIMAL_CONES_OF_CLOSURE
{5}	# Dimension 1
{19}
{27}
{47}
{57}
{63}
{16 20}	# Dimension 2
{16 44}
{24 50}
{0 1 54 55}	# Dimension 3
{0 3 11 12}
{0 3 55 56}
{1 2 8 10}
{1 2 53}
{1 2 54}
{1 48 53 60}
{1 53 54 61}
{6 11 12}
{6 51 59}
{8 10 26 28}
{8 23 25 28}
{21 23 24 25}
{24 25 28}
{29 30 31 32}
{30 32 45 46}
{41 42 43}
{48 51 58 59}
{48 58 60 62}
{0 1 4 7}	# Dimension 4
{0 1 4 52}
{0 4 7 11 17}
{0 4 11 52}
{1 4 7 8 9 13}
{1 4 8 13 14 16}
{1 4 14 48}
{1 4 48 52}
{4 6 11 17}
{4 6 11 52}
{4 6 13 15 21 22}
{4 6 13 17 18 21}
{4 6 15 51}
{4 6 51 52}
{4 7 9 13 17 18}
{4 13 14 15 16 22}
{4 14 15 48 51}
{4 48 51 52}
{8 9 13 23}
{8 13 16 22 23}
{9 13 18 21 23}
{13 21 22 23}
{24 28 29 31 35 49}
{24 28 35 40}
{26 28 29 31 33 34 35 36}
{26 28 34 35 37 38 39 40}
{26 33 34 36 37 38 41 42}
