_application PolyhedralFan
_version 2.2
_type PolyhedralFan

AMBIENT_DIM
7

LINEALITY_DIM
0

RAYS
3 0 0 0 1 0 0	# 0
1 0 0 0 0 0 0	# 1
2 0 0 0 -1 -1 0	# 2
3 0 0 0 1 1 1	# 3
1 0 0 0 1 0 0	# 4
1 0 0 0 1 1 1	# 5
3 5 11 23 -7 12 18	# 6
3 0 0 0 1 0 1	# 7
9 0 0 0 5 3 5	# 8
9 0 0 0 5 3 3	# 9
1 0 0 0 0 0 1	# 10
3 0 0 0 1 0 3	# 11
2 0 0 0 -1 -1 2	# 12
3 0 0 0 1 1 3	# 13
3 0 0 0 0 1 3	# 14
3 0 0 0 0 1 1	# 15
1 2 -2 4 5 9 7	# 16
9 0 0 0 5 3 9	# 17
9 0 0 0 3 5 5	# 18
6 0 0 3 -3 3 7	# 19
3 0 0 0 3 1 1	# 20
3 0 0 0 3 3 5	# 21
9 0 0 0 3 5 11	# 22
3 0 0 0 0 1 0	# 23
3 -4 14 18 17 21 35	# 24
9 0 0 0 3 5 3	# 25
3 0 0 0 1 1 0	# 26
9 0 0 0 3 3 11	# 27
1 0 0 0 1 1 3	# 28
3 0 0 0 1 1 7	# 29
2 0 0 0 -1 0 -1	# 30
6 0 0 0 -3 -3 14	# 31
3 0 0 0 0 0 7	# 32
4 0 2 -9 2 -11 4	# 33
1 0 0 0 0 1 0	# 34
3 0 0 0 1 3 1	# 35
2 0 0 0 -1 2 -1	# 36
6 0 0 0 -3 2 -3	# 37
2 0 0 0 0 -1 -1	# 38
6 0 0 0 2 -3 -3	# 39
2 0 0 0 2 -1 -1	# 40
3 0 2 2 0 0 11	# 41
1 0 1 1 0 0 4	# 42
3 0 2 2 0 0 9	# 43
3 0 3 3 0 0 10	# 44
8 0 2 2 -5 -5 26	# 45
2 0 0 0 -1 -1 6	# 46
1 0 0 0 0 0 3	# 47
24 0 6 6 -15 -15 62	# 48
2 0 -1 -1 -2 -2 5	# 49
6 0 -3 -3 -6 -6 14	# 50
3 0 -2 -2 -3 -3 7	# 51
3 0 -2 -2 -2 -2 7	# 52
1 0 0 0 -1 -1 3	# 53
3 0 0 0 -3 -3 8	# 54
2 0 0 0 -3 -3 6	# 55
1 0 2 2 0 0 5	# 56
3 0 6 6 0 0 13	# 57
6 2 -7 -19 2 2 -28	# 58
3 0 2 2 3 3 11	# 59
1 0 0 0 3 3 5	# 60
6 0 0 -3 -3 2 6	# 61
2 0 0 0 -1 -1 -2	# 62
1 0 0 0 -1 -3 -4	# 63

N_RAYS
64

LINEALITY_SPACE

ORTH_LINEALITY_SPACE
-1 0 0 0 0 0 0	# 0
0 -1 0 0 0 0 0	# 1
0 0 -1 0 0 0 0	# 2
0 0 0 -1 0 0 0	# 3
0 0 0 0 -1 0 0	# 4
0 0 0 0 0 -1 0	# 5
0 0 0 0 0 0 -1	# 6

F_VECTOR
64 131 101 27

CONES
{0}	# Dimension 1
{1}
{2}
{3}
{4}
{5}
{6}
{7}
{8}
{9}
{10}
{11}
{12}
{13}
{14}
{15}
{16}
{17}
{18}
{19}
{20}
{21}
{22}
{23}
{24}
{25}
{26}
{27}
{28}
{29}
{30}
{31}
{32}
{33}
{34}
{35}
{36}
{37}
{38}
{39}
{40}
{41}
{42}
{43}
{44}
{45}
{46}
{47}
{48}
{49}
{50}
{51}
{52}
{53}
{54}
{55}
{56}
{57}
{58}
{59}
{60}
{61}
{62}
{63}
{0 1}	# Dimension 2
{0 3}
{0 4}
{0 7}
{0 9}
{0 26}
{0 39}
{1 2}
{1 3}
{1 7}
{1 10}
{1 15}
{1 23}
{1 26}
{1 30}
{1 38}
{2 12}
{2 30}
{2 38}
{3 5}
{3 7}
{3 8}
{3 9}
{3 13}
{3 15}
{3 18}
{3 23}
{3 25}
{3 26}
{4 20}
{4 40}
{5 8}
{5 9}
{5 18}
{5 20}
{5 21}
{5 25}
{5 26}
{5 35}
{7 8}
{7 11}
{8 9}
{8 17}
{9 20}
{9 26}
{10 11}
{10 12}
{10 13}
{10 14}
{10 27}
{10 32}
{11 13}
{11 17}
{11 21}
{11 27}
{12 31}
{13 14}
{13 17}
{13 21}
{13 22}
{13 27}
{14 15}
{14 19}
{14 22}
{14 61}
{15 18}
{15 23}
{17 21}
{18 22}
{18 25}
{21 22}
{21 27}
{21 28}
{22 27}
{23 25}
{23 26}
{23 34}
{23 37}
{25 26}
{25 35}
{27 29}
{28 29}
{28 32}
{28 47}
{28 52}
{28 59}
{28 60}
{29 32}
{30 37}
{30 62}
{31 32}
{31 46}
{31 48}
{31 50}
{32 43}
{32 47}
{32 52}
{34 35}
{34 36}
{36 37}
{38 39}
{38 62}
{39 40}
{41 42}
{41 43}
{41 45}
{41 47}
{41 59}
{42 44}
{42 56}
{43 44}
{43 48}
{43 59}
{44 57}
{45 46}
{45 48}
{45 53}
{46 47}
{46 49}
{47 52}
{48 54}
{49 50}
{49 51}
{49 53}
{50 51}
{50 54}
{51 52}
{53 54}
{53 55}
{54 55}
{56 57}
{0 1 3}	# Dimension 3
{0 1 7}
{0 1 26}
{0 1 38 39}
{0 3 7}
{0 3 9}
{0 3 26}
{0 4 9 20}
{0 4 39 40}
{0 7 8 9}
{0 9 26}
{1 2 10 12}
{1 2 30}
{1 2 38}
{1 3 7}
{1 3 10 13}
{1 3 15}
{1 3 23}
{1 3 26}
{1 7 10 11}
{1 10 14 15}
{1 15 23}
{1 23 26}
{1 23 30 37}
{1 30 38 62}
{3 5 8}
{3 5 9}
{3 5 13 21}
{3 5 18}
{3 5 25}
{3 5 26}
{3 7 8}
{3 7 11 13}
{3 8 9}
{3 8 13 17}
{3 9 26}
{3 13 14 15}
{3 13 18 22}
{3 15 18}
{3 15 23}
{3 18 25}
{3 23 25}
{3 23 26}
{3 25 26}
{5 8 9}
{5 8 17 21}
{5 9 20}
{5 9 26}
{5 18 21 22}
{5 18 25}
{5 25 26}
{5 25 35}
{7 8 11 17}
{10 11 13}
{10 11 27}
{10 12 31 32}
{10 13 14}
{10 13 27}
{10 14 22 27}
{10 27 29 32}
{11 13 17}
{11 13 27}
{11 17 21}
{11 21 27}
{13 14 22}
{13 17 21}
{13 21 22}
{13 21 27}
{13 22 27}
{14 15 18 22}
{15 18 23 25}
{21 22 27}
{21 27 28 29}
{23 25 26}
{23 25 34 35}
{23 34 36 37}
{28 29 32}
{28 32 43 59}
{28 32 47}
{28 32 52}
{28 41 47 59}
{28 47 52}
{31 32 43 48}
{31 32 46 47}
{31 32 50 51 52}
{31 45 46 48}
{31 46 49 50}
{31 48 50 54}
{32 41 43 47}
{32 47 52}
{41 42 43 44}
{41 43 45 48}
{41 43 59}
{41 45 46 47}
{42 44 56 57}
{45 46 49 53}
{45 48 53 54}
{46 47 49 51 52}
{49 50 51}
{49 50 53 54}
{53 54 55}
{0 1 3 7}	# Dimension 4
{0 1 3 26}
{0 3 7 8 9}
{0 3 9 26}
{1 3 7 10 11 13}
{1 3 10 13 14 15}
{1 3 15 23}
{1 3 23 26}
{3 5 8 9}
{3 5 8 13 17 21}
{3 5 9 26}
{3 5 13 18 21 22}
{3 5 18 25}
{3 5 25 26}
{3 7 8 11 13 17}
{3 13 14 15 18 22}
{3 15 18 23 25}
{3 23 25 26}
{10 11 13 27}
{10 13 14 22 27}
{11 13 17 21 27}
{13 21 22 27}
{28 32 41 43 47 59}
{28 32 47 52}
{31 32 41 43 45 46 47 48}
{31 32 46 47 49 50 51 52}
{31 45 46 48 49 50 53 54}

MAXIMAL_CONES_OF_CLOSURE
{6}	# Dimension 1
{16}
{24}
{33}
{58}
{63}
{14 19}	# Dimension 2
{14 61}
{28 60}
{0 1 38 39}	# Dimension 3
{0 4 9 20}
{0 4 39 40}
{1 2 10 12}
{1 2 30}
{1 2 38}
{1 23 30 37}
{1 30 38 62}
{5 9 20}
{5 25 35}
{10 12 31 32}
{10 27 29 32}
{21 27 28 29}
{23 25 34 35}
{23 34 36 37}
{28 29 32}
{41 42 43 44}
{42 44 56 57}
{53 54 55}
{0 1 3 7}	# Dimension 4
{0 1 3 26}
{0 3 7 8 9}
{0 3 9 26}
{1 3 7 10 11 13}
{1 3 10 13 14 15}
{1 3 15 23}
{1 3 23 26}
{3 5 8 9}
{3 5 8 13 17 21}
{3 5 9 26}
{3 5 13 18 21 22}
{3 5 18 25}
{3 5 25 26}
{3 7 8 11 13 17}
{3 13 14 15 18 22}
{3 15 18 23 25}
{3 23 25 26}
{10 11 13 27}
{10 13 14 22 27}
{11 13 17 21 27}
{13 21 22 27}
{28 32 41 43 47 59}
{28 32 47 52}
{31 32 41 43 45 46 47 48}
{31 32 46 47 49 50 51 52}
{31 45 46 48 49 50 53 54}
