_application PolyhedralFan
_version 2.2
_type PolyhedralFan

AMBIENT_DIM
7

LINEALITY_DIM
0

RAYS
3 -4 14 18 17 21 35	# 0
2 0 -12 -16 -13 -17 2	# 1
2 0 0 0 -1 -1 0	# 2
3 0 0 0 1 1 0	# 3
3 0 0 0 0 1 0	# 4
6 2 -7 -19 2 2 -28	# 5
1 0 0 0 -1 -3 -4	# 6
6 0 0 3 -3 3 7	# 7
3 0 0 0 0 1 3	# 8
3 5 11 23 -7 12 18	# 9
1 0 0 0 0 0 0	# 10
3 0 0 0 1 0 0	# 11
6 0 0 0 -3 2 -3	# 12
2 0 0 0 -1 0 -1	# 13
0 0 -1 -1 -1 -1 0	# 14
0 -1 0 -1 -1 0 -1	# 15
6 -40 0 -58 -49 2 -67	# 16
2 0 0 0 -1 -1 -2	# 17
0 -1 -1 0 0 -1 -1	# 18
6 -36 -42 0 2 -57 -63	# 19
6 0 0 0 2 -3 -3	# 20
2 0 0 0 0 -1 -1	# 21
2 0 0 0 -1 2 -1	# 22
1 2 -2 4 5 9 7	# 23
1 0 0 0 3 3 5	# 24
1 0 0 0 1 1 3	# 25
9 0 0 0 3 5 3	# 26
3 0 0 0 1 3 1	# 27
1 0 0 0 0 1 0	# 28
1 0 0 0 1 1 1	# 29
1 0 0 0 1 0 0	# 30
3 0 0 0 3 1 1	# 31
2 0 0 0 2 -1 -1	# 32
9 0 0 0 5 3 3	# 33
2 0 0 0 -1 -1 2	# 34
3 0 0 0 3 3 5	# 35
2 0 0 0 -1 -1 6	# 36
2 0 -1 -1 -2 -2 5	# 37
1 0 0 0 0 0 3	# 38
3 0 -2 -2 -3 -3 7	# 39
3 0 -2 -2 -2 -2 7	# 40
3 0 0 0 1 1 1	# 41
1 0 0 0 0 0 1	# 42
3 0 0 0 1 1 3	# 43
3 0 0 0 1 0 3	# 44
2 0 0 0 -3 -3 6	# 45
1 0 0 0 -1 -1 3	# 46
8 0 2 2 -5 -5 26	# 47
1 0 1 1 0 0 4	# 48
3 0 2 2 0 0 11	# 49
3 0 2 2 3 3 11	# 50
9 0 0 0 5 3 9	# 51
1 0 2 2 0 0 5	# 52
6 0 0 -3 -3 2 6	# 53
9 0 0 0 3 5 11	# 54
9 0 0 0 3 3 11	# 55
4 0 2 -9 2 -11 4	# 56
3 0 0 0 1 1 7	# 57
3 0 0 0 0 0 7	# 58
3 0 3 3 0 0 10	# 59
3 0 2 2 0 0 9	# 60
24 0 6 6 -15 -15 62	# 61
6 0 0 0 -3 -3 14	# 62
6 0 -3 -3 -6 -6 14	# 63
3 0 0 0 -3 -3 8	# 64
3 0 6 6 0 0 13	# 65

N_RAYS
66

LINEALITY_SPACE

ORTH_LINEALITY_SPACE
-1 0 0 0 0 0 0	# 0
0 -1 0 0 0 0 0	# 1
0 0 -1 0 0 0 0	# 2
0 0 0 -1 0 0 0	# 3
0 0 0 0 -1 0 0	# 4
0 0 0 0 0 -1 0	# 5
0 0 0 0 0 0 -1	# 6

F_VECTOR
63 119 82 19

CONES
{0}	# Dimension 1
{1}
{2}
{3}
{4}
{5}
{6}
{7}
{8}
{9}
{10}
{11}
{12}
{13}
{16}
{17}
{19}
{20}
{21}
{22}
{23}
{24}
{25}
{26}
{27}
{28}
{29}
{30}
{31}
{32}
{33}
{34}
{35}
{36}
{37}
{38}
{39}
{40}
{41}
{42}
{43}
{44}
{45}
{46}
{47}
{48}
{49}
{50}
{51}
{52}
{53}
{54}
{55}
{56}
{57}
{58}
{59}
{60}
{61}
{62}
{63}
{64}
{65}
{1 14}	# Dimension 2
{2 10}
{2 13}
{2 21}
{2 34}
{3 4}
{3 11}
{3 26}
{3 29}
{3 33}
{3 41}
{4 8}
{4 10}
{4 12}
{4 26}
{4 28}
{4 41}
{7 8}
{8 42}
{8 43}
{8 53}
{8 54}
{10 11}
{10 13}
{10 21}
{10 41}
{10 42}
{11 20}
{11 30}
{11 33}
{11 41}
{11 44}
{12 13}
{12 22}
{13 17}
{15 16}
{17 21}
{18 19}
{20 21}
{20 32}
{22 28}
{24 25}
{25 35}
{25 38}
{25 40}
{25 50}
{25 57}
{25 58}
{26 27}
{26 29}
{26 41}
{26 54}
{27 28}
{27 29}
{29 31}
{29 33}
{29 35}
{29 41}
{30 31}
{30 32}
{31 33}
{33 41}
{33 51}
{34 42}
{34 62}
{35 43}
{35 44}
{35 51}
{35 54}
{35 55}
{36 37}
{36 38}
{36 47}
{36 62}
{37 39}
{37 46}
{37 63}
{38 40}
{38 49}
{38 58}
{39 40}
{39 63}
{40 58}
{41 43}
{42 43}
{42 44}
{42 55}
{42 58}
{43 44}
{43 51}
{43 54}
{43 55}
{44 51}
{44 55}
{45 46}
{45 64}
{46 47}
{46 64}
{47 49}
{47 61}
{48 49}
{48 52}
{48 59}
{49 50}
{49 60}
{50 60}
{52 65}
{54 55}
{55 57}
{57 58}
{58 60}
{58 62}
{59 60}
{59 65}
{60 61}
{61 62}
{61 64}
{62 63}
{63 64}
{2 10 13}	# Dimension 3
{2 10 21}
{2 10 34 42}
{3 4 10 11}
{3 4 26}
{3 4 41}
{3 11 33}
{3 11 41}
{3 26 29}
{3 26 41}
{3 29 33}
{3 33 41}
{4 8 10 42}
{4 8 26 54}
{4 8 41 43}
{4 10 12 13}
{4 10 41}
{4 12 22 28}
{4 26 27 28}
{4 26 41}
{8 42 43}
{8 42 54 55}
{8 43 54}
{10 11 20 21}
{10 11 41}
{10 11 42 44}
{10 13 17 21}
{10 41 42 43}
{11 20 30 32}
{11 30 31 33}
{11 33 41}
{11 33 44 51}
{11 41 43 44}
{25 35 55 57}
{25 38 40}
{25 38 49 50}
{25 38 58}
{25 40 58}
{25 50 58 60}
{25 57 58}
{26 27 29}
{26 29 35 54}
{26 29 41}
{26 41 43 54}
{29 31 33}
{29 33 35 51}
{29 33 41}
{29 35 41 43}
{33 41 43 51}
{34 42 58 62}
{35 43 51}
{35 43 54}
{35 43 55}
{35 44 51}
{35 44 55}
{35 54 55}
{36 37 38 39 40}
{36 37 46 47}
{36 37 62 63}
{36 38 47 49}
{36 38 58 62}
{36 47 61 62}
{37 39 63}
{37 46 63 64}
{38 40 58}
{38 49 58 60}
{39 40 58 62 63}
{42 43 44}
{42 43 55}
{42 44 55}
{42 55 57 58}
{43 44 51}
{43 44 55}
{43 54 55}
{45 46 64}
{46 47 61 64}
{47 49 60 61}
{48 49 59 60}
{48 52 59 65}
{49 50 60}
{58 60 61 62}
{61 62 63 64}
{3 4 10 11 41}	# Dimension 4
{3 4 26 41}
{3 11 33 41}
{3 26 29 33 41}
{4 8 10 41 42 43}
{4 8 26 41 43 54}
{8 42 43 54 55}
{10 11 41 42 43 44}
{11 33 41 43 44 51}
{25 38 40 58}
{25 38 49 50 58 60}
{26 29 35 41 43 54}
{29 33 35 41 43 51}
{35 43 44 51 55}
{35 43 54 55}
{36 37 38 39 40 58 62 63}
{36 37 46 47 61 62 63 64}
{36 38 47 49 58 60 61 62}
{42 43 44 55}

MAXIMAL_CONES_OF_CLOSURE
{0}	# Dimension 1
{5}
{6}
{9}
{23}
{56}
{1 14}	# Dimension 2
{7 8}
{8 53}
{15 16}
{18 19}
{24 25}
{2 10 13}	# Dimension 3
{2 10 21}
{2 10 34 42}
{4 10 12 13}
{4 12 22 28}
{4 26 27 28}
{10 11 20 21}
{10 13 17 21}
{11 20 30 32}
{11 30 31 33}
{25 35 55 57}
{25 57 58}
{26 27 29}
{29 31 33}
{34 42 58 62}
{42 55 57 58}
{45 46 64}
{48 49 59 60}
{48 52 59 65}
{3 4 10 11 41}	# Dimension 4
{3 4 26 41}
{3 11 33 41}
{3 26 29 33 41}
{4 8 10 41 42 43}
{4 8 26 41 43 54}
{8 42 43 54 55}
{10 11 41 42 43 44}
{11 33 41 43 44 51}
{25 38 40 58}
{25 38 49 50 58 60}
{26 29 35 41 43 54}
{29 33 35 41 43 51}
{35 43 44 51 55}
{35 43 54 55}
{36 37 38 39 40 58 62 63}
{36 37 46 47 61 62 63 64}
{36 38 47 49 58 60 61 62}
{42 43 44 55}
