_application PolyhedralFan
_version 2.2
_type PolyhedralFan

AMBIENT_DIM
7

LINEALITY_DIM
0

RAYS
3 -4 14 18 17 21 35	# 0
2 0 -12 -16 -13 -17 2	# 1
2 0 0 0 -1 -1 0	# 2
3 0 0 0 1 1 0	# 3
3 0 0 0 0 1 0	# 4
1 0 0 0 -1 -3 -4	# 5
6 2 -7 -19 2 2 -28	# 6
6 0 0 3 -3 3 7	# 7
3 0 0 0 0 1 3	# 8
3 5 11 23 -7 12 18	# 9
6 0 0 0 -3 2 -3	# 10
2 0 0 0 -1 0 -1	# 11
1 0 0 0 0 0 0	# 12
3 0 0 0 1 0 0	# 13
0 -1 0 -1 -1 0 -1	# 14
6 -40 0 -58 -49 2 -67	# 15
2 0 0 0 -1 -1 -2	# 16
0 0 -1 -1 -1 -1 0	# 17
0 -1 -1 0 0 -1 -1	# 18
6 -36 -42 0 2 -57 -63	# 19
6 0 0 0 2 -3 -3	# 20
2 0 0 0 0 -1 -1	# 21
1 2 -2 4 5 9 7	# 22
2 0 0 0 -1 2 -1	# 23
1 0 0 0 3 3 5	# 24
1 0 0 0 1 1 3	# 25
9 0 0 0 3 5 3	# 26
3 0 0 0 1 3 1	# 27
1 0 0 0 0 1 0	# 28
1 0 0 0 1 1 1	# 29
1 0 0 0 1 0 0	# 30
3 0 0 0 3 1 1	# 31
9 0 0 0 5 3 3	# 32
2 0 0 0 2 -1 -1	# 33
2 0 0 0 -1 -1 2	# 34
3 0 0 0 3 3 5	# 35
3 0 0 0 1 1 1	# 36
1 0 0 0 0 0 1	# 37
3 0 0 0 1 1 3	# 38
3 0 0 0 1 0 3	# 39
6 0 0 -3 -3 2 6	# 40
2 0 0 0 -1 -1 6	# 41
2 0 -1 -1 -2 -2 5	# 42
1 0 0 0 0 0 3	# 43
3 0 -2 -2 -3 -3 7	# 44
3 0 -2 -2 -2 -2 7	# 45
2 0 0 0 -3 -3 6	# 46
1 0 0 0 -1 -1 3	# 47
8 0 2 2 -5 -5 26	# 48
1 0 1 1 0 0 4	# 49
3 0 2 2 0 0 11	# 50
9 0 0 0 5 3 9	# 51
3 0 2 2 3 3 11	# 52
1 0 2 2 0 0 5	# 53
9 0 0 0 3 3 11	# 54
9 0 0 0 3 5 11	# 55
4 0 2 -9 2 -11 4	# 56
3 0 0 0 1 1 7	# 57
3 0 0 0 0 0 7	# 58
3 0 3 3 0 0 10	# 59
3 0 2 2 0 0 9	# 60
24 0 6 6 -15 -15 62	# 61
6 0 0 0 -3 -3 14	# 62
6 0 -3 -3 -6 -6 14	# 63
3 0 0 0 -3 -3 8	# 64
3 0 6 6 0 0 13	# 65

N_RAYS
66

LINEALITY_SPACE

ORTH_LINEALITY_SPACE
-1 0 0 0 0 0 0	# 0
0 -1 0 0 0 0 0	# 1
0 0 -1 0 0 0 0	# 2
0 0 0 -1 0 0 0	# 3
0 0 0 0 -1 0 0	# 4
0 0 0 0 0 -1 0	# 5
0 0 0 0 0 0 -1	# 6

F_VECTOR
63 119 82 19

CONES
{0}	# Dimension 1
{1}
{2}
{3}
{4}
{5}
{6}
{7}
{8}
{9}
{10}
{11}
{12}
{13}
{15}
{16}
{19}
{20}
{21}
{22}
{23}
{24}
{25}
{26}
{27}
{28}
{29}
{30}
{31}
{32}
{33}
{34}
{35}
{36}
{37}
{38}
{39}
{40}
{41}
{42}
{43}
{44}
{45}
{46}
{47}
{48}
{49}
{50}
{51}
{52}
{53}
{54}
{55}
{56}
{57}
{58}
{59}
{60}
{61}
{62}
{63}
{64}
{65}
{1 17}	# Dimension 2
{2 11}
{2 12}
{2 21}
{2 34}
{3 4}
{3 13}
{3 26}
{3 29}
{3 32}
{3 36}
{4 8}
{4 10}
{4 12}
{4 26}
{4 28}
{4 36}
{7 8}
{8 37}
{8 38}
{8 40}
{8 55}
{10 11}
{10 23}
{11 12}
{11 16}
{12 13}
{12 21}
{12 36}
{12 37}
{13 20}
{13 30}
{13 32}
{13 36}
{13 39}
{14 15}
{16 21}
{18 19}
{20 21}
{20 33}
{23 28}
{24 25}
{25 35}
{25 43}
{25 45}
{25 52}
{25 57}
{25 58}
{26 27}
{26 29}
{26 36}
{26 55}
{27 28}
{27 29}
{29 31}
{29 32}
{29 35}
{29 36}
{30 31}
{30 33}
{31 32}
{32 36}
{32 51}
{34 37}
{34 62}
{35 38}
{35 39}
{35 51}
{35 54}
{35 55}
{36 38}
{37 38}
{37 39}
{37 54}
{37 58}
{38 39}
{38 51}
{38 54}
{38 55}
{39 51}
{39 54}
{41 42}
{41 43}
{41 48}
{41 62}
{42 44}
{42 47}
{42 63}
{43 45}
{43 50}
{43 58}
{44 45}
{44 63}
{45 58}
{46 47}
{46 64}
{47 48}
{47 64}
{48 50}
{48 61}
{49 50}
{49 53}
{49 59}
{50 52}
{50 60}
{52 60}
{53 65}
{54 55}
{54 57}
{57 58}
{58 60}
{58 62}
{59 60}
{59 65}
{60 61}
{61 62}
{61 64}
{62 63}
{63 64}
{2 11 12}	# Dimension 3
{2 12 21}
{2 12 34 37}
{3 4 12 13}
{3 4 26}
{3 4 36}
{3 13 32}
{3 13 36}
{3 26 29}
{3 26 36}
{3 29 32}
{3 32 36}
{4 8 12 37}
{4 8 26 55}
{4 8 36 38}
{4 10 11 12}
{4 10 23 28}
{4 12 36}
{4 26 27 28}
{4 26 36}
{8 37 38}
{8 37 54 55}
{8 38 55}
{11 12 16 21}
{12 13 20 21}
{12 13 36}
{12 13 37 39}
{12 36 37 38}
{13 20 30 33}
{13 30 31 32}
{13 32 36}
{13 32 39 51}
{13 36 38 39}
{25 35 54 57}
{25 43 45}
{25 43 50 52}
{25 43 58}
{25 45 58}
{25 52 58 60}
{25 57 58}
{26 27 29}
{26 29 35 55}
{26 29 36}
{26 36 38 55}
{29 31 32}
{29 32 35 51}
{29 32 36}
{29 35 36 38}
{32 36 38 51}
{34 37 58 62}
{35 38 51}
{35 38 54}
{35 38 55}
{35 39 51}
{35 39 54}
{35 54 55}
{37 38 39}
{37 38 54}
{37 39 54}
{37 54 57 58}
{38 39 51}
{38 39 54}
{38 54 55}
{41 42 43 44 45}
{41 42 47 48}
{41 42 62 63}
{41 43 48 50}
{41 43 58 62}
{41 48 61 62}
{42 44 63}
{42 47 63 64}
{43 45 58}
{43 50 58 60}
{44 45 58 62 63}
{46 47 64}
{47 48 61 64}
{48 50 60 61}
{49 50 59 60}
{49 53 59 65}
{50 52 60}
{58 60 61 62}
{61 62 63 64}
{3 4 12 13 36}	# Dimension 4
{3 4 26 36}
{3 13 32 36}
{3 26 29 32 36}
{4 8 12 36 37 38}
{4 8 26 36 38 55}
{8 37 38 54 55}
{12 13 36 37 38 39}
{13 32 36 38 39 51}
{25 43 45 58}
{25 43 50 52 58 60}
{26 29 35 36 38 55}
{29 32 35 36 38 51}
{35 38 39 51 54}
{35 38 54 55}
{37 38 39 54}
{41 42 43 44 45 58 62 63}
{41 42 47 48 61 62 63 64}
{41 43 48 50 58 60 61 62}

MAXIMAL_CONES_OF_CLOSURE
{0}	# Dimension 1
{5}
{6}
{9}
{22}
{56}
{1 17}	# Dimension 2
{7 8}
{8 40}
{14 15}
{18 19}
{24 25}
{2 11 12}	# Dimension 3
{2 12 21}
{2 12 34 37}
{4 10 11 12}
{4 10 23 28}
{4 26 27 28}
{11 12 16 21}
{12 13 20 21}
{13 20 30 33}
{13 30 31 32}
{25 35 54 57}
{25 57 58}
{26 27 29}
{29 31 32}
{34 37 58 62}
{37 54 57 58}
{46 47 64}
{49 50 59 60}
{49 53 59 65}
{3 4 12 13 36}	# Dimension 4
{3 4 26 36}
{3 13 32 36}
{3 26 29 32 36}
{4 8 12 36 37 38}
{4 8 26 36 38 55}
{8 37 38 54 55}
{12 13 36 37 38 39}
{13 32 36 38 39 51}
{25 43 45 58}
{25 43 50 52 58 60}
{26 29 35 36 38 55}
{29 32 35 36 38 51}
{35 38 39 51 54}
{35 38 54 55}
{37 38 39 54}
{41 42 43 44 45 58 62 63}
{41 42 47 48 61 62 63 64}
{41 43 48 50 58 60 61 62}
