SINGDIM=4
L[1]=r12
L[2]=wA*wB
L[3]=d2A^4
L[4]=d1B^4
L[5]=2*d1A^2*d1B^2
L[6]=d1A^4
L[7]=2*d1B^2*d2A^2*wA^2
L[8]=2*d1A^2*d2A^2*wA^2
L[9]=2*d1B^2*d2A^2*wB^3
L[10]=2*d1A^2*d2A^2*wB^3
L[11]=d1A*d1B*d2A*d2B*cs^3*cx*t
L[12]=2*d1A^2*d2A^3*d2B*cs^3*cx*t
L[13]=d1A*d2A*d2B^5*cs^3*cx*t
L[14]=d1A*d1B*d2B^5*cs^3*cx*t
L[15]=2*d1B*d2A^3*d2B^3*cs^3*cx*t
L[16]=8*d1A^2*d2A^2*d2B^3*cs^3*cx*t
L[17]=2*d1B^3*d2A*d2B^3*cs^3*cx*t
L[18]=6*d1A^2*d2A*d2B^3*wA^2*cs^3*cx*t
L[19]=6*d1A^2*d1B*d2B^3*wA^2*cs^3*cx*t
L[20]=4*d1A^3*d2B^3*wA^2*cs^3*cx*t
L[21]=3*d1B*d2A^2*d2B^5*cs^3*cx*t
L[22]=3*d1B^2*d2A*d2B^5*cs^3*cx*t
L[23]=6*d1A^2*d2A*d2B^3*wB^3*cs^3*cx*t
L[24]=6*d1A^2*d1B*d2B^3*wB^3*cs^3*cx*t
L[25]=4*d1A^3*d2B^3*wB^3*cs^3*cx*t
L[26]=d1B*d2A*d2B^5*wA^2*cs^3*cx*t
L[27]=14*d1A^2*d2B^5*wA^2*cs^3*cx*t
L[28]=2*d1A*d2A^3*d2B^3*wA^2*cs^3*cx*t
L[29]=2*d1A*d1B^3*d2B^3*wA^2*cs^3*cx*t
L[30]=2*d1B*d2A*d2B^7*cs^3*cx*t
L[31]=28*d1B^2*d2B^7*cs^3*cx*t
L[32]=168*d1A^2*d2B^7*cs^3*cx*t
L[33]=d1B*d2A*d2B^5*wB^3*cs^3*cx*t
L[34]=14*d1A^2*d2B^5*wB^3*cs^3*cx*t
L[35]=2*d1A*d2A^3*d2B^3*wB^3*cs^3*cx*t
L[36]=2*d1A*d1B^3*d2B^3*wB^3*cs^3*cx*t
L[37]=4*d2A*d2B^7*wA^2*cs^3*cx*t
L[38]=4*d1B*d2B^7*wA^2*cs^3*cx*t
L[39]=8*d1A*d2B^7*wA^2*cs^3*cx*t
L[40]=12*d2A^3*d2B^5*wA^2*cs^3*cx*t
L[41]=12*d1B^3*d2B^5*wA^2*cs^3*cx*t
L[42]=6*d2A*d2B^9*cs^3*cx*t
L[43]=6*d1B*d2B^9*cs^3*cx*t
L[44]=8*d1A*d2B^9*cs^3*cx*t
L[45]=24*d2A^3*d2B^7*cs^3*cx*t
L[46]=4*d2A*d2B^7*wB^3*cs^3*cx*t
L[47]=4*d1B*d2B^7*wB^3*cs^3*cx*t
L[48]=8*d1A*d2B^7*wB^3*cs^3*cx*t
L[49]=12*d2A^3*d2B^5*wB^3*cs^3*cx*t
L[50]=12*d1B^3*d2B^5*wB^3*cs^3*cx*t
L[51]=28*d2B^9*wA^2*cs^3*cx*t
L[52]=56*d2B^11*cs^3*cx*t
L[53]=28*d2B^9*wB^3*cs^3*cx*t
SING_OK
