SINGDIM=5
L[1]=wA*wB
L[2]=d2A^4
L[3]=d1A^4
L[4]=2*r12^2*d1A^2
L[5]=r12^4
L[6]=8*d1A^2*d1B^2*d2A^2
L[7]=8*r12^2*d1B^2*d2A^2
L[8]=r12*d1A*d1B*d2A*d2B*cs^3*cx*t
L[9]=2*r12^2*d1B^3*d2A*d2B*cs^3*cx*t
L[10]=r12*d1A*d1B*d2B^5*cs^3*cx*t
L[11]=8*d1B^5*d2A^2*d2B*cs^3*cx*t
L[12]=8*d1A*d1B^4*d2A^2*d2B*cs^3*cx*t
L[13]=8*r12*d1B^4*d2A^2*d2B*cs^3*cx*t
L[14]=d1A*d1B^5*d2A*d2B*cs^3*cx*t
L[15]=r12*d1B^5*d2A*d2B*cs^3*cx*t
L[16]=2*d1A^3*d1B^3*d2A*d2B*cs^3*cx*t
L[17]=8*d1A^3*d1B^3*d2B^3*cs^3*cx*t
L[18]=8*r12*d1A^2*d1B^3*d2B^3*cs^3*cx*t
L[19]=8*r12^2*d1A*d1B^3*d2B^3*cs^3*cx*t
L[20]=8*r12^3*d1B^3*d2B^3*cs^3*cx*t
L[21]=8*r12*d1A^3*d1B^2*d2B^3*cs^3*cx*t
L[22]=8*r12^3*d1A*d1B^2*d2B^3*cs^3*cx*t
L[23]=8*d1B^7*d2A*d2B*cs^3*cx*t
L[24]=2*d1A*d1B^3*d2A^3*d2B*wA^2*cs^3*cx*t
L[25]=2*d1A^3*d1B*d2A^3*d2B*wA^2*cs^3*cx*t
L[26]=2*r12^2*d1B^3*d2B^5*cs^3*cx*t
L[27]=8*r12*d1B^3*d2A^3*d2B^3*cs^3*cx*t
L[28]=8*r12^3*d1B*d2A^3*d2B^3*cs^3*cx*t
L[29]=8*r12*d1A^3*d2A^3*d2B^3*cs^3*cx*t
L[30]=8*r12^3*d1A*d2A^3*d2B^3*cs^3*cx*t
L[31]=32*d1A^2*d1B^5*d2B^3*cs^3*cx*t
L[32]=32*r12^2*d1B^5*d2B^3*cs^3*cx*t
L[33]=2*d1A*d1B^3*d2A^3*d2B*wB^3*cs^3*cx*t
L[34]=2*d1A^3*d1B*d2A^3*d2B*wB^3*cs^3*cx*t
L[35]=8*d1A^2*d1B*d2A^3*d2B^3*wA^2*cs^3*cx*t
L[36]=8*r12^2*d1B*d2A^3*d2B^3*wA^2*cs^3*cx*t
L[37]=8*d1A^3*d2A^3*d2B^3*wA^2*cs^3*cx*t
L[38]=8*r12^2*d1A*d2A^3*d2B^3*wA^2*cs^3*cx*t
L[39]=2*d1A*d1B^3*d2A^2*d2B^3*wA^2*cs^3*cx*t
L[40]=4*d1A^3*d1B*d2A^2*d2B^3*wA^2*cs^3*cx*t
L[41]=32*r12*d1A^2*d2A^3*d2B^5*cs^3*cx*t
L[42]=32*r12^3*d2A^3*d2B^5*cs^3*cx*t
L[43]=8*r12*d1B^3*d2A^2*d2B^5*cs^3*cx*t
L[44]=8*r12^3*d1B*d2A^2*d2B^5*cs^3*cx*t
L[45]=8*r12*d1A^3*d2A^2*d2B^5*cs^3*cx*t
L[46]=8*r12^3*d1A*d2A^2*d2B^5*cs^3*cx*t
L[47]=d1A*d1B^5*d2B^5*cs^3*cx*t
L[48]=r12*d1B^5*d2B^5*cs^3*cx*t
L[49]=8*d1A^2*d1B*d2A^3*d2B^3*wB^3*cs^3*cx*t
L[50]=8*r12^2*d1B*d2A^3*d2B^3*wB^3*cs^3*cx*t
L[51]=8*d1A^3*d2A^3*d2B^3*wB^3*cs^3*cx*t
L[52]=8*r12^2*d1A*d2A^3*d2B^3*wB^3*cs^3*cx*t
L[53]=2*d1A*d1B^3*d2A^2*d2B^3*wB^3*cs^3*cx*t
L[54]=2*d1A^3*d1B*d2A^2*d2B^3*wB^3*cs^3*cx*t
L[55]=32*d1A^2*d2A^3*d2B^5*wA^2*cs^3*cx*t
L[56]=32*r12^2*d2A^3*d2B^5*wA^2*cs^3*cx*t
L[57]=8*d1A^2*d1B*d2A^2*d2B^5*wA^2*cs^3*cx*t
L[58]=8*r12^2*d1B*d2A^2*d2B^5*wA^2*cs^3*cx*t
L[59]=8*d1A^3*d2A^2*d2B^5*wA^2*cs^3*cx*t
L[60]=8*r12^2*d1A*d2A^2*d2B^5*wA^2*cs^3*cx*t
L[61]=32*r12*d1A^2*d2A^2*d2B^7*cs^3*cx*t
L[62]=32*r12^3*d2A^2*d2B^7*cs^3*cx*t
L[63]=32*d1B^7*d2B^5*cs^3*cx*t
L[64]=32*d1A^2*d2A^3*d2B^5*wB^3*cs^3*cx*t
L[65]=32*r12^2*d2A^3*d2B^5*wB^3*cs^3*cx*t
L[66]=8*d1A^2*d1B*d2A^2*d2B^5*wB^3*cs^3*cx*t
L[67]=8*r12^2*d1B*d2A^2*d2B^5*wB^3*cs^3*cx*t
L[68]=8*d1A^3*d2A^2*d2B^5*wB^3*cs^3*cx*t
L[69]=8*r12^2*d1A*d2A^2*d2B^5*wB^3*cs^3*cx*t
L[70]=32*d1A^2*d2A^2*d2B^7*wA^2*cs^3*cx*t
L[71]=32*r12^2*d2A^2*d2B^7*wA^2*cs^3*cx*t
L[72]=32*d1A^2*d2A^2*d2B^7*wB^3*cs^3*cx*t
L[73]=32*r12^2*d2A^2*d2B^7*wB^3*cs^3*cx*t
SING_OK
