L[1]=r13^3*r14^3*r35^3
L[2]=r14^3*r15^3*r34^3
L[3]=r13^3*r15^3*r34^3
L[4]=r12^3*r14^3*r25^3
L[5]=r14^3*r15^3*r24^3
L[6]=r12^3*r15^3*r24^3
L[7]=r12*r13*r14*r15*r23*r24*r25*r34*r35*r45*t
L[8]=r12^3*r13^3*r25^3*r45^3
L[9]=r12^3*r13^3*r24^3*r45^3
L[10]=r15^3*r24^3*r25^3*r34^3
L[11]=r14^3*r24^3*r25^3*r34^3
L[12]=r13^3*r24^3*r25^3*r34^3*r45^3
L[13]=r12^3*r24^3*r25^3*r34^3*r45^3
L[14]=r12^3*r15^3*r25^3*r34^3*r35^3
L[15]=r12^3*r14^3*r24^3*r34^3*r35^3
L[16]=r13^3*r15^3*r24^3*r25^3*r35^3
L[17]=r12^3*r13*r14*r15^3*r23*r25*r34*r35*r45^4*t
L[18]=r12^3*r13*r14^3*r15*r23*r24*r34*r35*r45^4*t
L[19]=r12*r13^3*r14*r15^3*r23*r24*r25*r35*r45^4*t
L[20]=r12*r13^3*r14^3*r15*r23*r24*r25*r34*r45^4*t
L[21]=r12*r13*r14^3*r15^3*r23*r24*r25*r35^4*r45*t
L[22]=r12*r13*r14^3*r15^3*r23*r25^4*r34*r35*r45*t
L[23]=r12*r13^3*r15*r23*r24*r25*r34*r35^4*r45^4*t
L[24]=r12*r13^3*r14*r23*r24*r25*r34^4*r35*r45^4*t
L[25]=r12^3*r13*r15*r23*r24*r25^4*r34*r35*r45^4*t
L[26]=r12^3*r13*r14*r23*r24^4*r25*r34*r35*r45^4*t
L[27]=r12*r13*r14^3*r23*r24*r25*r34^4*r35^4*r45*t
L[28]=r12*r13*r23*r24^4*r25^4*r34^4*r35*r45*t
L[29]=r12*r13*r14^3*r23*r24^4*r25^4*r34*r35*r45*t
L[30]=r12^4*r13^4*r15*r23*r24*r25^4*r34*r35*t
L[31]=r12^4*r13^4*r14*r23*r24^4*r25*r34*r35*t
L[32]=r12*r14^4*r15*r23*r24*r25*r34*r35^4*r45^4*t
L[33]=r12*r14*r15^4*r23*r24*r25*r34^4*r35*r45^4*t
L[34]=r13*r14^4*r15*r23*r24*r25^4*r34*r35*r45^4*t
L[35]=r13*r14*r15^4*r23*r24^4*r25*r34*r35*r45^4*t
L[36]=r12^3*r13^3*r14*r15*r23*r24*r34*r35^4*r45^3*t
L[37]=r12^3*r13^3*r14*r15*r23*r25*r34^4*r35*r45^3*t
L[38]=r12*r13*r15^4*r23*r24*r25*r34^4*r35^4*r45*t
L[39]=r12*r13*r14^3*r15^3*r23*r25^4*r35^4*r45*t
L[40]=r12*r13*r14*r15^3*r23*r24^3*r25^3*r35^4*r45*t
L[41]=r12*r13*r14^3*r15*r23*r24^3*r25^3*r35^4*r45*t
L[42]=r12*r13*r15^4*r23*r24^4*r25^4*r34*r35*r45*t
L[43]=r12*r13^3*r23*r24^4*r25^4*r34^4*r35*t
L[44]=r12^3*r13*r23*r24^4*r25^4*r34^4*r35*t
L[45]=r12^4*r13^4*r15^3*r23*r25^4*r34*r35*t
L[46]=r12^4*r13^4*r14^3*r23*r24^4*r34*r35*t
L[47]=r12^4*r13^4*r15^3*r23*r24*r25^4*r35*t
L[48]=r12^4*r13^4*r14^3*r23*r24^4*r25*r34*t
L[49]=r15*r23*r24^4*r25^4*r34^4*r35*r45^4*t
L[50]=r14*r23*r24^4*r25^4*r34^4*r35*r45^4*t
L[51]=r13*r23*r24^4*r25^4*r34^4*r35*r45^4*t
L[52]=r12*r23*r24^4*r25^4*r34^4*r35*r45^4*t
L[53]=r13^3*r14^3*r15*r23*r24*r25^4*r34*r35*r45^4*t
L[54]=r13^3*r14*r15^3*r23*r24^4*r25*r34*r35*r45^4*t
L[55]=r12^3*r14*r15*r23*r24*r25^4*r34*r35^4*r45^3*t
L[56]=r12^3*r14*r15*r23*r24^4*r25*r34^4*r35*r45^3*t
L[57]=r12*r13*r14*r15^3*r23*r24^3*r34^4*r35^4*r45*t
L[58]=r12*r13*r14^3*r15*r23*r24^3*r34^4*r35^4*r45*t
L[59]=r12*r13*r14^3*r23*r24^4*r25^4*r35^4*r45*t
L[60]=r12^4*r13^4*r15^4*r23*r25^4*r35*r45*t
L[61]=r12^4*r13^4*r14^4*r23*r24^4*r34*r45*t
L[62]=r12^4*r13^4*r23*r24^4*r25*r34*r35^4*t
L[63]=r12^4*r13^4*r23*r24*r25^4*r34^4*r35*t
L[64]=r12^4*r13^4*r23*r24^4*r25^4*r34*r35*t
L[65]=r12^4*r13^4*r14*r15^4*r23*r25^4*r35*t
L[66]=r12^4*r13^4*r14^4*r15*r23*r24^4*r34*t
L[67]=r12^2*r13^2*r14^2*r15^2*r24^3*r25^3*r34^3*r45^3
L[68]=r12^3*r13^3*r14^3*r15^2*r24^3*r25^2*r35^2*r45^2
L[69]=r12^3*r13^3*r14^2*r15^3*r24^2*r25^3*r34^2*r45^2
L[70]=r12^3*r13^3*r15*r23*r24*r34*r35^6*r45^4*t
L[71]=r12*r14^3*r15^3*r23*r24*r25*r35^6*r45^4*t
L[72]=r12*r14^3*r15^4*r23*r24*r25*r34*r35^4*r45^4*t
L[73]=r12^4*r14^3*r15*r23*r24*r25*r34*r35^4*r45^4*t
L[74]=r12^3*r13^3*r14*r23*r25*r34^6*r35*r45^4*t
L[75]=r12^4*r14*r15^3*r23*r24*r25*r34^4*r35*r45^4*t
L[76]=r12^3*r14*r15^3*r23*r24*r25^3*r34^3*r35*r45^4*t
L[77]=r12^3*r13*r15^3*r23*r24*r25^3*r34^3*r35*r45^4*t
L[78]=r12^3*r13*r14^3*r23*r24^3*r25*r34^3*r35*r45^4*t
L[79]=r13*r14^3*r15^3*r23*r25^6*r34*r35*r45^4*t
L[80]=r13*r14^3*r15^4*r23*r24*r25^4*r34*r35*r45^4*t
L[81]=r13^3*r14*r15^3*r23*r24^3*r25^3*r34*r35*r45^4*t
L[82]=r13^3*r14^3*r15*r23*r24^3*r25^3*r34*r35*r45^4*t
L[83]=r12*r13^3*r14^3*r15^3*r23*r25^4*r35*r45^4*t
L[84]=r12*r13^3*r14^3*r15*r23*r24^3*r25^3*r35*r45^4*t
L[85]=r12^3*r13^3*r14^3*r15*r23*r25*r34^4*r45^4*t
L[86]=r12^3*r13*r14*r15^3*r23*r24*r25^3*r34^3*r45^4*t
L[87]=r12^3*r13*r14^3*r15*r23*r24^3*r25*r34^3*r45^4*t
L[88]=r12*r13^3*r14^3*r15^3*r23*r25^4*r34*r45^4*t
L[89]=r12*r13^3*r14*r15^3*r23*r24^3*r25^3*r34*r45^4*t
L[90]=r13^4*r14*r15*r23*r24*r25^4*r34*r35^4*r45^3*t
L[91]=r12^3*r14*r15*r23*r24^3*r25^3*r34*r35^4*r45^3*t
L[92]=r12*r13^3*r14*r15*r23*r24^3*r25^3*r35^4*r45^3*t
L[93]=r12^3*r13*r14*r15*r23*r24^3*r25^3*r35^4*r45^3*t
L[94]=r13^4*r14*r15*r23*r24^4*r25*r34^4*r35*r45^3*t
L[95]=r12*r13*r14*r15^3*r23*r25^4*r34^4*r35^4*r45*t
L[96]=r12*r13*r14^3*r15*r23*r25^4*r34^4*r35^4*r45*t
L[97]=r12*r13*r15^4*r23*r24^4*r25^4*r35^4*r45*t
L[98]=r12^4*r13^4*r23*r24^4*r25^3*r34*r35^3*t
L[99]=r12^4*r13^4*r23*r24^3*r25^4*r34^3*r35*t
L[100]=r12^4*r13*r14^3*r15^3*r23*r34*r35*r45^7*t
L[101]=r12^3*r13^3*r14*r15^4*r23*r25*r35*r45^7*t
L[102]=r12^3*r13^3*r14^4*r15*r23*r24*r34*r45^7*t
L[103]=r12*r13^4*r14^3*r15^3*r23*r24*r25*r45^7*t
L[104]=r12^3*r14^3*r15*r23*r24*r25*r34*r35^6*r45^4*t
L[105]=r12*r13^3*r14*r23*r24^3*r25^3*r34*r35^4*r45^4*t
L[106]=r12^3*r14^3*r15*r23*r24^3*r25*r34*r35^4*r45^4*t
L[107]=r12*r13^3*r14*r15^3*r23*r24^3*r34*r35^4*r45^4*t
L[108]=r12^4*r13^3*r14*r15^3*r23*r34*r35^4*r45^4*t
L[109]=r12^3*r13*r15*r23*r24^3*r25^4*r35^4*r45^4*t
L[110]=r12^3*r13*r14*r23*r24^4*r25^3*r35^4*r45^4*t
L[111]=r12^3*r13*r14*r15^3*r23*r24*r25^3*r35^4*r45^4*t
L[112]=r12^3*r13*r14^3*r15*r23*r24^3*r25*r35^4*r45^4*t
L[113]=r12^3*r13*r14^3*r15^4*r23*r25*r35^4*r45^4*t
L[114]=r12^3*r13*r14^4*r15^3*r23*r24*r35^4*r45^4*t
L[115]=r12^3*r13^4*r14*r15^3*r23*r24*r35^4*r45^4*t
L[116]=r12^3*r14*r15^3*r23*r24*r25*r34^6*r35*r45^4*t
L[117]=r12*r13^3*r14^3*r15*r23*r24^3*r34^4*r35*r45^4*t
L[118]=r12^4*r13^3*r14^3*r15*r23*r34^4*r35*r45^4*t
L[119]=r13^3*r14^3*r23*r24^4*r25^4*r34*r35*r45^4*t
L[120]=r12*r13^3*r14^3*r23*r24^4*r25^4*r35*r45^4*t
L[121]=r12^3*r14^3*r15*r23*r24^4*r25*r34^4*r45^4*t
L[122]=r12*r13^3*r14^3*r23*r24^4*r25^4*r34*r45^4*t
L[123]=r12*r13^3*r14*r15*r23*r24^3*r34^4*r35^4*r45^3*t
L[124]=r12^3*r13*r14*r15*r23*r24^3*r34^4*r35^4*r45^3*t
L[125]=r13^4*r14*r15*r23*r24^3*r25^3*r34*r35^4*r45^3*t
L[126]=r12*r13*r14^3*r23*r24^3*r25^3*r34*r35^7*r45*t
L[127]=r12^3*r14^4*r15*r23*r24*r34*r35^4*r45^7*t
L[128]=r12*r13^4*r15^3*r23*r24*r25*r35^4*r45^7*t
L[129]=r12^3*r14*r15^4*r23*r25*r34^4*r35*r45^7*t
L[130]=r12^4*r13*r15^3*r23*r25^4*r34*r35*r45^7*t
L[131]=r12^4*r13*r14^3*r23*r24^4*r34*r35*r45^7*t
L[132]=r13^3*r14*r15^4*r23*r24^4*r25*r35*r45^7*t
L[133]=r12^3*r13^3*r14^3*r15^3*r23*r24*r35*r45^7*t
L[134]=r12*r13^4*r14^3*r23*r24*r25*r34^4*r45^7*t
L[135]=r13^3*r14^4*r15*r23*r24*r25^4*r34*r45^7*t
L[136]=r12^3*r13^3*r14^3*r15^3*r23*r25*r34*r45^7*t
L[137]=r12*r14^4*r23*r24*r25*r34^4*r35^6*r45^4*t
L[138]=r13^4*r15*r23*r24*r25^4*r34*r35^6*r45^4*t
L[139]=r12^3*r15*r23*r24^3*r25^3*r34*r35^6*r45^4*t
L[140]=r12^3*r13^3*r14*r15^3*r23*r34*r35^6*r45^4*t
L[141]=r12*r14^3*r15^3*r23*r25^4*r35^6*r45^4*t
L[142]=r12*r13^3*r15*r23*r24^3*r25^3*r35^6*r45^4*t
L[143]=r12^3*r13*r15*r23*r24^3*r25^3*r35^6*r45^4*t
L[144]=r12*r13^3*r14*r23*r24^3*r25^3*r35^6*r45^4*t
L[145]=r12^3*r13*r14*r23*r24^3*r25^3*r35^6*r45^4*t
L[146]=r12^3*r13*r14^3*r15^3*r23*r25*r35^6*r45^4*t
L[147]=r12^3*r13*r14^3*r15^3*r23*r24*r35^6*r45^4*t
L[148]=r12^3*r13^3*r14*r15^3*r23*r24*r35^6*r45^4*t
L[149]=r12*r14^3*r15*r23*r24*r25*r34^6*r35^4*r45^4*t
L[150]=r12^3*r13^3*r14*r23*r34^6*r35^4*r45^4*t
L[151]=r12^3*r13*r15*r23*r24^3*r25*r34^4*r35^4*r45^4*t
L[152]=r12^3*r13*r15^4*r23*r25*r34^4*r35^4*r45^4*t
L[153]=r12^3*r13*r14^3*r15*r23*r25*r34^4*r35^4*r45^4*t
L[154]=r12^3*r13^4*r15*r23*r25*r34^4*r35^4*r45^4*t
L[155]=r12^3*r13*r14*r23*r24^4*r34^4*r35^4*r45^4*t
L[156]=r12^3*r13*r14*r15^3*r23*r24*r34^4*r35^4*r45^4*t
L[157]=r12^3*r13*r14^4*r23*r24*r34^4*r35^4*r45^4*t
L[158]=r12^3*r13^4*r14*r23*r24*r34^4*r35^4*r45^4*t
L[159]=r12^4*r15*r23*r24*r25^6*r34*r35^4*r45^4*t
L[160]=r12^4*r15*r23*r24^3*r25^4*r34*r35^4*r45^4*t
L[161]=r12*r14^3*r15^4*r23*r25^4*r34*r35^4*r45^4*t
L[162]=r12*r14^4*r15^3*r23*r25^4*r34*r35^4*r45^4*t
L[163]=r12*r13^3*r14*r15^3*r23*r25^4*r34*r35^4*r45^4*t
L[164]=r12^4*r14*r15^3*r23*r25^4*r34*r35^4*r45^4*t
L[165]=r12^4*r14*r23*r24^4*r25^3*r34*r35^4*r45^4*t
L[166]=r12*r14*r15^4*r23*r24^3*r25^3*r34*r35^4*r45^4*t
L[167]=r13*r14^3*r15^3*r23*r25^6*r35^4*r45^4*t
L[168]=r13*r14^4*r15*r23*r24^3*r25^4*r35^4*r45^4*t
L[169]=r13*r14^3*r15^4*r23*r24*r25^4*r35^4*r45^4*t
L[170]=r13*r14^4*r15^3*r23*r24*r25^4*r35^4*r45^4*t
L[171]=r13^4*r14*r15^3*r23*r24*r25^4*r35^4*r45^4*t
L[172]=r13*r14*r15^4*r23*r24^4*r25^3*r35^4*r45^4*t
L[173]=r13^4*r14*r23*r24^4*r25*r34^6*r35*r45^4*t
L[174]=r12^3*r13^3*r14^3*r15*r23*r34^6*r35*r45^4*t
L[175]=r12*r13^3*r14^3*r15*r23*r25^4*r34^4*r35*r45^4*t
L[176]=r12^4*r14*r23*r24^6*r25*r34^4*r35*r45^4*t
L[177]=r12^4*r14^3*r23*r24^4*r25*r34^4*r35*r45^4*t
L[178]=r12^4*r14^3*r15*r23*r24^4*r34^4*r35*r45^4*t
L[179]=r13*r14^4*r23*r24^4*r25^6*r34*r35*r45^4*t
L[180]=r13*r14^3*r15*r23*r24^6*r25^4*r34*r35*r45^4*t
L[181]=r13^3*r15^4*r23*r24^4*r25^4*r34*r35*r45^4*t
L[182]=r12*r13^3*r15^4*r23*r24^4*r25^4*r35*r45^4*t
L[183]=r13^4*r14^3*r15*r23*r24^4*r25*r34^4*r45^4*t
L[184]=r12*r13^3*r15^4*r23*r24^4*r25^4*r34*r45^4*t
L[185]=r12^3*r13^3*r14*r15*r23*r34^6*r35^4*r45^3*t
L[186]=r12*r13^3*r14*r15*r23*r25^4*r34^4*r35^4*r45^3*t
L[187]=r12^3*r13*r14*r15*r23*r25^4*r34^4*r35^4*r45^3*t
L[188]=r12^4*r13^4*r14*r15*r23*r34^4*r35^4*r45^3*t
L[189]=r12^2*r13^2*r14^2*r15^2*r23*r24^3*r25^3*r35^4*r45^3*t
L[190]=r12^3*r13^3*r14^2*r15^3*r23*r24^2*r34^2*r35^4*r45^2*t
L[191]=r12^3*r13^3*r14^3*r15^2*r23*r25^2*r34^4*r35^2*r45^2*t
L[192]=r12*r13*r15^4*r23*r24^3*r25^3*r34*r35^7*r45*t
L[193]=r12*r13^4*r23*r24*r25*r34^4*r35^4*r45^7*t
L[194]=r13^3*r14*r15*r23*r24*r25^4*r34*r35^4*r45^7*t
L[195]=r12^3*r13^3*r15^3*r23*r25*r34*r35^4*r45^7*t
L[196]=r13^3*r14*r15*r23*r24^4*r25*r34^4*r35*r45^7*t
L[197]=r12^3*r13^3*r14^3*r23*r24*r34^4*r35*r45^7*t
L[198]=r12^4*r13*r14^3*r23*r24^3*r34^3*r35*r45^7*t
L[199]=r12^4*r13*r23*r24^4*r25^4*r34*r35*r45^7*t
L[200]=r13^3*r14^3*r15^3*r23*r24*r25^4*r35*r45^7*t
L[201]=r13^3*r14*r15^4*r23*r24^3*r25^3*r35*r45^7*t
L[202]=r13^3*r14^3*r15^3*r23*r24*r25^4*r34*r45^7*t
L[203]=r13^3*r14^4*r15*r23*r24^3*r25^3*r34*r45^7*t
L[204]=r12*r13^4*r14^3*r15^3*r23*r25^4*r45^7*t
L[205]=r13*r14^3*r23*r24^3*r25^3*r34*r35^7*r45^4*t
L[206]=r12*r14^3*r23*r24^3*r25^3*r34*r35^7*r45^4*t
L[207]=r12^3*r15*r23*r24^3*r25^4*r35^7*r45^4*t
L[208]=r12^3*r14*r23*r24^3*r25^4*r35^7*r45^4*t
L[209]=r12*r14^3*r23*r24*r25*r34^6*r35^6*r45^4*t
L[210]=r12*r13^3*r15*r23*r24^3*r34^4*r35^6*r45^4*t
L[211]=r12^3*r13^3*r14*r23*r24*r34^4*r35^6*r45^4*t
L[212]=r12^3*r15*r23*r24*r25^6*r34*r35^6*r45^4*t
L[213]=r12^3*r15^3*r23*r24*r25^4*r34*r35^6*r45^4*t
L[214]=r12^3*r14*r23*r24^4*r25^3*r34*r35^6*r45^4*t
L[215]=r13^4*r15*r23*r24^3*r25^3*r34*r35^6*r45^4*t
L[216]=r12^3*r13*r15^3*r23*r24*r25^3*r34*r35^6*r45^4*t
L[217]=r13^3*r14*r15^3*r23*r24^3*r25*r34*r35^6*r45^4*t
L[218]=r12^3*r13*r14^3*r23*r24^3*r25*r34*r35^6*r45^4*t
L[219]=r13*r14^3*r23*r24^4*r25^4*r35^6*r45^4*t
L[220]=r12*r14^3*r23*r24^4*r25^4*r35^6*r45^4*t
L[221]=r13*r14^3*r15^3*r23*r24*r25^4*r35^6*r45^4*t
L[222]=r12^3*r14*r15^3*r23*r24*r25^4*r35^6*r45^4*t
L[223]=r13*r14*r15^4*r23*r24^3*r25^3*r35^6*r45^4*t
L[224]=r12*r14*r15^4*r23*r24^3*r25^3*r35^6*r45^4*t
L[225]=r13*r14^4*r15*r23*r24^3*r25^3*r35^6*r45^4*t
L[226]=r12*r14^4*r15*r23*r24^3*r25^3*r35^6*r45^4*t
L[227]=r12^3*r13^3*r15*r23*r25*r34^6*r35^4*r45^4*t
L[228]=r12*r13^3*r14*r23*r24^3*r34^6*r35^4*r45^4*t
L[229]=r13*r14^4*r23*r24*r25^4*r34^4*r35^4*r45^4*t
L[230]=r13^4*r14*r23*r24*r25^4*r34^4*r35^4*r45^4*t
L[231]=r12^3*r13*r14*r23*r24*r25^4*r34^4*r35^4*r45^4*t
L[232]=r13*r14^3*r15*r23*r24^4*r25*r34^4*r35^4*r45^4*t
L[233]=r13^4*r15*r23*r24^4*r25*r34^4*r35^4*r45^4*t
L[234]=r13*r14^4*r15*r23*r24^3*r25*r34^4*r35^4*r45^4*t
L[235]=r13*r14*r15^4*r23*r24^4*r34^4*r35^4*r45^4*t
L[236]=r12*r14^3*r15^3*r23*r25^6*r34*r35^4*r45^4*t
L[237]=r12*r14^3*r15*r23*r24^4*r25^4*r34*r35^4*r45^4*t
L[238]=r12*r14^4*r23*r24^4*r25^4*r34*r35^4*r45^4*t
L[239]=r12^4*r15^4*r23*r24*r25^4*r34*r35^4*r45^4*t
L[240]=r12^3*r14*r23*r24^6*r25*r34^6*r35*r45^4*t
L[241]=r12^3*r14^3*r23*r24^4*r25*r34^6*r35*r45^4*t
L[242]=r12^3*r14^3*r15*r23*r24^4*r34^6*r35*r45^4*t
L[243]=r13*r14^3*r23*r24^6*r25^6*r34*r35*r45^4*t
L[244]=r12^3*r14*r15*r23*r24^3*r25^4*r35^7*r45^3*t
L[245]=r12^3*r14*r15*r23*r24^4*r34^6*r35^4*r45^3*t
L[246]=r12^2*r13^2*r14^2*r15^2*r23*r24^3*r34^4*r35^4*r45^3*t
L[247]=r12^3*r14^2*r15^3*r23*r24^2*r25^4*r34^2*r35^4*r45^2*t
L[248]=r12^3*r14^3*r15^2*r23*r24^4*r25^2*r34^4*r35^2*r45^2*t
L[249]=r12*r13*r14^3*r23*r24^3*r34^6*r35^7*r45*t
L[250]=r23^2*r24^5*r25^5*r34^5*r35^2*r45^4*t^2
L[251]=r12^5*r13^5*r15^4*r23^2*r25^5*r35^2*t^2
L[252]=r12^5*r13^5*r14^4*r23^2*r24^5*r34^2*t^2
L[253]=r12^3*r13^3*r15^3*r23*r24*r35^6*r45^7*t
L[254]=r12^3*r14^3*r23*r24^4*r25*r34*r35^4*r45^7*t
L[255]=r12^3*r14^4*r15^3*r23*r25*r34*r35^4*r45^7*t
L[256]=r13^3*r14^3*r23*r24*r25^4*r34^4*r35*r45^7*t
L[257]=r12^3*r15^4*r23*r24*r25^3*r34^4*r35*r45^7*t
L[258]=r12^3*r14^3*r15*r23*r24^3*r25*r34^4*r35*r45^7*t
L[259]=r12^4*r15^3*r23*r24*r25^4*r34^3*r35*r45^7*t
L[260]=r12^4*r14*r15^4*r23*r25^3*r34^3*r35*r45^7*t
L[261]=r12^4*r13*r15^4*r23*r25^3*r34^3*r35*r45^7*t
L[262]=r12^3*r14^4*r15*r23*r24^3*r25*r34^3*r35*r45^7*t
L[263]=r12*r13^3*r15^3*r23*r24^3*r25^4*r34*r35*r45^7*t
L[264]=r12*r13^3*r14^3*r23*r24^4*r25^3*r34*r35*r45^7*t
L[265]=r12*r13^4*r15^3*r23*r24^3*r25^3*r34*r35*r45^7*t
L[266]=r12*r13^4*r14^3*r23*r24^3*r25^3*r34*r35*r45^7*t
L[267]=r13^3*r14^3*r15^3*r23*r25^6*r35*r45^7*t
L[268]=r13^3*r14^3*r15*r23*r24^4*r25^4*r35*r45^7*t
L[269]=r13^3*r14^4*r15*r23*r24^3*r25^4*r35*r45^7*t
L[270]=r12^3*r13^3*r14^3*r23*r25*r34^6*r45^7*t
L[271]=r12^3*r14*r15^4*r23*r24*r25^3*r34^4*r45^7*t
L[272]=r12^4*r13^3*r14^3*r23*r24*r25*r34^4*r45^7*t
L[273]=r12^4*r13^3*r14^4*r15*r23*r34^4*r45^7*t
L[274]=r12^4*r13*r15^3*r23*r24*r25^4*r34^3*r45^7*t
L[275]=r12^4*r13*r14*r15^4*r23*r25^3*r34^3*r45^7*t
L[276]=r12^4*r13*r14^3*r23*r24^4*r25*r34^3*r45^7*t
L[277]=r12^4*r13*r14^4*r15*r23*r24^3*r34^3*r45^7*t
L[278]=r13^3*r14^3*r15^3*r23*r25^6*r34*r45^7*t
L[279]=r13^3*r14^4*r23*r24^4*r25^4*r34*r45^7*t
L[280]=r13^3*r14*r15^4*r23*r24^4*r25^3*r34*r45^7*t
L[281]=r12*r13^4*r14^3*r23*r24^4*r25^4*r45^7*t
L[282]=r12*r13^4*r14*r15^4*r23*r24^3*r25^3*r45^7*t
L[283]=r12*r13^4*r14^4*r15*r23*r24^3*r25^3*r45^7*t
L[284]=r12^3*r13^3*r15*r23*r25*r34^4*r35^7*r45^4*t
L[285]=r13^4*r15*r23*r24^3*r25^4*r35^7*r45^4*t
L[286]=r13^4*r14*r23*r24^3*r25^4*r35^7*r45^4*t
L[287]=r12^3*r13^3*r15*r23*r34^6*r35^6*r45^4*t
L[288]=r12*r13^3*r15*r23*r25^4*r34^4*r35^6*r45^4*t
L[289]=r12^3*r14*r15^3*r23*r24*r25*r34^4*r35^6*r45^4*t
L[290]=r12*r14^4*r15*r23*r24^3*r34^4*r35^6*r45^4*t
L[291]=r12^4*r13^4*r15*r23*r34^4*r35^6*r45^4*t
L[292]=r13^4*r14*r23*r24^4*r25^3*r34*r35^6*r45^4*t
L[293]=r12*r13^3*r14*r23*r25^4*r34^6*r35^4*r45^4*t
L[294]=r12*r15^6*r23*r24*r25*r34^6*r35^4*r45^4*t
L[295]=r12^3*r15^4*r23*r24*r25*r34^6*r35^4*r45^4*t
L[296]=r13^4*r14*r23*r24^4*r34^6*r35^4*r45^4*t
L[297]=r12*r14*r15^4*r23*r24^3*r34^6*r35^4*r45^4*t
L[298]=r12^3*r13*r15*r23*r25^6*r34^4*r35^4*r45^4*t
L[299]=r13*r14*r15^4*r23*r24*r25^4*r34^4*r35^4*r45^4*t
L[300]=r13*r14^4*r23*r24^4*r25^6*r35^4*r45^4*t
L[301]=r13*r14^3*r15*r23*r24^6*r25^4*r35^4*r45^4*t
L[302]=r13^4*r14^3*r15*r23*r24^4*r34^6*r35*r45^4*t
L[303]=r13*r15^6*r23*r24^6*r25^4*r34*r35*r45^4*t
L[304]=r12^3*r14*r15*r23*r24^3*r25*r34^4*r35^7*r45^3*t
L[305]=r13^4*r14*r15*r23*r24^3*r25^4*r35^7*r45^3*t
L[306]=r13^4*r14*r15*r23*r24^4*r34^6*r35^4*r45^3*t
L[307]=r12^2*r13^2*r14^2*r15^2*r23*r25^4*r34^4*r35^4*r45^3*t
L[308]=r13^4*r14^2*r15^3*r23*r24^2*r25^4*r34^2*r35^4*r45^2*t
L[309]=r13^4*r14^3*r15^2*r23*r24^4*r25^2*r34^4*r35^2*r45^2*t
L[310]=r12*r13*r14^3*r23*r25^4*r34^6*r35^7*r45*t
L[311]=r12*r13*r15^4*r23*r24^3*r34^6*r35^7*r45*t
L[312]=r12^3*r14^3*r15^3*r23*r24*r34*r35^6*r45^7*t
L[313]=r12^4*r13^3*r15^3*r23*r34*r35^6*r45^7*t
L[314]=r12^3*r14^3*r15^4*r23*r25*r35^6*r45^7*t
L[315]=r12^3*r14^4*r15^3*r23*r24*r35^6*r45^7*t
L[316]=r12^3*r13^3*r14*r15^4*r23*r35^6*r45^7*t
L[317]=r12^4*r13*r14^3*r15^3*r23*r35^6*r45^7*t
L[318]=r12^3*r13^3*r23*r25*r34^6*r35^4*r45^7*t
L[319]=r14^3*r15^3*r23*r25^6*r34*r35^4*r45^7*t
L[320]=r14^6*r15*r23*r24*r25^4*r34*r35^4*r45^7*t
L[321]=r13^3*r14*r15*r23*r24^4*r25^3*r34*r35^4*r45^7*t
L[322]=r12^3*r14*r15^4*r23*r24*r25^3*r34*r35^4*r45^7*t
L[323]=r13^3*r15^4*r23*r24^4*r25*r34*r35^4*r45^7*t
L[324]=r13^4*r15^3*r23*r24^4*r25*r34*r35^4*r45^7*t
L[325]=r13^3*r14*r15^4*r23*r24^4*r34*r35^4*r45^7*t
L[326]=r12^4*r13*r23*r24^4*r25^4*r35^4*r45^7*t
L[327]=r12^4*r13*r15^3*r23*r24*r25^4*r35^4*r45^7*t
L[328]=r12^4*r13*r14*r15^4*r23*r25^3*r35^4*r45^7*t
L[329]=r12^4*r13*r14^3*r23*r24^4*r25*r35^4*r45^7*t
L[330]=r12*r13^4*r14*r15^4*r23*r24^3*r35^4*r45^7*t
L[331]=r12^4*r13*r14^4*r15*r23*r24^3*r35^4*r45^7*t
L[332]=r12^4*r13*r14^4*r15^4*r23*r35^4*r45^7*t
L[333]=r12^4*r13^4*r14*r15^4*r23*r35^4*r45^7*t
L[334]=r12^3*r13^3*r14^3*r23*r34^7*r35*r45^7*t
L[335]=r12^4*r13^3*r14^3*r23*r34^6*r35*r45^7*t
L[336]=r14*r15^6*r23*r24^4*r25*r34^4*r35*r45^7*t
L[337]=r13^3*r14^4*r15*r23*r24^3*r25*r34^4*r35*r45^7*t
L[338]=r13^3*r14^3*r23*r24^4*r25^6*r35*r45^7*t
L[339]=r12^3*r13^3*r14^4*r15*r23*r34^6*r45^7*t
L[340]=r12^4*r14^4*r15*r23*r24^4*r34^4*r45^7*t
L[341]=r12*r13^4*r14^4*r15*r23*r24^3*r34^4*r45^7*t
L[342]=r13^3*r14^3*r23*r24^6*r25^4*r34*r45^7*t
L[343]=r13*r14^3*r23*r24^3*r34^6*r35^7*r45^4*t
L[344]=r12*r14^3*r23*r24^3*r34^6*r35^7*r45^4*t
L[345]=r13^4*r15*r23*r24^3*r25*r34^4*r35^7*r45^4*t
L[346]=r12^3*r13*r14^3*r23*r25*r34^6*r35^6*r45^4*t
L[347]=r12^3*r15*r23*r24^4*r34^6*r35^6*r45^4*t
L[348]=r12^3*r14*r23*r24^4*r34^6*r35^6*r45^4*t
L[349]=r12^3*r13*r15*r23*r24^3*r34^6*r35^6*r45^4*t
L[350]=r12^3*r13*r14*r23*r24^3*r34^6*r35^6*r45^4*t
L[351]=r12^3*r13*r14^3*r23*r24*r34^6*r35^6*r45^4*t
L[352]=r12*r14^4*r15*r23*r25^4*r34^4*r35^6*r45^4*t
L[353]=r12^4*r14*r23*r24^4*r25*r34^4*r35^6*r45^4*t
L[354]=r12^3*r14*r15^3*r23*r25^6*r34*r35^6*r45^4*t
L[355]=r12*r14*r15^4*r23*r25^4*r34^6*r35^4*r45^4*t
L[356]=r12^4*r15*r23*r24^4*r25*r34^6*r35^4*r45^4*t
L[357]=r12^3*r14*r23*r24^6*r34^6*r35^4*r45^4*t
L[358]=r13*r14^4*r15*r23*r25^6*r34^4*r35^4*r45^4*t
L[359]=r13*r15^6*r23*r24^4*r25*r34^4*r35^4*r45^4*t
L[360]=r12*r15^6*r23*r24^4*r25^4*r34*r35^4*r45^4*t
L[361]=r13*r14^3*r23*r24^6*r25^6*r35^4*r45^4*t
L[362]=r13^4*r14*r15*r23*r24^3*r25*r34^4*r35^7*r45^3*t
L[363]=r12*r13*r15^4*r23*r25^4*r34^6*r35^7*r45*t
L[364]=r12^4*r13^3*r14^3*r15^4*r23*r35*r45^10*t
L[365]=r12^4*r13^3*r14^4*r15^3*r23*r34*r45^10*t
L[366]=r12^3*r13^4*r14^3*r15^4*r23*r25*r45^10*t
L[367]=r12^3*r13^4*r14^4*r15^3*r23*r24*r45^10*t
L[368]=r12^3*r14^3*r23*r24^3*r25*r34*r35^7*r45^7*t
L[369]=r12^3*r13^3*r15^4*r23*r34*r35^7*r45^7*t
L[370]=r12^3*r13^4*r15^3*r23*r34*r35^7*r45^7*t
L[371]=r12^3*r14*r15*r23*r24^3*r25^3*r35^7*r45^7*t
L[372]=r12*r13^4*r23*r24^3*r25^3*r35^7*r45^7*t
L[373]=r12^3*r14^4*r15^3*r23*r25*r35^7*r45^7*t
L[374]=r12^4*r14^3*r15^3*r23*r25*r35^7*r45^7*t
L[375]=r12^3*r13^4*r23*r24*r34^4*r35^6*r45^7*t
L[376]=r14^3*r15^3*r23*r24*r25^4*r34*r35^6*r45^7*t
L[377]=r12^4*r23*r24^4*r25^3*r34*r35^6*r45^7*t
L[378]=r13^3*r14*r15*r23*r24^3*r25^3*r34*r35^6*r45^7*t
L[379]=r12*r13^4*r23*r24^3*r25^3*r34*r35^6*r45^7*t
L[380]=r12^3*r14*r15^3*r23*r24*r25^3*r34*r35^6*r45^7*t
L[381]=r12^4*r14^3*r15^3*r23*r25*r34*r35^6*r45^7*t
L[382]=r12*r13^4*r15^3*r23*r24^3*r34*r35^6*r45^7*t
L[383]=r12^4*r13*r14^3*r23*r24^3*r34*r35^6*r45^7*t
L[384]=r14^3*r15^3*r23*r25^6*r35^6*r45^7*t
L[385]=r13^3*r14*r15*r23*r24^3*r25^4*r35^6*r45^7*t
L[386]=r12^4*r13*r23*r24^3*r25^4*r35^6*r45^7*t
L[387]=r14^3*r15^4*r23*r24*r25^4*r35^6*r45^7*t
L[388]=r14^4*r15^3*r23*r24*r25^4*r35^6*r45^7*t
L[389]=r12^3*r13*r15^3*r23*r24*r25^4*r35^6*r45^7*t
L[390]=r13^3*r14*r15*r23*r24^4*r25^3*r35^6*r45^7*t
L[391]=r12^4*r13*r23*r24^4*r25^3*r35^6*r45^7*t
L[392]=r13^3*r14*r15^4*r23*r24^3*r25*r35^6*r45^7*t
L[393]=r12^3*r14^4*r15*r23*r24^3*r25*r35^6*r45^7*t
L[394]=r12^4*r13*r23*r24^4*r25*r34^4*r35^4*r45^7*t
L[395]=r12^4*r13*r15^3*r23*r24*r25*r34^4*r35^4*r45^7*t
L[396]=r12^4*r13*r14*r15^4*r23*r34^4*r35^4*r45^7*t
L[397]=r12^4*r13*r14^4*r15*r23*r34^4*r35^4*r45^7*t
L[398]=r14^4*r15*r23*r24^4*r25^4*r34*r35^4*r45^7*t
L[399]=r14^4*r15^4*r23*r24*r25^4*r34*r35^4*r45^7*t
L[400]=r12^3*r14^3*r15^6*r23*r25*r34*r35^4*r45^7*t
L[401]=r12^6*r14^3*r15^3*r23*r25*r34*r35^4*r45^7*t
L[402]=r12*r13^4*r14*r15^4*r23*r25^4*r35^4*r45^7*t
L[403]=r12^3*r14^3*r23*r24^4*r34^7*r35*r45^7*t
L[404]=r12^4*r14^3*r23*r24^4*r34^6*r35*r45^7*t
L[405]=r12*r13^4*r14^3*r23*r24^3*r34^6*r35*r45^7*t
L[406]=r12^6*r14^3*r23*r24^4*r34^4*r35*r45^7*t
L[407]=r13^3*r15^6*r23*r24^4*r25^4*r35*r45^7*t
L[408]=r12^3*r13*r14^3*r23*r24^4*r25*r34^6*r45^7*t
L[409]=r12^3*r14^4*r15*r23*r24^4*r34^6*r45^7*t
L[410]=r12*r13^4*r14^4*r15*r23*r25^4*r34^4*r45^7*t
L[411]=r12^4*r14^3*r23*r24^6*r25*r34^4*r45^7*t
L[412]=r12*r14^3*r23*r25^4*r34^6*r35^7*r45^4*t
L[413]=r12^3*r15*r23*r24^3*r25*r34^6*r35^7*r45^4*t
L[414]=r12^3*r14*r23*r24^3*r25*r34^6*r35^7*r45^4*t
L[415]=r12^3*r15*r23*r25^6*r34^4*r35^7*r45^4*t
L[416]=r13*r15^6*r23*r24^3*r25^3*r34*r35^7*r45^4*t
L[417]=r12*r15^6*r23*r24^3*r25^3*r34*r35^7*r45^4*t
L[418]=r13*r14^3*r23*r24*r25^4*r34^6*r35^6*r45^4*t
L[419]=r13*r14^3*r23*r24^4*r25*r34^6*r35^6*r45^4*t
L[420]=r13^4*r15*r23*r24^4*r34^6*r35^6*r45^4*t
L[421]=r13*r14*r15^4*r23*r24^3*r34^6*r35^6*r45^4*t
L[422]=r13*r14^4*r15*r23*r24^3*r34^6*r35^6*r45^4*t
L[423]=r12^3*r13*r15^4*r23*r24*r34^6*r35^6*r45^4*t
L[424]=r12^3*r14*r23*r24*r25^6*r34^4*r35^6*r45^4*t
L[425]=r13^4*r14*r15^3*r23*r25^6*r34*r35^6*r45^4*t
L[426]=r13*r15^6*r23*r24^4*r25^4*r35^6*r45^4*t
L[427]=r12*r15^6*r23*r24^4*r25^4*r35^6*r45^4*t
L[428]=r12^3*r15*r23*r24^6*r25*r34^6*r35^4*r45^4*t
L[429]=r12*r14^3*r23*r24^6*r25^6*r34*r35^4*r45^4*t
L[430]=r13*r15^6*r23*r24^6*r25^4*r35^4*r45^4*t
L[431]=r12^3*r14*r15*r23*r25^6*r34^4*r35^7*r45^3*t
L[432]=r12^4*r14^4*r15^3*r23*r34*r35^4*r45^10*t
L[433]=r12^3*r13^4*r15^4*r23*r25*r35^4*r45^10*t
L[434]=r12^4*r14^3*r15*r23*r24^3*r34^4*r35*r45^10*t
L[435]=r12*r13^3*r15^4*r23*r24^3*r25^4*r35*r45^10*t
L[436]=r12^3*r13^4*r14^4*r23*r24*r34^4*r45^10*t
L[437]=r12*r13^3*r14^4*r23*r24^4*r25^3*r34*r45^10*t
L[438]=r13^4*r14^3*r15^4*r23*r24*r25^4*r45^10*t
L[439]=r13^4*r14^4*r15^3*r23*r24*r25^4*r45^10*t
L[440]=r14^4*r23*r24^3*r25^4*r34*r35^7*r45^7*t
L[441]=r12^3*r13*r23*r24^3*r25^4*r34*r35^7*r45^7*t
L[442]=r14^3*r15*r23*r24^4*r25^3*r34*r35^7*r45^7*t
L[443]=r12^3*r13*r23*r24^4*r25^3*r34*r35^7*r45^7*t
L[444]=r14^4*r15*r23*r24^3*r25^3*r34*r35^7*r45^7*t
L[445]=r13^3*r15^4*r23*r24^3*r25*r34*r35^7*r45^7*t
L[446]=r13^4*r15^3*r23*r24^3*r25*r34*r35^7*r45^7*t
L[447]=r14^4*r23*r24^4*r25^4*r35^7*r45^7*t
L[448]=r12^4*r23*r24^4*r25^4*r35^7*r45^7*t
L[449]=r12*r13*r15^4*r23*r24^3*r25^3*r35^7*r45^7*t
L[450]=r12^3*r13^3*r23*r34^7*r35^6*r45^7*t
L[451]=r12^3*r13^3*r23*r24*r34^6*r35^6*r45^7*t
L[452]=r12^3*r13^4*r23*r34^6*r35^6*r45^7*t
L[453]=r12^4*r13^3*r23*r34^6*r35^6*r45^7*t
L[454]=r13^3*r14*r15*r23*r24^3*r25*r34^4*r35^6*r45^7*t
L[455]=r12^3*r13*r15^3*r23*r24*r25*r34^4*r35^6*r45^7*t
L[456]=r12^4*r13^3*r23*r24*r25*r34^4*r35^6*r45^7*t
L[457]=r12^3*r14^4*r15*r23*r25*r34^4*r35^6*r45^7*t
L[458]=r12^4*r13^3*r14*r15*r23*r34^4*r35^6*r45^7*t
L[459]=r14^3*r15*r23*r24^4*r25^4*r34*r35^6*r45^7*t
L[460]=r14^4*r15*r23*r24^3*r25^4*r34*r35^6*r45^7*t
L[461]=r12^4*r15^4*r23*r25^4*r34*r35^6*r45^7*t
L[462]=r12*r13^4*r15^3*r23*r25^4*r34*r35^6*r45^7*t
L[463]=r12*r13*r14^4*r23*r24^3*r25^3*r34*r35^6*r45^7*t
L[464]=r12^4*r13*r15^4*r23*r25^3*r34*r35^6*r45^7*t
L[465]=r12^3*r15^3*r23*r24*r25^6*r35^6*r45^7*t
L[466]=r14^4*r15*r23*r24^4*r25^4*r35^6*r45^7*t
L[467]=r12*r13*r15^4*r23*r24^3*r25^4*r35^6*r45^7*t
L[468]=r12^4*r14*r15^4*r23*r25^4*r35^6*r45^7*t
L[469]=r12*r13*r14^4*r23*r24^4*r25^3*r35^6*r45^7*t
L[470]=r12^3*r13*r15^3*r23*r24*r25*r34^6*r35^4*r45^7*t
L[471]=r13^3*r14*r15*r23*r24^4*r34^6*r35^4*r45^7*t
L[472]=r12^3*r14*r15^4*r23*r24*r34^6*r35^4*r45^7*t
L[473]=r12^6*r23*r24^4*r25^4*r34*r35^4*r45^7*t
L[474]=r14^3*r15^6*r23*r24*r25^4*r34*r35^4*r45^7*t
L[475]=r14*r15^6*r23*r24^4*r25^3*r34*r35^4*r45^7*t
L[476]=r12*r13^4*r14^3*r23*r25^4*r34^6*r35*r45^7*t
L[477]=r13^3*r14^4*r15*r23*r25^6*r34^4*r35*r45^7*t
L[478]=r12^3*r14^3*r23*r24^6*r25*r34^6*r45^7*t
L[479]=r12*r13^4*r15^6*r23*r24^4*r25^4*r45^7*t
L[480]=r13^4*r14*r23*r24^3*r25*r34^6*r35^7*r45^4*t
L[481]=r13^4*r15*r23*r25^6*r34^4*r35^7*r45^4*t
L[482]=r13^4*r14*r15*r23*r25^6*r34^4*r35^7*r45^3*t
L[483]=r12^4*r13^3*r15^4*r23*r35^6*r45^10*t
L[484]=r12^4*r14^4*r23*r24^4*r34*r35^4*r45^10*t
L[485]=r13^4*r15^4*r23*r24^4*r25*r35^4*r45^10*t
L[486]=r12^4*r15^4*r23*r25^4*r34^4*r35*r45^10*t
L[487]=r12^4*r14^4*r23*r24^4*r25*r34^3*r35*r45^10*t
L[488]=r13^4*r14^4*r23*r24^3*r25^4*r34*r35*r45^10*t
L[489]=r13^4*r15^4*r23*r24^4*r25^3*r34*r35*r45^10*t
L[490]=r12^4*r13^3*r14^4*r23*r34^6*r45^10*t
L[491]=r12^4*r15^4*r23*r24*r25^4*r34^4*r45^10*t
L[492]=r13^4*r14^4*r23*r24*r25^4*r34^4*r45^10*t
L[493]=r13^4*r14^3*r15^4*r23*r25^6*r45^10*t
L[494]=r13^4*r14^4*r15^3*r23*r25^6*r45^10*t
L[495]=r13^4*r14^4*r15*r23*r24^4*r25^4*r45^10*t
L[496]=r14^4*r23*r24^3*r25^3*r34*r35^9*r45^7*t
L[497]=r12^3*r13*r23*r24^3*r25^4*r35^9*r45^7*t
L[498]=r12^3*r14^3*r23*r25*r34^6*r35^7*r45^7*t
L[499]=r14^3*r15*r23*r24^3*r34^6*r35^7*r45^7*t
L[500]=r12^3*r15^3*r23*r25^6*r34*r35^7*r45^7*t
L[501]=r12^4*r23*r24^3*r25^6*r35^7*r45^7*t
L[502]=r14^6*r15*r23*r24^3*r25^3*r35^7*r45^7*t
L[503]=r12^3*r14^3*r23*r24*r34^7*r35^6*r45^7*t
L[504]=r12^3*r23*r24^4*r25*r34^6*r35^6*r45^7*t
L[505]=r12^3*r14^3*r15*r23*r25*r34^6*r35^6*r45^7*t
L[506]=r12^3*r13*r23*r24^4*r34^6*r35^6*r45^7*t
L[507]=r12^3*r14*r15*r23*r24^3*r34^6*r35^6*r45^7*t
L[508]=r12*r13^4*r23*r24^3*r34^6*r35^6*r45^7*t
L[509]=r12^3*r14^3*r15*r23*r24*r34^6*r35^6*r45^7*t
L[510]=r12^3*r14^4*r23*r24*r34^6*r35^6*r45^7*t
L[511]=r12^4*r14^3*r23*r24*r34^6*r35^6*r45^7*t
L[512]=r12^4*r13*r14^3*r23*r34^6*r35^6*r45^7*t
L[513]=r14^4*r15*r23*r24^4*r25*r34^4*r35^6*r45^7*t
L[514]=r12^4*r14*r15*r23*r24^3*r25*r34^4*r35^6*r45^7*t
L[515]=r12^3*r14^6*r23*r24*r34^4*r35^6*r45^7*t
L[516]=r14^3*r23*r24^4*r25^6*r34*r35^6*r45^7*t
L[517]=r12^4*r15^3*r23*r25^6*r34*r35^6*r45^7*t
L[518]=r14*r15^6*r23*r24^3*r25^3*r34*r35^6*r45^7*t
L[519]=r14^4*r23*r24^4*r25^6*r35^6*r45^7*t
L[520]=r12^3*r14*r15^4*r23*r25^6*r35^6*r45^7*t
L[521]=r14^3*r15*r23*r24^6*r25^4*r35^6*r45^7*t
L[522]=r14^6*r15*r23*r24^3*r25^4*r35^6*r45^7*t
L[523]=r13^6*r15^3*r23*r24*r25^4*r35^6*r45^7*t
L[524]=r14*r15^6*r23*r24^4*r25^3*r35^6*r45^7*t
L[525]=r14^4*r15*r23*r24*r25^4*r34^6*r35^4*r45^7*t
L[526]=r12^3*r23*r24^6*r25*r34^6*r35^4*r45^7*t
L[527]=r12^3*r15^6*r23*r25*r34^6*r35^4*r45^7*t
L[528]=r12^4*r13*r23*r24*r25^6*r34^4*r35^4*r45^7*t
L[529]=r14^3*r23*r24^6*r25^6*r34*r35^4*r45^7*t
L[530]=r12^6*r15^3*r23*r25^6*r34*r35^4*r45^7*t
L[531]=r13^6*r14^3*r23*r24^4*r25*r34^6*r45^7*t
L[532]=r13^3*r15^6*r23*r24^6*r25^4*r34*r45^7*t
L[533]=r13*r14^3*r23*r25^6*r34^6*r35^7*r45^4*t
L[534]=r12^3*r14*r23*r25^6*r34^6*r35^7*r45^4*t
L[535]=r13*r15^6*r23*r24^3*r34^6*r35^7*r45^4*t
L[536]=r12*r15^6*r23*r24^3*r34^6*r35^7*r45^4*t
L[537]=r12^3*r13*r14*r23*r25^6*r34^6*r35^6*r45^4*t
L[538]=r12^3*r13^4*r15^4*r23*r35^7*r45^10*t
L[539]=r12^4*r14^4*r15^3*r23*r35^7*r45^10*t
L[540]=r12^4*r14^3*r15^4*r23*r34*r35^6*r45^10*t
L[541]=r12^4*r14^4*r15^4*r23*r35^6*r45^10*t
L[542]=r12^4*r15^6*r23*r25^3*r34^4*r35*r45^10*t
L[543]=r12^6*r15^4*r23*r25^4*r34^3*r35*r45^10*t
L[544]=r12^4*r14^6*r15*r23*r24^3*r34^3*r35*r45^10*t
L[545]=r12*r13^6*r15^4*r23*r24^3*r25^3*r35*r45^10*t
L[546]=r12^3*r13^4*r14^4*r23*r34^7*r45^10*t
L[547]=r12^4*r14*r15^6*r23*r25^3*r34^4*r45^10*t
L[548]=r12^6*r13^3*r14^4*r23*r24*r34^4*r45^10*t
L[549]=r12^6*r13*r15^4*r23*r25^4*r34^3*r45^10*t
L[550]=r12^6*r13*r14^4*r23*r24^4*r34^3*r45^10*t
L[551]=r12*r13^6*r14^4*r23*r24^3*r25^3*r34*r45^10*t
L[552]=r13^4*r14^4*r23*r24^4*r25^6*r45^10*t
L[553]=r13^4*r14^3*r15*r23*r24^6*r25^4*r45^10*t
L[554]=r13^4*r14^6*r15*r23*r24^3*r25^4*r45^10*t
L[555]=r13^4*r14*r15^6*r23*r24^4*r25^3*r45^10*t
L[556]=r14^4*r23*r24^3*r25*r34^6*r35^7*r45^7*t
L[557]=r12^3*r13*r23*r24^3*r25*r34^6*r35^7*r45^7*t
L[558]=r13^6*r23*r24^3*r25^4*r34*r35^7*r45^7*t
L[559]=r15^6*r23*r24^4*r25^3*r34*r35^7*r45^7*t
L[560]=r13^6*r23*r24^4*r25^3*r34*r35^7*r45^7*t
L[561]=r14^3*r15*r23*r24*r25^4*r34^6*r35^6*r45^7*t
L[562]=r14^4*r23*r24*r25^4*r34^6*r35^6*r45^7*t
L[563]=r12*r13^4*r23*r25^4*r34^6*r35^6*r45^7*t
L[564]=r14^3*r15*r23*r24^4*r25*r34^6*r35^6*r45^7*t
L[565]=r12^4*r13*r23*r24^3*r25*r34^6*r35^6*r45^7*t
L[566]=r12*r13*r14^4*r23*r24^3*r34^6*r35^6*r45^7*t
L[567]=r12^3*r13*r23*r24*r25^6*r34^4*r35^6*r45^7*t
L[568]=r12^4*r23*r24*r25^6*r34^4*r35^6*r45^7*t
L[569]=r13^3*r14*r15*r23*r25^6*r34^4*r35^6*r45^7*t
L[570]=r14^6*r23*r24*r25^4*r34^4*r35^6*r45^7*t
L[571]=r13^6*r23*r24*r25^4*r34^4*r35^6*r45^7*t
L[572]=r14^6*r15*r23*r24^3*r25*r34^4*r35^6*r45^7*t
L[573]=r15^6*r23*r24^4*r25^4*r34*r35^6*r45^7*t
L[574]=r14^3*r23*r24^6*r25^6*r35^6*r45^7*t
L[575]=r15^6*r23*r24^4*r25*r34^6*r35^4*r45^7*t
L[576]=r13^6*r23*r24^4*r25*r34^6*r35^4*r45^7*t
L[577]=r14*r15^6*r23*r24^4*r34^6*r35^4*r45^7*t
L[578]=r14^6*r23*r24^4*r25^6*r34*r35^4*r45^7*t
L[579]=r15^6*r23*r24^6*r25^4*r34*r35^4*r45^7*t
L[580]=r12^6*r15^6*r23*r25^4*r34*r35^4*r45^7*t
L[581]=r13^6*r14^3*r23*r24^4*r34^7*r35*r45^7*t
L[582]=r13^6*r14^4*r15*r23*r24^4*r34^6*r45^7*t
L[583]=r13^4*r14*r23*r25^6*r34^6*r35^7*r45^4*t
L[584]=r12*r15^6*r23*r25^4*r34^6*r35^7*r45^4*t
L[585]=r13*r14*r15^4*r23*r25^6*r34^6*r35^6*r45^4*t
L[586]=r13*r15^6*r23*r24*r25^4*r34^6*r35^6*r45^4*t
L[587]=r12^4*r13^4*r14^4*r15^4*r23*r45^13*t
L[588]=r12^4*r14^4*r23*r24^3*r34*r35^7*r45^10*t
L[589]=r13^4*r15*r23*r24^4*r25^3*r35^7*r45^10*t
L[590]=r12^4*r14*r23*r24^4*r25^3*r35^7*r45^10*t
L[591]=r13^4*r15^4*r23*r24^3*r25*r35^7*r45^10*t
L[592]=r12*r14^3*r15*r23*r24^3*r25^4*r34*r35^6*r45^10*t
L[593]=r13^4*r14*r23*r24^3*r25^4*r34*r35^6*r45^10*t
L[594]=r12^4*r14*r15^4*r23*r25^3*r34*r35^6*r45^10*t
L[595]=r13^4*r15^4*r23*r24^4*r34*r35^6*r45^10*t
L[596]=r12^4*r13*r15^4*r23*r25^4*r35^6*r45^10*t
L[597]=r12^4*r14^4*r23*r24^4*r25*r35^6*r45^10*t
L[598]=r12^4*r14*r15^6*r23*r25^3*r34*r35^4*r45^10*t
L[599]=r12^6*r13*r15^4*r23*r25^4*r35^4*r45^10*t
L[600]=r13^4*r14*r15^6*r23*r24^4*r35^4*r45^10*t
L[601]=r12^6*r13*r14^4*r23*r24^4*r35^4*r45^10*t
L[602]=r13^4*r14^4*r23*r24^3*r25*r34^6*r35*r45^10*t
L[603]=r12^3*r13*r14^4*r23*r24^4*r34^7*r45^10*t
L[604]=r12^4*r13*r14^4*r23*r24^4*r34^6*r45^10*t
L[605]=r13^4*r14^6*r15*r23*r24^3*r25*r34^4*r45^10*t
L[606]=r14^4*r23*r24^3*r34^6*r35^9*r45^7*t
L[607]=r13^6*r23*r24^3*r25^4*r35^9*r45^7*t
L[608]=r12^3*r23*r25^6*r34^6*r35^7*r45^7*t
L[609]=r15^6*r23*r24^3*r34^6*r35^7*r45^7*t
L[610]=r12^3*r23*r24^6*r34^7*r35^6*r45^7*t
L[611]=r12^3*r23*r24*r25^6*r34^6*r35^6*r45^7*t
L[612]=r12*r13*r15^4*r23*r25^4*r34^6*r35^6*r45^7*t
L[613]=r12*r13*r14^4*r23*r25^4*r34^6*r35^6*r45^7*t
L[614]=r12^4*r23*r24^6*r34^6*r35^6*r45^7*t
L[615]=r13^6*r23*r24^4*r34^6*r35^6*r45^7*t
L[616]=r14*r15^6*r23*r24^3*r34^6*r35^6*r45^7*t
L[617]=r12^3*r15^6*r23*r24*r34^6*r35^6*r45^7*t
L[618]=r12^4*r14*r15*r23*r25^6*r34^4*r35^6*r45^7*t
L[619]=r15^6*r23*r24^6*r25^4*r35^6*r45^7*t
L[620]=r14*r15^6*r23*r24*r25^4*r34^6*r35^4*r45^7*t
L[621]=r12^4*r14^3*r15*r23*r34^6*r35^6*r45^10*t
L[622]=r12^4*r15^4*r23*r25^6*r35^6*r45^10*t
L[623]=r12*r13^6*r15^4*r23*r24^3*r35^6*r45^10*t
L[624]=r12^4*r14^6*r15*r23*r24^3*r35^6*r45^10*t
L[625]=r12^4*r14^4*r23*r24^6*r34^6*r45^10*t
L[626]=r12*r13^6*r14^4*r23*r24^3*r34^6*r45^10*t
L[627]=r12^6*r14^4*r23*r24^6*r34^4*r45^10*t
L[628]=r13^4*r15^6*r23*r24^6*r25^4*r45^10*t
L[629]=r14^3*r15*r23*r25^6*r34^6*r35^7*r45^7*t
L[630]=r14^4*r23*r25^6*r34^6*r35^7*r45^7*t
L[631]=r13^6*r23*r24^3*r25*r34^6*r35^7*r45^7*t
L[632]=r13^6*r15^3*r23*r25^6*r34*r35^7*r45^7*t
L[633]=r12^3*r14*r15*r23*r25^6*r34^6*r35^6*r45^7*t
L[634]=r12^4*r13*r23*r25^6*r34^6*r35^6*r45^7*t
L[635]=r15^6*r23*r24*r25^4*r34^6*r35^6*r45^7*t
L[636]=r12^4*r13*r15^6*r23*r34^6*r35^6*r45^7*t
L[637]=r14^6*r15*r23*r25^6*r34^4*r35^6*r45^7*t
L[638]=r13^6*r14*r15^4*r23*r25^6*r35^6*r45^7*t
L[639]=r13*r15^6*r23*r25^6*r34^6*r35^7*r45^4*t
L[640]=r12^4*r14^4*r23*r34^6*r35^7*r45^10*t
L[641]=r12^3*r13*r15^4*r23*r25^6*r35^7*r45^10*t
L[642]=r13*r15^6*r23*r24^4*r25^3*r35^7*r45^10*t
L[643]=r12*r14^6*r23*r24^4*r25^3*r35^7*r45^10*t
L[644]=r12^4*r15*r23*r24^3*r25*r34^6*r35^6*r45^10*t
L[645]=r13^4*r14*r23*r24^3*r25*r34^6*r35^6*r45^10*t
L[646]=r12^6*r13^3*r15*r23*r25*r34^4*r35^6*r45^10*t
L[647]=r12^4*r14^6*r15*r23*r34^4*r35^6*r45^10*t
L[648]=r12*r15^6*r23*r24^3*r25^4*r34*r35^6*r45^10*t
L[649]=r13*r14^6*r23*r24^3*r25^4*r34*r35^6*r45^10*t
L[650]=r12*r13^6*r15^4*r23*r25^4*r35^6*r45^10*t
L[651]=r12^4*r14*r15^6*r23*r34^6*r35^4*r45^10*t
L[652]=r13^4*r14^4*r23*r25^6*r34^6*r35*r45^10*t
L[653]=r13^6*r14^4*r23*r24^4*r34^7*r45^10*t
L[654]=r12*r13^6*r14^4*r23*r25^4*r34^6*r45^10*t
L[655]=r13^4*r14^6*r15*r23*r25^6*r34^4*r45^10*t
L[656]=r12^4*r15^6*r23*r34^6*r35^6*r45^10*t
L[657]=r15^6*r23*r25^6*r34^6*r35^7*r45^7*t
L[658]=r13^6*r23*r25^6*r34^6*r35^7*r45^7*t
L[659]=r14*r15^6*r23*r25^6*r34^6*r35^6*r45^7*t
L[660]=r12^6*r14^6*r23*r24^4*r34^3*r35*r45^13*t
L[661]=r13^6*r15^6*r23*r24^4*r25^3*r35*r45^13*t
L[662]=r12^6*r15^6*r23*r25^4*r34^4*r45^13*t
L[663]=r13^6*r14^6*r23*r24^3*r25^4*r34*r45^13*t
L[664]=r13^6*r15^4*r23*r25^6*r35^7*r45^10*t
L[665]=r12^4*r15*r23*r25^6*r34^6*r35^6*r45^10*t
L[666]=r13^4*r14*r23*r25^6*r34^6*r35^6*r45^10*t
L[667]=r12*r15^6*r23*r25^4*r34^6*r35^6*r45^10*t
L[668]=r13*r14^6*r23*r24^3*r25*r34^6*r35^6*r45^10*t
L[669]=r12^6*r15*r23*r25^6*r34^4*r35^6*r45^10*t
L[670]=r13^6*r15^6*r23*r24^4*r35^6*r45^13*t
L[671]=r12^6*r14^6*r23*r24^4*r35^6*r45^13*t
L[672]=r13^6*r14^6*r23*r24^3*r25*r34^6*r45^13*t
L[673]=r13*r14^6*r23*r25^6*r34^6*r35^6*r45^10*t
L[674]=r13^6*r14^6*r23*r25^6*r34^6*r45^13*t
SING_OK
