L[1]=r12^3*r13^3*r25^3
L[2]=r12^3*r13^3*r24^3
L[3]=r13^3*r15^3*r23^3
L[4]=r12^3*r15^3*r23^3
L[5]=r13^3*r14^3*r23^3
L[6]=r12^3*r14^3*r23^3
L[7]=r12*r13*r14*r15*r23*r24*r25*r34*r35*r45*t
L[8]=r13^3*r24^3*r25^3*r34^3
L[9]=r12^3*r24^3*r25^3*r34^3
L[10]=r14^3*r15^3*r23^3*r34^3
L[11]=r12^3*r14^3*r15^3*r34^3
L[12]=r14^3*r15^3*r23^3*r24^3
L[13]=r13^3*r14^3*r15^3*r24^3
L[14]=r12^3*r14^3*r15^3*r24^3*r35^3
L[15]=r15^3*r23^3*r24^3*r25^3*r34^3
L[16]=r14^3*r23^3*r24^3*r25^3*r34^3
L[17]=r13^3*r14^3*r15^3*r25^3*r34^3
L[18]=r12^3*r13*r14*r15^3*r24*r25*r34*r35^4*r45*t
L[19]=r12^3*r13^3*r14*r15*r23*r24*r34*r35^4*r45*t
L[20]=r12^3*r13*r14^3*r15*r24*r25*r34^4*r35*r45*t
L[21]=r12^3*r13^3*r14*r15*r23*r25*r34^4*r35*r45*t
L[22]=r12*r13^3*r14*r15^3*r24*r25^4*r34*r35*r45*t
L[23]=r12*r13^3*r14^3*r15*r24^4*r25*r34*r35*r45*t
L[24]=r12^3*r14*r15*r23*r24*r25^4*r34*r35^4*r45*t
L[25]=r12^3*r13*r14*r23^4*r24*r25*r34*r35^4*r45*t
L[26]=r14*r15*r23*r24^4*r25^4*r34^4*r35*r45*t
L[27]=r12^3*r14*r15*r23*r24^4*r25*r34^4*r35*r45*t
L[28]=r12^3*r13*r15*r23^4*r24*r25*r34^4*r35*r45*t
L[29]=r13*r14^4*r15^4*r24*r25*r34^4*r35*r45*t
L[30]=r12*r13^3*r14*r23^4*r24*r25^4*r34*r35*r45*t
L[31]=r12*r13^3*r15*r23^4*r24^4*r25*r34*r35*r45*t
L[32]=r12*r14^4*r15^4*r24^4*r25*r34*r35*r45*t
L[33]=r13^4*r14*r15*r23*r24*r25^4*r34*r35^4*r45*t
L[34]=r12^3*r14*r15*r23*r24^3*r25^3*r34*r35^4*r45*t
L[35]=r13*r14*r15^4*r23^4*r24*r25*r34*r35^4*r45*t
L[36]=r12*r13^3*r14*r15*r23*r24^3*r25^3*r35^4*r45*t
L[37]=r12^3*r13*r14*r15*r23*r24^3*r25^3*r35^4*r45*t
L[38]=r12*r13*r14^3*r15^3*r23^3*r24*r25*r35^4*r45*t
L[39]=r12^3*r13*r14^3*r15^3*r23*r24*r25*r35^4*r45*t
L[40]=r14*r15^3*r24^4*r25^4*r34^4*r35*r45*t
L[41]=r14^3*r15*r24^4*r25^4*r34^4*r35*r45*t
L[42]=r13^4*r14*r15*r23*r24^4*r25*r34^4*r35*r45*t
L[43]=r13*r14^4*r15*r23^4*r24*r25*r34^4*r35*r45*t
L[44]=r13^3*r14^4*r15^4*r25*r34^4*r35*r45*t
L[45]=r13^3*r14^4*r15^4*r24*r34^4*r35*r45*t
L[46]=r12*r14*r15^4*r23^4*r24*r25^4*r34*r35*r45*t
L[47]=r12*r13*r14^3*r15^3*r23^3*r25^4*r34*r35*r45*t
L[48]=r12*r13^3*r14^3*r15^3*r23*r25^4*r34*r35*r45*t
L[49]=r12*r14^4*r15*r23^4*r24^4*r25*r34*r35*r45*t
L[50]=r12^3*r14^4*r15^4*r24^4*r25*r35*r45*t
L[51]=r12^3*r14^4*r15^4*r24^4*r25*r34*r45*t
L[52]=r12*r13*r14^3*r23^3*r24*r25*r34^4*r35^4*r45*t
L[53]=r12^3*r13*r14^3*r23*r24*r25*r34^4*r35^4*r45*t
L[54]=r12*r13^3*r14*r15*r23*r24^3*r34^4*r35^4*r45*t
L[55]=r12^3*r13*r14*r15*r23*r24^3*r34^4*r35^4*r45*t
L[56]=r13^4*r14*r15*r23*r24^3*r25^3*r34*r35^4*r45*t
L[57]=r14^4*r15^4*r24^4*r25*r34*r35^4*r45*t
L[58]=r13*r14^3*r15^3*r23^4*r24*r25*r34*r35^4*r45*t
L[59]=r15*r23^4*r24^4*r25^4*r34^4*r35*r45*t
L[60]=r14*r23^4*r24^4*r25^4*r34^4*r35*r45*t
L[61]=r13*r23^4*r24^4*r25^4*r34^4*r35*r45*t
L[62]=r12*r23^4*r24^4*r25^4*r34^4*r35*r45*t
L[63]=r14^4*r15^4*r24*r25^4*r34^4*r35*r45*t
L[64]=r14^4*r15^4*r24^4*r25*r34^4*r35*r45*t
L[65]=r13^4*r14^4*r15^4*r23*r34^4*r35*r45*t
L[66]=r12*r13^4*r14^4*r15^4*r34^4*r35*r45*t
L[67]=r12*r13*r14^3*r23^3*r24^4*r25^4*r34*r35*r45*t
L[68]=r12*r13^3*r14^3*r23*r24^4*r25^4*r34*r35*r45*t
L[69]=r12*r14^3*r15^3*r23^4*r24*r25^4*r34*r35*r45*t
L[70]=r12^4*r14^4*r15^4*r23*r24^4*r25*r45*t
L[71]=r12^4*r13*r14^4*r15^4*r24^4*r25*r45*t
L[72]=r12^3*r13^2*r14^3*r15^3*r23^2*r24^3*r34^2*r35^2
L[73]=r12^2*r13^2*r14^2*r15^2*r23^3*r24^3*r25^3*r34^3
L[74]=r12^2*r13^3*r14^3*r15^3*r23^2*r24^2*r25^2*r34^3
L[75]=r12^3*r13*r14^3*r24*r25*r34^6*r35^4*r45*t
L[76]=r12^3*r13^3*r14*r15*r23*r34^6*r35^4*r45*t
L[77]=r12*r13^3*r14*r15*r23*r25^4*r34^4*r35^4*r45*t
L[78]=r12^3*r13*r14*r15*r23*r25^4*r34^4*r35^4*r45*t
L[79]=r12*r13*r15^4*r23^3*r24*r25*r34^4*r35^4*r45*t
L[80]=r12^3*r13*r15^4*r23*r24*r25*r34^4*r35^4*r45*t
L[81]=r12^4*r13*r15^3*r23*r24*r25*r34^4*r35^4*r45*t
L[82]=r12^4*r13^4*r14*r15*r23*r34^4*r35^4*r45*t
L[83]=r13^3*r14*r15^3*r24*r25^6*r34*r35^4*r45*t
L[84]=r13^3*r14*r15^3*r24^3*r25^4*r34*r35^4*r45*t
L[85]=r13^3*r14*r15^4*r23*r24*r25^4*r34*r35^4*r45*t
L[86]=r12^3*r13*r14^3*r15^3*r25^4*r34*r35^4*r45*t
L[87]=r13^3*r14^3*r15*r24^4*r25^3*r34*r35^4*r45*t
L[88]=r12^3*r13*r14^3*r15*r24^3*r25^3*r34*r35^4*r45*t
L[89]=r12^3*r13^3*r14^3*r15^3*r23*r25*r34*r35^4*r45*t
L[90]=r12*r13^3*r14*r15^3*r24^3*r25^4*r35^4*r45*t
L[91]=r12*r13^3*r14^3*r15^3*r24*r25^4*r35^4*r45*t
L[92]=r12*r13*r14^3*r15^3*r23^3*r25^4*r35^4*r45*t
L[93]=r12*r13^3*r14^3*r15^3*r23*r25^4*r35^4*r45*t
L[94]=r12^3*r13*r14^3*r15^3*r23*r25^4*r35^4*r45*t
L[95]=r12*r13^3*r14^3*r15*r24^4*r25^3*r35^4*r45*t
L[96]=r12*r13*r14*r15^3*r23^3*r24^3*r25^3*r35^4*r45*t
L[97]=r12*r13*r14^3*r15*r23^3*r24^3*r25^3*r35^4*r45*t
L[98]=r12*r13^3*r14^3*r15^3*r23*r24*r25^3*r35^4*r45*t
L[99]=r14^4*r15^4*r24^4*r25*r34^3*r35^3*r45*t
L[100]=r12^3*r13*r14^3*r15^3*r23*r25^4*r34*r35^3*r45*t
L[101]=r14^4*r15^4*r24^3*r25^3*r34^4*r35*r45*t
L[102]=r13^3*r14^3*r15*r24^6*r25*r34^4*r35*r45*t
L[103]=r13^3*r14^4*r15*r23*r24^4*r25*r34^4*r35*r45*t
L[104]=r12*r13^3*r14^3*r24^6*r25^4*r34*r35*r45*t
L[105]=r12*r13*r15^4*r23^3*r24^4*r25^4*r34*r35*r45*t
L[106]=r12*r13^3*r15^4*r23*r24^4*r25^4*r34*r35*r45*t
L[107]=r12*r13^4*r15^3*r23*r24^4*r25^4*r34*r35*r45*t
L[108]=r12^4*r13^3*r14*r15^3*r24*r34*r35^7*r45*t
L[109]=r12^3*r14*r15*r23*r24^3*r25^4*r35^7*r45*t
L[110]=r12^3*r13*r14^3*r15^4*r24*r25*r35^7*r45*t
L[111]=r12^3*r13*r15^3*r23*r24*r25*r34^6*r35^4*r45*t
L[112]=r12^3*r14*r15*r23*r24^4*r34^6*r35^4*r45*t
L[113]=r12*r13^3*r14^3*r23*r24*r25^3*r34^4*r35^4*r45*t
L[114]=r12*r13^3*r14^3*r24^4*r25*r34^4*r35^4*r45*t
L[115]=r12*r13^3*r14^3*r23*r24^3*r25*r34^4*r35^4*r45*t
L[116]=r12*r13^3*r14*r15^3*r24^3*r25*r34^4*r35^4*r45*t
L[117]=r12^4*r13^3*r14*r15^3*r25*r34^4*r35^4*r45*t
L[118]=r12*r13^3*r14^3*r15*r24^4*r34^4*r35^4*r45*t
L[119]=r12*r13*r14*r15^3*r23^3*r24^3*r34^4*r35^4*r45*t
L[120]=r12*r13*r14^3*r15*r23^3*r24^3*r34^4*r35^4*r45*t
L[121]=r12^4*r13^3*r14^3*r15*r24*r34^4*r35^4*r45*t
L[122]=r12^3*r14^3*r23*r24^4*r25^4*r34*r35^4*r45*t
L[123]=r12^3*r13*r14^3*r24^4*r25^4*r34*r35^4*r45*t
L[124]=r13^3*r14^3*r15^3*r23*r24*r25^4*r34*r35^4*r45*t
L[125]=r13*r14^3*r15^3*r23^4*r25^4*r34*r35^4*r45*t
L[126]=r12^3*r13*r15*r23^4*r24^3*r25^3*r34*r35^4*r45*t
L[127]=r12*r13*r14^3*r23^3*r24^4*r25^4*r35^4*r45*t
L[128]=r12*r13^3*r14^3*r23*r24^4*r25^4*r35^4*r45*t
L[129]=r12^3*r13*r14^3*r23*r24^4*r25^4*r35^4*r45*t
L[130]=r12*r13^3*r14*r23^4*r24^3*r25^4*r35^4*r45*t
L[131]=r12*r14^3*r15^3*r23^4*r24*r25^4*r35^4*r45*t
L[132]=r12*r13^3*r15*r23^4*r24^4*r25^3*r35^4*r45*t
L[133]=r12^3*r13*r14^3*r23*r24^4*r25^4*r34*r35^3*r45*t
L[134]=r12^4*r13^3*r14^3*r15*r25*r34^7*r35*r45*t
L[135]=r12*r13^3*r14^3*r15^4*r25^7*r34*r35*r45*t
L[136]=r12*r13^3*r15^3*r23*r24^6*r25^4*r34*r35*r45*t
L[137]=r12^3*r14*r15*r23*r24^3*r25*r34^4*r35^7*r45*t
L[138]=r12^3*r13*r15^4*r24*r25*r34^4*r35^7*r45*t
L[139]=r12^4*r14*r15^3*r24*r25^4*r34*r35^7*r45*t
L[140]=r12^4*r13^3*r14*r23^4*r24*r34*r35^7*r45*t
L[141]=r13^4*r14*r15*r23*r24^3*r25^4*r35^7*r45*t
L[142]=r12^3*r13*r14*r15^3*r24^3*r25^3*r35^7*r45*t
L[143]=r13*r14^3*r15^4*r23^4*r24*r25*r35^7*r45*t
L[144]=r12^3*r13^3*r14^3*r15^3*r23*r24*r35^7*r45*t
L[145]=r13*r14^4*r23^4*r24*r25*r34^6*r35^4*r45*t
L[146]=r12^3*r13^3*r14^3*r23*r25*r34^6*r35^4*r45*t
L[147]=r12^3*r13^3*r14*r15^3*r25*r34^6*r35^4*r45*t
L[148]=r13^4*r14*r15*r23*r24^4*r34^6*r35^4*r45*t
L[149]=r12^3*r13*r14^3*r15*r24^3*r34^6*r35^4*r45*t
L[150]=r12^3*r13^3*r14^3*r15*r24*r34^6*r35^4*r45*t
L[151]=r12*r13^3*r15^4*r24*r25^4*r34^4*r35^4*r45*t
L[152]=r12*r13^3*r14^3*r15*r24*r25^4*r34^4*r35^4*r45*t
L[153]=r12^4*r14^3*r15*r24*r25^4*r34^4*r35^4*r45*t
L[154]=r12*r13*r14*r15^3*r23^3*r25^4*r34^4*r35^4*r45*t
L[155]=r12*r13*r14^3*r15*r23^3*r25^4*r34^4*r35^4*r45*t
L[156]=r12*r13^3*r15^4*r23*r24*r25^3*r34^4*r35^4*r45*t
L[157]=r12*r13^3*r15^3*r23*r24^4*r25*r34^4*r35^4*r45*t
L[158]=r12^4*r14*r15^3*r24^4*r25*r34^4*r35^4*r45*t
L[159]=r12*r13^3*r14*r23^4*r24^3*r25*r34^4*r35^4*r45*t
L[160]=r12*r13^3*r15^4*r23*r24^3*r25*r34^4*r35^4*r45*t
L[161]=r12^4*r13*r23^6*r24*r25*r34^4*r35^4*r45*t
L[162]=r12^4*r13^3*r14*r23^4*r25*r34^4*r35^4*r45*t
L[163]=r12*r13^3*r15*r23^4*r24^4*r34^4*r35^4*r45*t
L[164]=r12^4*r13^3*r15*r23^4*r24*r34^4*r35^4*r45*t
L[165]=r13^4*r14*r23^4*r24*r25^6*r34*r35^4*r45*t
L[166]=r12^3*r14^3*r15^3*r23*r25^6*r34*r35^4*r45*t
L[167]=r13^3*r14^3*r24^6*r25^4*r34*r35^4*r45*t
L[168]=r13*r14^3*r23^4*r24^4*r25^4*r34*r35^4*r45*t
L[169]=r12^3*r15^4*r23*r24^4*r25^4*r34*r35^4*r45*t
L[170]=r13^4*r15^3*r23*r24^4*r25^4*r34*r35^4*r45*t
L[171]=r13^4*r14^3*r23*r24^4*r25^4*r34*r35^4*r45*t
L[172]=r12^3*r13*r15^4*r24^4*r25^4*r34*r35^4*r45*t
L[173]=r13^4*r14*r23^4*r24^3*r25^4*r34*r35^4*r45*t
L[174]=r13^3*r14*r15*r23^6*r24*r25^4*r34*r35^4*r45*t
L[175]=r13^4*r15*r23^4*r24^4*r25^3*r34*r35^4*r45*t
L[176]=r13*r14^4*r15*r23^4*r24^3*r25^3*r34*r35^4*r45*t
L[177]=r12*r13^3*r14^3*r24^6*r25^4*r35^4*r45*t
L[178]=r12*r13*r15^4*r23^3*r24^4*r25^4*r35^4*r45*t
L[179]=r12*r13^3*r15^4*r23*r24^4*r25^4*r35^4*r45*t
L[180]=r12^3*r13*r15^4*r23*r24^4*r25^4*r35^4*r45*t
L[181]=r12*r13^4*r15^3*r23*r24^4*r25^4*r35^4*r45*t
L[182]=r12*r14*r15^4*r23^4*r24^3*r25^4*r35^4*r45*t
L[183]=r12*r14^4*r15*r23^4*r24^4*r25^3*r35^4*r45*t
L[184]=r12^2*r13^2*r14^2*r15^2*r23^3*r24^3*r25^3*r35^4*r45*t
L[185]=r12^2*r13^3*r14^3*r15^3*r23^2*r24^2*r25^2*r35^4*r45*t
L[186]=r12^3*r13*r15^4*r23*r24^4*r25^4*r34*r35^3*r45*t
L[187]=r12^3*r13^2*r14^3*r15^3*r23^2*r25^4*r34^2*r35^2*r45*t
L[188]=r12^4*r14^3*r15*r24^4*r25*r34^7*r35*r45*t
L[189]=r12^4*r13^3*r15*r23^4*r25*r34^7*r35*r45*t
L[190]=r13^4*r15*r23^4*r24^6*r25*r34^4*r35*r45*t
L[191]=r13^3*r14*r15*r23^6*r24^4*r25*r34^4*r35*r45*t
L[192]=r12*r13^3*r15^4*r24^4*r25^7*r34*r35*r45*t
L[193]=r12*r14^3*r15^4*r23^4*r25^7*r34*r35*r45*t
L[194]=r12*r14^4*r23^4*r24^6*r25^4*r34*r35*r45*t
L[195]=r12*r13^4*r23^6*r24^4*r25^4*r34*r35*r45*t
L[196]=r13^4*r14*r15*r23*r24^3*r25*r34^4*r35^7*r45*t
L[197]=r13*r14^3*r15*r23^4*r24*r25*r34^4*r35^7*r45*t
L[198]=r12^3*r13*r14*r15^3*r24^3*r34^4*r35^7*r45*t
L[199]=r12^3*r13^3*r14^3*r23*r24*r34^4*r35^7*r45*t
L[200]=r12^4*r14*r23^4*r24*r25^4*r34*r35^7*r45*t
L[201]=r12*r13*r14^3*r23^3*r24^3*r25^3*r34*r35^7*r45*t
L[202]=r12*r13^3*r14^3*r23*r24^3*r25^3*r34*r35^7*r45*t
L[203]=r12^3*r13*r14^3*r23*r24^3*r25^3*r34*r35^7*r45*t
L[204]=r12^4*r14*r15^3*r24^3*r25^3*r34*r35^7*r45*t
L[205]=r12^3*r14^3*r15^3*r23*r24*r25^4*r35^7*r45*t
L[206]=r12^3*r13*r14^3*r15^4*r25^4*r35^7*r45*t
L[207]=r12^3*r13*r14*r23^4*r24^3*r25^3*r35^7*r45*t
L[208]=r12^4*r13^3*r14^3*r25*r34^7*r35^4*r45*t
L[209]=r12^4*r13^3*r14^3*r15*r34^7*r35^4*r45*t
L[210]=r12^3*r14^3*r15*r24*r25^4*r34^6*r35^4*r45*t
L[211]=r12^3*r13*r14^3*r15*r25^4*r34^6*r35^4*r45*t
L[212]=r12^3*r14^3*r23*r24^4*r25*r34^6*r35^4*r45*t
L[213]=r12^3*r14*r15^3*r24^4*r25*r34^6*r35^4*r45*t
L[214]=r12^3*r13*r23^6*r24*r25*r34^6*r35^4*r45*t
L[215]=r12^3*r13^3*r14*r23^4*r25*r34^6*r35^4*r45*t
L[216]=r12^3*r13^3*r15^4*r23*r25*r34^6*r35^4*r45*t
L[217]=r12^3*r13*r15*r23^4*r24^3*r34^6*r35^4*r45*t
L[218]=r12^3*r13^3*r15*r23^4*r24*r34^6*r35^4*r45*t
L[219]=r12*r13^3*r15^3*r24*r25^6*r34^4*r35^4*r45*t
L[220]=r12*r13^3*r14*r15^3*r25^6*r34^4*r35^4*r45*t
L[221]=r12*r14^3*r15*r23^4*r24*r25^4*r34^4*r35^4*r45*t
L[222]=r12*r13^3*r15*r23^4*r24*r25^4*r34^4*r35^4*r45*t
L[223]=r12^4*r15*r23^4*r24*r25^4*r34^4*r35^4*r45*t
L[224]=r12^2*r13^3*r14^3*r23^2*r24^2*r25^2*r34^4*r35^4*r45*t
L[225]=r12*r14^4*r23^4*r24^4*r25*r34^4*r35^4*r45*t
L[226]=r12^4*r14*r23^4*r24^4*r25*r34^4*r35^4*r45*t
L[227]=r12*r14*r15^4*r23^4*r24^3*r25*r34^4*r35^4*r45*t
L[228]=r12*r14^4*r15*r23^4*r24^4*r34^4*r35^4*r45*t
L[229]=r12^2*r13^2*r14^2*r15^2*r23^3*r24^3*r34^4*r35^4*r45*t
L[230]=r13^3*r14^3*r15^4*r25^7*r34*r35^4*r45*t
L[231]=r13^3*r14*r23^6*r24*r25^6*r34*r35^4*r45*t
L[232]=r13^4*r14^3*r15^3*r23*r25^6*r34*r35^4*r45*t
L[233]=r13^3*r14*r23^6*r24^3*r25^4*r34*r35^4*r45*t
L[234]=r14^3*r15^3*r23^6*r24*r25^4*r34*r35^4*r45*t
L[235]=r13^3*r15*r23^6*r24^4*r25^3*r34*r35^4*r45*t
L[236]=r12*r13^3*r14^3*r15^4*r25^7*r35^4*r45*t
L[237]=r12*r13^3*r15^3*r23*r24^6*r25^4*r35^4*r45*t
L[238]=r12^3*r13^2*r14^3*r23^2*r24^4*r25^4*r34^2*r35^2*r45*t
L[239]=r12^4*r15*r23^4*r24^4*r25*r34^7*r35*r45*t
L[240]=r13^3*r15*r23^6*r24^6*r25*r34^4*r35*r45*t
L[241]=r12*r14^3*r15*r23^4*r24^4*r25^7*r34*r35*r45*t
L[242]=r12*r13^3*r23^6*r24^6*r25^4*r34*r35*r45*t
L[243]=r23^4*r24^5*r25^5*r34^5*r35^2*r45^2*t^2
L[244]=r13^4*r14^5*r15^5*r34^5*r35^2*r45^2*t^2
L[245]=r12^4*r14^5*r15^5*r24^5*r25^2*r45^2*t^2
L[246]=r12^3*r14*r15*r23*r25^6*r34^4*r35^7*r45*t
L[247]=r12^3*r14^3*r23*r24*r25^4*r34^4*r35^7*r45*t
L[248]=r12^3*r13*r14*r15^3*r25^4*r34^4*r35^7*r45*t
L[249]=r12^3*r13*r14*r23^4*r24^3*r34^4*r35^7*r45*t
L[250]=r12^3*r13^3*r15^4*r23*r24*r34^4*r35^7*r45*t
L[251]=r12*r13^3*r15^4*r24^3*r25^4*r34*r35^7*r45*t
L[252]=r12*r13^3*r14^3*r15*r24^3*r25^4*r34*r35^7*r45*t
L[253]=r12^4*r14^3*r15*r24^3*r25^4*r34*r35^7*r45*t
L[254]=r12*r13^3*r15^3*r23*r24^4*r25^3*r34*r35^7*r45*t
L[255]=r12*r13^3*r14*r15^3*r24^4*r25^3*r34*r35^7*r45*t
L[256]=r12*r13^3*r14^4*r24^4*r25^3*r34*r35^7*r45*t
L[257]=r12^4*r14*r23^4*r24^3*r25^3*r34*r35^7*r45*t
L[258]=r12*r13*r15^4*r23^3*r24^3*r25^3*r34*r35^7*r45*t
L[259]=r12*r13^3*r15^4*r23*r24^3*r25^3*r34*r35^7*r45*t
L[260]=r12^3*r13*r15^4*r23*r24^3*r25^3*r34*r35^7*r45*t
L[261]=r12^4*r13*r15^3*r23*r24^3*r25^3*r34*r35^7*r45*t
L[262]=r12*r13^4*r14*r15^3*r24^3*r25^3*r34*r35^7*r45*t
L[263]=r12^4*r13^3*r14^3*r15^4*r25*r34*r35^7*r45*t
L[264]=r12^4*r13^4*r14^3*r15^3*r23*r34*r35^7*r45*t
L[265]=r13^3*r14*r15^3*r24^3*r25^6*r35^7*r45*t
L[266]=r13^3*r14^3*r15^3*r24*r25^6*r35^7*r45*t
L[267]=r12^3*r14^3*r15^3*r23*r25^6*r35^7*r45*t
L[268]=r12^3*r13*r14^3*r15^3*r25^6*r35^7*r45*t
L[269]=r12^3*r13*r15^4*r24^4*r25^4*r35^7*r45*t
L[270]=r13^4*r14^3*r15*r24^4*r25^4*r35^7*r45*t
L[271]=r12^3*r13*r14^3*r15*r24^4*r25^4*r35^7*r45*t
L[272]=r13^3*r14*r15^4*r23*r24^3*r25^4*r35^7*r45*t
L[273]=r13^3*r14^3*r15^4*r23*r24*r25^4*r35^7*r45*t
L[274]=r13^4*r14^3*r15^3*r23*r24*r25^4*r35^7*r45*t
L[275]=r13*r14^3*r15^4*r23^4*r25^4*r35^7*r45*t
L[276]=r13*r14*r15^4*r23^4*r24^3*r25^3*r35^7*r45*t
L[277]=r12^3*r13^3*r14^4*r15^4*r23*r25*r35^7*r45*t
L[278]=r12^4*r14^3*r24^4*r25*r34^7*r35^4*r45*t
L[279]=r12^4*r13^3*r15^3*r23*r25*r34^7*r35^4*r45*t
L[280]=r12^4*r14^3*r15*r24^4*r34^7*r35^4*r45*t
L[281]=r12^4*r13^3*r15*r23^4*r34^7*r35^4*r45*t
L[282]=r13^3*r14^3*r15*r23*r24*r25^4*r34^6*r35^4*r45*t
L[283]=r12^3*r13*r15*r23^4*r25^4*r34^6*r35^4*r45*t
L[284]=r13^3*r14^3*r24^6*r25*r34^6*r35^4*r45*t
L[285]=r12^3*r14*r23^4*r24^4*r25*r34^6*r35^4*r45*t
L[286]=r12^3*r15^4*r23*r24^4*r25*r34^6*r35^4*r45*t
L[287]=r13^3*r14^4*r23*r24^4*r25*r34^6*r35^4*r45*t
L[288]=r13^4*r14^3*r23*r24^4*r25*r34^6*r35^4*r45*t
L[289]=r13^4*r14*r15^3*r24^4*r25*r34^6*r35^4*r45*t
L[290]=r13^3*r14^3*r15*r24^6*r34^6*r35^4*r45*t
L[291]=r13^3*r14^4*r15*r23*r24^4*r34^6*r35^4*r45*t
L[292]=r13*r14^4*r15*r23^4*r24^3*r34^6*r35^4*r45*t
L[293]=r12*r13^3*r14*r23^4*r25^6*r34^4*r35^4*r45*t
L[294]=r12^2*r13^2*r14^2*r15^2*r23^3*r25^4*r34^4*r35^4*r45*t
L[295]=r12^2*r13^3*r15^4*r23^2*r24^2*r25^2*r34^4*r35^4*r45*t
L[296]=r12*r13^3*r23^6*r24^4*r25*r34^4*r35^4*r45*t
L[297]=r13^3*r15^4*r24^4*r25^7*r34*r35^4*r45*t
L[298]=r13^4*r23^6*r24^4*r25^4*r34*r35^4*r45*t
L[299]=r14*r15^6*r23^6*r24*r25^4*r34*r35^4*r45*t
L[300]=r12*r13^3*r15^4*r24^4*r25^7*r35^4*r45*t
L[301]=r12*r14^3*r15^4*r23^4*r25^7*r35^4*r45*t
L[302]=r12*r14^4*r23^4*r24^6*r25^4*r35^4*r45*t
L[303]=r12*r13^4*r23^6*r24^4*r25^4*r35^4*r45*t
L[304]=r12^3*r13^2*r15^4*r23^2*r24^4*r25^4*r34^2*r35^2*r45*t
L[305]=r14^6*r15*r23^6*r24^4*r25*r34^4*r35*r45*t
L[306]=r12^3*r13*r14^3*r24^3*r34^7*r35^7*r45*t
L[307]=r12^3*r13^3*r14^3*r23*r34^7*r35^7*r45*t
L[308]=r12*r13*r14^3*r23^3*r24^3*r34^6*r35^7*r45*t
L[309]=r12*r13^3*r14^3*r23*r24^3*r34^6*r35^7*r45*t
L[310]=r12^3*r13*r14^3*r23*r24^3*r34^6*r35^7*r45*t
L[311]=r12^4*r13^3*r14^3*r24*r34^6*r35^7*r45*t
L[312]=r12^4*r13^3*r14*r15^3*r34^6*r35^7*r45*t
L[313]=r13^3*r15^3*r24*r25^6*r34^4*r35^7*r45*t
L[314]=r13^4*r14*r15*r23*r25^6*r34^4*r35^7*r45*t
L[315]=r13^3*r14*r15^3*r25^6*r34^4*r35^7*r45*t
L[316]=r12^3*r15^4*r23*r24*r25^4*r34^4*r35^7*r45*t
L[317]=r13^4*r14^3*r23*r24*r25^4*r34^4*r35^7*r45*t
L[318]=r12^3*r13*r14*r23^4*r25^4*r34^4*r35^7*r45*t
L[319]=r13^3*r14^3*r15*r23*r24^4*r25*r34^4*r35^7*r45*t
L[320]=r13^4*r14^3*r15*r24^4*r25*r34^4*r35^7*r45*t
L[321]=r13^3*r14*r15^4*r23*r24^3*r25*r34^4*r35^7*r45*t
L[322]=r13*r15^6*r23^4*r24*r25*r34^4*r35^7*r45*t
L[323]=r13*r14*r15^4*r23^4*r24^3*r34^4*r35^7*r45*t
L[324]=r12^4*r14^3*r15^3*r25^6*r34*r35^7*r45*t
L[325]=r12^4*r15^4*r24^4*r25^4*r34*r35^7*r45*t
L[326]=r12*r14^3*r15*r23^4*r24^3*r25^4*r34*r35^7*r45*t
L[327]=r12*r13^3*r15*r23^4*r24^3*r25^4*r34*r35^7*r45*t
L[328]=r12^4*r15*r23^4*r24^3*r25^4*r34*r35^7*r45*t
L[329]=r12*r13^3*r14^3*r24^6*r25^3*r34*r35^7*r45*t
L[330]=r12*r14^4*r23^4*r24^4*r25^3*r34*r35^7*r45*t
L[331]=r12*r13^3*r14*r23^4*r24^4*r25^3*r34*r35^7*r45*t
L[332]=r12*r13^4*r14*r23^4*r24^3*r25^3*r34*r35^7*r45*t
L[333]=r13^3*r14^3*r15^4*r25^7*r35^7*r45*t
L[334]=r12^3*r14^3*r23*r24^4*r25^6*r35^7*r45*t
L[335]=r13*r14^3*r15^3*r23^4*r25^6*r35^7*r45*t
L[336]=r13^4*r14^3*r15^3*r23*r25^6*r35^7*r45*t
L[337]=r13^3*r14^3*r15*r24^6*r25^4*r35^7*r45*t
L[338]=r13*r14^3*r15*r23^4*r24^4*r25^4*r35^7*r45*t
L[339]=r13^4*r15*r23^4*r24^4*r25^4*r35^7*r45*t
L[340]=r12^3*r13*r15*r23^4*r24^4*r25^4*r35^7*r45*t
L[341]=r12^4*r15^3*r23*r24^4*r25*r34^7*r35^4*r45*t
L[342]=r12^4*r15*r23^4*r24^4*r34^7*r35^4*r45*t
L[343]=r13*r14^4*r15*r23^4*r25^4*r34^6*r35^4*r45*t
L[344]=r13^4*r14*r23^4*r24^4*r25*r34^6*r35^4*r45*t
L[345]=r13^4*r15^4*r23*r24^4*r25*r34^6*r35^4*r45*t
L[346]=r12*r14*r15^4*r23^4*r25^6*r34^4*r35^4*r45*t
L[347]=r12*r15^6*r23^4*r24*r25^4*r34^4*r35^4*r45*t
L[348]=r13^3*r23^6*r24^6*r25^4*r34*r35^4*r45*t
L[349]=r14^4*r15*r23^6*r24^4*r25^4*r34*r35^4*r45*t
L[350]=r13*r15^6*r23^4*r24^4*r25^4*r34*r35^4*r45*t
L[351]=r12*r14^3*r15*r23^4*r24^4*r25^7*r35^4*r45*t
L[352]=r12*r13^3*r23^6*r24^6*r25^4*r35^4*r45*t
L[353]=r12*r15^6*r23^4*r24^4*r25^7*r34*r35*r45*t
L[354]=r12^3*r14^3*r23*r24^3*r25^4*r34*r35^10*r45*t
L[355]=r12^3*r13*r15^4*r24^3*r25^3*r34*r35^10*r45*t
L[356]=r12^4*r14*r15^3*r24^3*r25^4*r35^10*r45*t
L[357]=r12^4*r13^3*r14^3*r15^4*r24*r35^10*r45*t
L[358]=r12^3*r13*r14^3*r25^4*r34^7*r35^7*r45*t
L[359]=r12^3*r13^3*r15^4*r25*r34^7*r35^7*r45*t
L[360]=r12^3*r13^3*r14^3*r15*r25*r34^7*r35^7*r45*t
L[361]=r12^3*r14^3*r23*r24^4*r34^7*r35^7*r45*t
L[362]=r12^3*r13*r15^3*r23*r24^3*r34^7*r35^7*r45*t
L[363]=r12^3*r13^3*r14*r15^3*r24*r34^7*r35^7*r45*t
L[364]=r12^3*r13^3*r14^4*r24*r34^7*r35^7*r45*t
L[365]=r12^3*r13^3*r15^4*r23*r34^7*r35^7*r45*t
L[366]=r12^4*r14^3*r24*r25^4*r34^6*r35^7*r45*t
L[367]=r12*r13*r14^3*r23^3*r25^4*r34^6*r35^7*r45*t
L[368]=r12*r13^3*r14^3*r23*r25^4*r34^6*r35^7*r45*t
L[369]=r12^3*r13*r14^3*r23*r25^4*r34^6*r35^7*r45*t
L[370]=r12*r13^3*r15^4*r24^3*r25*r34^6*r35^7*r45*t
L[371]=r12*r13^3*r14^3*r15*r24^3*r25*r34^6*r35^7*r45*t
L[372]=r12^4*r14^3*r15*r24^3*r25*r34^6*r35^7*r45*t
L[373]=r12^4*r13^3*r14^3*r15*r25*r34^6*r35^7*r45*t
L[374]=r12*r13^3*r14*r15^3*r24^4*r34^6*r35^7*r45*t
L[375]=r12^4*r14*r15^3*r24^4*r34^6*r35^7*r45*t
L[376]=r12*r13^3*r14^4*r24^4*r34^6*r35^7*r45*t
L[377]=r12*r13*r15^4*r23^3*r24^3*r34^6*r35^7*r45*t
L[378]=r12*r13^3*r15^4*r23*r24^3*r34^6*r35^7*r45*t
L[379]=r12^3*r13*r15^4*r23*r24^3*r34^6*r35^7*r45*t
L[380]=r12^4*r13*r15^3*r23*r24^3*r34^6*r35^7*r45*t
L[381]=r12^4*r13^3*r15^3*r23*r24*r34^6*r35^7*r45*t
L[382]=r12^4*r13^3*r14*r23^4*r34^6*r35^7*r45*t
L[383]=r12^4*r13^4*r14^3*r23*r34^6*r35^7*r45*t
L[384]=r13^4*r15^4*r23*r24*r25^4*r34^4*r35^7*r45*t
L[385]=r13*r14*r15^4*r23^4*r25^4*r34^4*r35^7*r45*t
L[386]=r13^4*r15*r23^4*r24^4*r25*r34^4*r35^7*r45*t
L[387]=r12^6*r13^3*r15^3*r23*r24*r34^4*r35^7*r45*t
L[388]=r12^6*r13^4*r14*r15^3*r34^4*r35^7*r45*t
L[389]=r12*r13^3*r14^3*r15^3*r25^7*r34*r35^7*r45*t
L[390]=r12^4*r14^3*r24^4*r25^6*r34*r35^7*r45*t
L[391]=r12*r13^3*r15^3*r23*r24^3*r25^6*r34*r35^7*r45*t
L[392]=r12*r13^4*r14^3*r15^3*r25^6*r34*r35^7*r45*t
L[393]=r12*r13^3*r23^6*r24^4*r25^3*r34*r35^7*r45*t
L[394]=r12*r14*r15^4*r23^4*r24^4*r25^3*r34*r35^7*r45*t
L[395]=r12^4*r13*r23^6*r24^3*r25^3*r34*r35^7*r45*t
L[396]=r13^3*r15^4*r24^4*r25^7*r35^7*r45*t
L[397]=r13^3*r14^3*r24^6*r25^6*r35^7*r45*t
L[398]=r12^3*r15^4*r23*r24^4*r25^6*r35^7*r45*t
L[399]=r13^4*r15^3*r23*r24^4*r25^6*r35^7*r45*t
L[400]=r13^4*r14^3*r23*r24^4*r25^6*r35^7*r45*t
L[401]=r13^4*r14*r23^4*r24^3*r25^6*r35^7*r45*t
L[402]=r13^3*r14*r15*r23^6*r24^3*r25^4*r35^7*r45*t
L[403]=r14^3*r15^4*r23^6*r24*r25^4*r35^7*r45*t
L[404]=r12^4*r13^3*r23^6*r25*r34^7*r35^4*r45*t
L[405]=r12^3*r15*r23^6*r24*r25^4*r34^6*r35^4*r45*t
L[406]=r13^4*r15^3*r23*r24^6*r25*r34^6*r35^4*r45*t
L[407]=r13^3*r14*r23^6*r24^4*r25*r34^6*r35^4*r45*t
L[408]=r13^4*r15*r23^4*r24^6*r34^6*r35^4*r45*t
L[409]=r13^3*r14*r15*r23^6*r24^4*r34^6*r35^4*r45*t
L[410]=r12*r13^3*r23^6*r24*r25^6*r34^4*r35^4*r45*t
L[411]=r14^3*r15^4*r23^6*r25^7*r34*r35^4*r45*t
L[412]=r14^4*r23^6*r24^6*r25^4*r34*r35^4*r45*t
L[413]=r14^6*r15*r23^6*r24^4*r25^3*r34*r35^4*r45*t
L[414]=r12^4*r14*r15^3*r24^3*r25*r34^4*r35^10*r45*t
L[415]=r12^4*r13^3*r15^4*r24*r34^4*r35^10*r45*t
L[416]=r12^3*r15^4*r23*r24^3*r25^4*r34*r35^10*r45*t
L[417]=r13^4*r14^3*r23*r24^3*r25^4*r34*r35^10*r45*t
L[418]=r13*r14^3*r15*r23^4*r24^3*r25^3*r34*r35^10*r45*t
L[419]=r12^4*r14*r23^4*r24^3*r25^4*r35^10*r45*t
L[420]=r12^4*r14^3*r15^4*r24*r25^4*r35^10*r45*t
L[421]=r12^3*r14^4*r24*r25^4*r34^7*r35^7*r45*t
L[422]=r12^3*r13*r15^3*r23*r25^4*r34^7*r35^7*r45*t
L[423]=r12^3*r15^4*r24^4*r25*r34^7*r35^7*r45*t
L[424]=r13^3*r14^3*r15*r23*r24^3*r25*r34^7*r35^7*r45*t
L[425]=r12^3*r13^3*r15*r23^4*r25*r34^7*r35^7*r45*t
L[426]=r13^3*r14^3*r24^6*r34^7*r35^7*r45*t
L[427]=r12^3*r15^4*r23*r24^4*r34^7*r35^7*r45*t
L[428]=r13^3*r14^4*r23*r24^4*r34^7*r35^7*r45*t
L[429]=r13^4*r14^3*r23*r24^4*r34^7*r35^7*r45*t
L[430]=r13*r14^4*r23^4*r24^3*r34^7*r35^7*r45*t
L[431]=r12^3*r13^3*r14*r23^4*r24*r34^7*r35^7*r45*t
L[432]=r12*r13^3*r15^3*r25^6*r34^6*r35^7*r45*t
L[433]=r12^4*r15^3*r23*r24*r25^4*r34^6*r35^7*r45*t
L[434]=r12*r13^3*r14^4*r24*r25^4*r34^6*r35^7*r45*t
L[435]=r12*r13*r15^4*r23^3*r25^4*r34^6*r35^7*r45*t
L[436]=r12*r13^3*r15^4*r23*r25^4*r34^6*r35^7*r45*t
L[437]=r12^3*r13*r15^4*r23*r25^4*r34^6*r35^7*r45*t
L[438]=r12^4*r13*r15^3*r23*r25^4*r34^6*r35^7*r45*t
L[439]=r12^4*r15^4*r24^4*r25*r34^6*r35^7*r45*t
L[440]=r12*r14^3*r15*r23^4*r24^3*r25*r34^6*r35^7*r45*t
L[441]=r12*r13^3*r15*r23^4*r24^3*r25*r34^6*r35^7*r45*t
L[442]=r12^4*r15*r23^4*r24^3*r25*r34^6*r35^7*r45*t
L[443]=r12*r13^3*r14^3*r24^6*r34^6*r35^7*r45*t
L[444]=r12*r14^4*r23^4*r24^4*r34^6*r35^7*r45*t
L[445]=r12*r13^3*r14*r23^4*r24^4*r34^6*r35^7*r45*t
L[446]=r12^4*r14*r23^4*r24^4*r34^6*r35^7*r45*t
L[447]=r12^4*r13^4*r15^4*r23*r34^6*r35^7*r45*t
L[448]=r13^4*r14^3*r15*r24*r25^6*r34^4*r35^7*r45*t
L[449]=r13^4*r14*r23^4*r25^6*r34^4*r35^7*r45*t
L[450]=r13^3*r15^6*r23*r24*r25^4*r34^4*r35^7*r45*t
L[451]=r12^6*r15^3*r23*r24*r25^4*r34^4*r35^7*r45*t
L[452]=r13^3*r15*r23^6*r24^4*r25*r34^4*r35^7*r45*t
L[453]=r13^3*r14*r15*r23^6*r24^3*r25*r34^4*r35^7*r45*t
L[454]=r12^6*r13^4*r14*r23^4*r34^4*r35^7*r45*t
L[455]=r12*r14^3*r15^3*r23^4*r25^7*r34*r35^7*r45*t
L[456]=r12*r14^3*r23^4*r24^4*r25^6*r34*r35^7*r45*t
L[457]=r12*r15^6*r23^4*r24^3*r25^4*r34*r35^7*r45*t
L[458]=r12^3*r13*r14^3*r24^6*r25^6*r35^7*r45*t
L[459]=r13^3*r14*r23^6*r24^3*r25^6*r35^7*r45*t
L[460]=r14^3*r15^3*r23^6*r24*r25^6*r35^7*r45*t
L[461]=r13*r15^6*r23^4*r24^4*r25^4*r35^7*r45*t
L[462]=r12^4*r23^6*r24^4*r25*r34^7*r35^4*r45*t
L[463]=r14^4*r15*r23^6*r24*r25^4*r34^6*r35^4*r45*t
L[464]=r13^3*r23^6*r24^6*r25*r34^6*r35^4*r45*t
L[465]=r13^3*r15*r23^6*r24^6*r34^6*r35^4*r45*t
L[466]=r14^3*r15*r23^6*r24^4*r25^7*r34*r35^4*r45*t
L[467]=r12*r15^6*r23^4*r24^4*r25^7*r35^4*r45*t
L[468]=r12^3*r14^3*r23*r24^3*r25*r34^6*r35^10*r45*t
L[469]=r12^3*r13*r15^4*r24^3*r34^6*r35^10*r45*t
L[470]=r12^4*r15^4*r24*r25^4*r34^4*r35^10*r45*t
L[471]=r12^4*r14*r23^4*r24^3*r25*r34^4*r35^10*r45*t
L[472]=r13^3*r14^3*r15^3*r25^7*r34*r35^10*r45*t
L[473]=r13^3*r15^4*r24^3*r25^6*r34*r35^10*r45*t
L[474]=r13^4*r14^4*r24^4*r25^4*r34*r35^10*r45*t
L[475]=r13^4*r15^4*r23*r24^3*r25^4*r34*r35^10*r45*t
L[476]=r13^3*r14*r15^4*r23*r24^4*r25^3*r34*r35^10*r45*t
L[477]=r12^4*r14^3*r15^3*r25^7*r35^10*r45*t
L[478]=r12^4*r14^3*r15^4*r25^6*r35^10*r45*t
L[479]=r12^4*r13*r15^3*r23*r24^4*r25^4*r35^10*r45*t
L[480]=r12^4*r13^4*r14^4*r15^4*r23*r35^10*r45*t
L[481]=r12^4*r14^3*r24^4*r34^9*r35^7*r45*t
L[482]=r12^4*r13^3*r14^4*r34^9*r35^7*r45*t
L[483]=r12^3*r14^3*r15*r25^6*r34^7*r35^7*r45*t
L[484]=r13^3*r14^4*r23*r24*r25^4*r34^7*r35^7*r45*t
L[485]=r13*r14^4*r23^4*r25^4*r34^7*r35^7*r45*t
L[486]=r12^3*r15*r23^4*r24^4*r25*r34^7*r35^7*r45*t
L[487]=r13^4*r15^4*r24^4*r25*r34^7*r35^7*r45*t
L[488]=r12^3*r14*r15^3*r24^6*r34^7*r35^7*r45*t
L[489]=r13^4*r15^4*r23*r24^4*r34^7*r35^7*r45*t
L[490]=r12^3*r13*r23^6*r24^3*r34^7*r35^7*r45*t
L[491]=r12^6*r13^3*r15^3*r23*r34^7*r35^7*r45*t
L[492]=r12^6*r13^4*r14^3*r34^7*r35^7*r45*t
L[493]=r12*r13^3*r14^3*r15*r25^6*r34^6*r35^7*r45*t
L[494]=r12^4*r14^3*r15*r25^6*r34^6*r35^7*r45*t
L[495]=r12*r14^4*r23^4*r24*r25^4*r34^6*r35^7*r45*t
L[496]=r12^4*r13^3*r15^6*r25*r34^6*r35^7*r45*t
L[497]=r12*r13^3*r15^3*r23*r24^6*r34^6*r35^7*r45*t
L[498]=r12*r14*r15^4*r23^4*r24^4*r34^6*r35^7*r45*t
L[499]=r12^4*r13*r23^6*r24^3*r34^6*r35^7*r45*t
L[500]=r12^4*r13^3*r23^6*r24*r34^6*r35^7*r45*t
L[501]=r13^3*r23^6*r24*r25^6*r34^4*r35^7*r45*t
L[502]=r13^4*r15*r23^4*r24*r25^6*r34^4*r35^7*r45*t
L[503]=r13^3*r14*r23^6*r25^6*r34^4*r35^7*r45*t
L[504]=r14^4*r15*r23^6*r24^4*r25*r34^4*r35^7*r45*t
L[505]=r12^6*r13^3*r23^6*r24*r34^4*r35^7*r45*t
L[506]=r12*r13^3*r23^6*r24^3*r25^6*r34*r35^7*r45*t
L[507]=r14^3*r15^4*r23^6*r25^7*r35^7*r45*t
L[508]=r13*r14^3*r23^4*r24^6*r25^6*r35^7*r45*t
L[509]=r13^4*r23^6*r24^4*r25^6*r35^7*r45*t
L[510]=r13^3*r15*r23^6*r24^6*r25^4*r35^7*r45*t
L[511]=r14*r15^6*r23^6*r24^3*r25^4*r35^7*r45*t
L[512]=r14^6*r23^6*r24^4*r25*r34^6*r35^4*r45*t
L[513]=r14^6*r15*r23^6*r24^4*r34^6*r35^4*r45*t
L[514]=r12^4*r14^3*r24^3*r25*r34^7*r35^10*r45*t
L[515]=r12^4*r13^3*r15^4*r34^7*r35^10*r45*t
L[516]=r12^3*r13*r15^4*r25^4*r34^6*r35^10*r45*t
L[517]=r12^3*r15^4*r23*r24^3*r25*r34^6*r35^10*r45*t
L[518]=r13^4*r14^3*r23*r24^3*r25*r34^6*r35^10*r45*t
L[519]=r13*r14^3*r15*r23^4*r24^3*r34^6*r35^10*r45*t
L[520]=r12^4*r14*r15^3*r25^6*r34^4*r35^10*r45*t
L[521]=r13^4*r14^3*r15*r24^3*r25^6*r34*r35^10*r45*t
L[522]=r13^3*r15^6*r23*r24^3*r25^4*r34*r35^10*r45*t
L[523]=r12^6*r15^3*r23*r24^3*r25^4*r34*r35^10*r45*t
L[524]=r13*r15^6*r23^4*r24^3*r25^3*r34*r35^10*r45*t
L[525]=r12^6*r13^4*r14^3*r15^4*r34*r35^10*r45*t
L[526]=r12*r14^3*r15^3*r23^4*r25^7*r35^10*r45*t
L[527]=r12*r13^3*r14^4*r15^3*r25^7*r35^10*r45*t
L[528]=r12*r13^3*r15^4*r24^4*r25^6*r35^10*r45*t
L[529]=r12^4*r15^4*r24^4*r25^6*r35^10*r45*t
L[530]=r12^4*r14^3*r15*r24^4*r25^6*r35^10*r45*t
L[531]=r12*r13^4*r14^3*r15^4*r25^6*r35^10*r45*t
L[532]=r12^4*r13^3*r14^4*r15^6*r25*r35^10*r45*t
L[533]=r12^4*r15^3*r23*r24^4*r34^9*r35^7*r45*t
L[534]=r12^6*r13^3*r14^3*r34^9*r35^7*r45*t
L[535]=r13^3*r14^3*r15*r23*r25^6*r34^7*r35^7*r45*t
L[536]=r12^3*r13*r23^6*r25^4*r34^7*r35^7*r45*t
L[537]=r12^3*r15*r23^6*r24^3*r25*r34^7*r35^7*r45*t
L[538]=r12^3*r14*r23^4*r24^6*r34^7*r35^7*r45*t
L[539]=r13^4*r15^3*r23*r24^6*r34^7*r35^7*r45*t
L[540]=r13^4*r14*r15^3*r24^6*r34^7*r35^7*r45*t
L[541]=r12^3*r14*r23^6*r24^4*r34^7*r35^7*r45*t
L[542]=r12^6*r15^3*r23*r24^4*r34^7*r35^7*r45*t
L[543]=r12*r14^3*r15*r23^4*r25^6*r34^6*r35^7*r45*t
L[544]=r12*r13^3*r15*r23^4*r25^6*r34^6*r35^7*r45*t
L[545]=r12^4*r15*r23^4*r25^6*r34^6*r35^7*r45*t
L[546]=r12^4*r23^6*r24*r25^4*r34^6*r35^7*r45*t
L[547]=r12^4*r13*r23^6*r25^4*r34^6*r35^7*r45*t
L[548]=r12*r15^6*r23^4*r24^3*r25*r34^6*r35^7*r45*t
L[549]=r15^6*r23^6*r24*r25^4*r34^4*r35^7*r45*t
L[550]=r12^6*r23^6*r24*r25^4*r34^4*r35^7*r45*t
L[551]=r14*r15^6*r23^6*r24^3*r25*r34^4*r35^7*r45*t
L[552]=r13^3*r15*r23^6*r24^4*r25^7*r35^7*r45*t
L[553]=r13^3*r23^6*r24^6*r25^6*r35^7*r45*t
L[554]=r14^4*r15*r23^6*r24^6*r25^4*r35^7*r45*t
L[555]=r15^6*r23^6*r24^4*r25^7*r34*r35^4*r45*t
L[556]=r12^4*r15^4*r24^3*r25^4*r34*r35^13*r45*t
L[557]=r12^4*r15^3*r23*r24^3*r25*r34^7*r35^10*r45*t
L[558]=r12*r13^3*r14^4*r24^3*r25*r34^7*r35^10*r45*t
L[559]=r12*r13^3*r15^4*r24^4*r34^7*r35^10*r45*t
L[560]=r12^4*r15^4*r24^4*r34^7*r35^10*r45*t
L[561]=r13^3*r15^3*r25^7*r34^6*r35^10*r45*t
L[562]=r12^3*r14^3*r23*r25^6*r34^6*r35^10*r45*t
L[563]=r13^3*r15^4*r25^6*r34^6*r35^10*r45*t
L[564]=r13*r14^3*r15*r23^4*r25^4*r34^6*r35^10*r45*t
L[565]=r13^4*r14^4*r24^4*r25*r34^6*r35^10*r45*t
L[566]=r13^4*r15^4*r23*r24^3*r25*r34^6*r35^10*r45*t
L[567]=r13^3*r14*r15^4*r23*r24^4*r34^6*r35^10*r45*t
L[568]=r12^4*r14*r23^4*r25^6*r34^4*r35^10*r45*t
L[569]=r13^4*r15^3*r23*r24^3*r25^7*r34*r35^10*r45*t
L[570]=r13^4*r15*r23^4*r24^3*r25^6*r34*r35^10*r45*t
L[571]=r14^4*r15*r23^6*r24^4*r25^3*r34*r35^10*r45*t
L[572]=r12*r13^3*r15^3*r23*r24^4*r25^7*r35^10*r45*t
L[573]=r12*r14^3*r15*r23^4*r24^4*r25^6*r35^10*r45*t
L[574]=r12^4*r15*r23^4*r24^4*r25^6*r35^10*r45*t
L[575]=r12^4*r13*r23^6*r24^4*r25^4*r35^10*r45*t
L[576]=r12^3*r14*r23^6*r24*r25^4*r34^7*r35^7*r45*t
L[577]=r14^4*r15*r23^6*r24^3*r25*r34^7*r35^7*r45*t
L[578]=r13^3*r23^6*r24^6*r34^7*r35^7*r45*t
L[579]=r13^4*r14*r23^4*r24^6*r34^7*r35^7*r45*t
L[580]=r12^6*r13^3*r23^6*r34^7*r35^7*r45*t
L[581]=r12*r13^3*r23^6*r25^6*r34^6*r35^7*r45*t
L[582]=r12*r13^3*r23^6*r24^6*r34^6*r35^7*r45*t
L[583]=r14^4*r23^6*r24^6*r25^6*r35^7*r45*t
L[584]=r12^3*r13^3*r14^4*r25*r34^9*r35^10*r45*t
L[585]=r12^3*r13^3*r15^4*r24*r34^9*r35^10*r45*t
L[586]=r12^4*r14^3*r25^6*r34^7*r35^10*r45*t
L[587]=r12*r14^4*r23^4*r24^3*r25*r34^7*r35^10*r45*t
L[588]=r12*r14^3*r15*r23^4*r24^4*r34^7*r35^10*r45*t
L[589]=r12^3*r15^4*r23*r25^6*r34^6*r35^10*r45*t
L[590]=r13^4*r14^3*r23*r25^6*r34^6*r35^10*r45*t
L[591]=r13^4*r14^3*r15*r25^6*r34^6*r35^10*r45*t
L[592]=r13^3*r15^6*r23*r24^3*r25*r34^6*r35^10*r45*t
L[593]=r12^6*r15^3*r23*r24^3*r25*r34^6*r35^10*r45*t
L[594]=r13*r15^6*r23^4*r24^3*r34^6*r35^10*r45*t
L[595]=r12^6*r13^4*r14^3*r15*r34^6*r35^10*r45*t
L[596]=r14^3*r15^3*r23^6*r25^7*r34*r35^10*r45*t
L[597]=r13^3*r15*r23^6*r24^3*r25^6*r34*r35^10*r45*t
L[598]=r15^6*r23^6*r24^3*r25^4*r34*r35^10*r45*t
L[599]=r12^6*r23^6*r24^3*r25^4*r34*r35^10*r45*t
L[600]=r12^4*r14^3*r24^6*r25^7*r35^10*r45*t
L[601]=r12^4*r23^6*r24^4*r34^9*r35^7*r45*t
L[602]=r12^3*r15*r23^6*r25^6*r34^7*r35^7*r45*t
L[603]=r14^6*r23^6*r24^4*r34^7*r35^7*r45*t
L[604]=r12^6*r23^6*r24^4*r34^7*r35^7*r45*t
L[605]=r12*r15^6*r23^4*r25^6*r34^6*r35^7*r45*t
L[606]=r14*r15^6*r23^6*r25^6*r34^4*r35^7*r45*t
L[607]=r14^3*r15*r23^6*r24^6*r25^7*r35^7*r45*t
L[608]=r15^6*r23^6*r24^4*r25^7*r35^7*r45*t
L[609]=r12^4*r15^4*r24^3*r25*r34^6*r35^13*r45*t
L[610]=r13^3*r14^4*r23*r24^3*r25*r34^9*r35^10*r45*t
L[611]=r13^3*r14^3*r15*r23*r24^4*r34^9*r35^10*r45*t
L[612]=r12^4*r15^3*r23*r25^6*r34^7*r35^10*r45*t
L[613]=r12*r13^3*r14^4*r25^6*r34^7*r35^10*r45*t
L[614]=r12^4*r23^6*r24^3*r25*r34^7*r35^10*r45*t
L[615]=r13^4*r14^4*r24*r25^6*r34^6*r35^10*r45*t
L[616]=r13^4*r15*r23^4*r25^6*r34^6*r35^10*r45*t
L[617]=r13*r15^6*r23^4*r25^4*r34^6*r35^10*r45*t
L[618]=r14^4*r15*r23^6*r24^4*r34^6*r35^10*r45*t
L[619]=r13^4*r23^6*r24^3*r25^7*r34*r35^10*r45*t
L[620]=r14^3*r15*r23^6*r24^4*r25^6*r34*r35^10*r45*t
L[621]=r14*r15^6*r23^6*r24^4*r25^3*r34*r35^10*r45*t
L[622]=r12*r14^3*r23^4*r24^6*r25^7*r35^10*r45*t
L[623]=r12*r13^3*r23^6*r24^4*r25^7*r35^10*r45*t
L[624]=r12*r15^6*r23^4*r24^4*r25^6*r35^10*r45*t
L[625]=r14^4*r15*r23^6*r25^6*r34^7*r35^7*r45*t
L[626]=r14^6*r23^6*r24*r25^4*r34^7*r35^7*r45*t
L[627]=r12^3*r14^4*r25^6*r34^9*r35^10*r45*t
L[628]=r12^3*r15^4*r24^6*r34^9*r35^10*r45*t
L[629]=r12*r14^4*r23^4*r25^6*r34^7*r35^10*r45*t
L[630]=r12*r15^6*r23^4*r24^4*r34^7*r35^10*r45*t
L[631]=r13^3*r23^6*r25^7*r34^6*r35^10*r45*t
L[632]=r13^3*r15*r23^6*r25^6*r34^6*r35^10*r45*t
L[633]=r12^6*r15^3*r23*r25^6*r34^6*r35^10*r45*t
L[634]=r15^6*r23^6*r24^3*r25*r34^6*r35^10*r45*t
L[635]=r12^6*r23^6*r24^3*r25*r34^6*r35^10*r45*t
L[636]=r12^6*r13^4*r15^6*r34^6*r35^10*r45*t
L[637]=r12^4*r15^4*r25^6*r34^6*r35^13*r45*t
L[638]=r13^4*r14^4*r15^3*r25^9*r35^13*r45*t
L[639]=r13^3*r15^6*r23*r24^4*r25^6*r35^13*r45*t
L[640]=r12^6*r15^3*r23*r24^4*r25^6*r35^13*r45*t
L[641]=r12^6*r13^4*r14^4*r15^6*r35^13*r45*t
L[642]=r13^3*r14^4*r23*r25^6*r34^9*r35^10*r45*t
L[643]=r12^3*r14*r23^6*r24^3*r25*r34^9*r35^10*r45*t
L[644]=r12^3*r15*r23^4*r24^6*r34^9*r35^10*r45*t
L[645]=r13^4*r15^4*r24^6*r34^9*r35^10*r45*t
L[646]=r12^3*r15*r23^6*r24^4*r34^9*r35^10*r45*t
L[647]=r12^4*r23^6*r25^6*r34^7*r35^10*r45*t
L[648]=r14*r15^6*r23^6*r24^4*r34^6*r35^10*r45*t
L[649]=r13^4*r14^4*r25^6*r34^7*r35^13*r45*t
L[650]=r13^3*r15^6*r23*r24^4*r34^7*r35^13*r45*t
L[651]=r15^6*r23^6*r25^6*r34^6*r35^10*r45*t
L[652]=r12^6*r23^6*r25^6*r34^6*r35^10*r45*t
L[653]=r15^6*r23^6*r24^4*r25^6*r35^13*r45*t
L[654]=r12^6*r23^6*r24^4*r25^6*r35^13*r45*t
L[655]=r12^3*r14*r23^6*r25^6*r34^9*r35^10*r45*t
L[656]=r14^6*r23^6*r24^3*r25*r34^9*r35^10*r45*t
L[657]=r15^6*r23^6*r24^4*r34^7*r35^13*r45*t
L[658]=r14^6*r23^6*r25^6*r34^9*r35^10*r45*t
SING_OK
