L[1]=r23^3*r24^3*r35^3
L[2]=r24^3*r25^3*r34^3
L[3]=r23^3*r25^3*r34^3
L[4]=r12^3*r14^3*r25^3
L[5]=r14^3*r15^3*r24^3
L[6]=r12^3*r15^3*r24^3
L[7]=r12*r13*r14*r15*r23*r24*r25*r34*r35*r45*t
L[8]=r12^3*r15^3*r23^3*r45^3
L[9]=r12^3*r14^3*r23^3*r45^3
L[10]=r14^3*r15^3*r25^3*r34^3
L[11]=r14^3*r15^3*r23^3*r34^3*r45^3
L[12]=r12^3*r14^3*r15^3*r34^3*r45^3
L[13]=r12^3*r15^3*r25^3*r34^3*r35^3
L[14]=r12^3*r14^3*r24^3*r34^3*r35^3
L[15]=r14^3*r15^3*r23^3*r25^3*r35^3
L[16]=r12^3*r13*r14*r15^3*r23*r25*r34*r35*r45^4*t
L[17]=r12^3*r13*r14^3*r15*r23*r24*r34*r35*r45^4*t
L[18]=r12*r13*r14*r15*r23^3*r24*r25^3*r35*r45^4*t
L[19]=r12*r13*r14*r15*r23^3*r24^3*r25*r34*r45^4*t
L[20]=r12*r13*r14*r15*r23*r24^3*r25^3*r35^4*r45*t
L[21]=r12*r13*r14^3*r15^3*r23*r25^4*r34*r35*r45*t
L[22]=r12*r13*r14*r15*r23^3*r25*r34*r35^4*r45^4*t
L[23]=r12*r13*r14*r15*r23^3*r24*r34^4*r35*r45^4*t
L[24]=r12^3*r13*r15*r23*r24*r25^4*r34*r35*r45^4*t
L[25]=r12^3*r13*r14*r23*r24^4*r25*r34*r35*r45^4*t
L[26]=r12*r13*r14*r15*r23*r24^3*r34^4*r35^4*r45*t
L[27]=r12*r13*r14^4*r15^4*r23*r34^4*r35*r45*t
L[28]=r12*r13*r14^3*r23*r24^4*r25^4*r34*r35*r45*t
L[29]=r12^4*r13*r14*r15^4*r23^4*r25*r34*r35*t
L[30]=r12^4*r13*r14^4*r15*r23^4*r24*r34*r35*t
L[31]=r12*r13*r14*r15*r24^4*r25*r34*r35^4*r45^4*t
L[32]=r12*r13*r14*r15*r24*r25^4*r34^4*r35*r45^4*t
L[33]=r13*r14^4*r15*r23*r24*r25^4*r34*r35*r45^4*t
L[34]=r12^3*r13*r15*r23^3*r24*r25^3*r34*r35*r45^4*t
L[35]=r13*r14*r15^4*r23*r24^4*r25*r34*r35*r45^4*t
L[36]=r12^3*r13*r14*r23^3*r24^3*r25*r34*r35*r45^4*t
L[37]=r12^3*r13*r14*r15^3*r24*r25*r34*r35^4*r45^3*t
L[38]=r12^3*r13*r14^3*r15*r24*r25*r34^4*r35*r45^3*t
L[39]=r12*r13*r14*r15*r23*r25^4*r34^4*r35^4*r45*t
L[40]=r12*r13*r14^3*r15^3*r23*r25^4*r35^4*r45*t
L[41]=r12*r13*r14^3*r15^3*r23*r24*r25^3*r35^4*r45*t
L[42]=r12*r13*r15^4*r23*r24^4*r25^4*r34*r35*r45*t
L[43]=r12*r13*r14^4*r15^4*r23^3*r34^4*r35*t
L[44]=r12^3*r13*r14^4*r15^4*r23*r34^4*r35*t
L[45]=r12^4*r13*r14^3*r15^4*r23^4*r34*r35*t
L[46]=r12^4*r13*r14^4*r15^3*r23^4*r34*r35*t
L[47]=r12^4*r13*r14*r15^4*r23^4*r25^3*r35*t
L[48]=r12^4*r13*r14^4*r15*r23^4*r24^3*r34*t
L[49]=r13*r14^4*r15^4*r25*r34^4*r35*r45^4*t
L[50]=r13*r14^4*r15^4*r24*r34^4*r35*r45^4*t
L[51]=r13*r14^4*r15^4*r23*r34^4*r35*r45^4*t
L[52]=r12*r13*r14^4*r15^4*r34^4*r35*r45^4*t
L[53]=r13*r14^4*r15*r23^3*r24*r25^3*r34*r35*r45^4*t
L[54]=r13*r14*r15^4*r23^3*r24^3*r25*r34*r35*r45^4*t
L[55]=r12^3*r13*r14*r23^4*r24*r25*r34*r35^4*r45^3*t
L[56]=r12^3*r13*r15*r23^4*r24*r25*r34^4*r35*r45^3*t
L[57]=r12*r13*r14^3*r23*r24*r25^3*r34^4*r35^4*r45*t
L[58]=r12*r13*r14^3*r23*r24^3*r25*r34^4*r35^4*r45*t
L[59]=r12*r13*r14^3*r23*r24^4*r25^4*r35^4*r45*t
L[60]=r12^4*r13*r15^4*r23^4*r25^4*r35*r45*t
L[61]=r12^4*r13*r14^4*r23^4*r24^4*r34*r45*t
L[62]=r12^4*r13*r14^4*r15*r23^4*r34*r35^4*t
L[63]=r12^4*r13*r14*r15^4*r23^4*r34^4*r35*t
L[64]=r12^4*r13*r15^4*r23^4*r25^4*r34*r35*t
L[65]=r12^4*r13*r14^4*r23^4*r24^4*r34*r35*t
L[66]=r12^4*r13*r15^4*r23^4*r24*r25^4*r35*t
L[67]=r12^4*r13*r14^4*r23^4*r24^4*r25*r34*t
L[68]=r12^2*r14^3*r15^3*r23^2*r24^2*r25^2*r34^3*r45^3
L[69]=r12^3*r14^3*r15^2*r23^3*r24^3*r25^2*r35^2*r45^2
L[70]=r12^3*r14^2*r15^3*r23^3*r24^2*r25^3*r34^2*r45^2
L[71]=r12^3*r13*r14*r15^3*r25*r34*r35^6*r45^4*t
L[72]=r12*r13*r14*r15*r24^3*r25^3*r35^6*r45^4*t
L[73]=r12*r13*r14*r15*r24^3*r25^4*r34*r35^4*r45^4*t
L[74]=r12^4*r13*r14*r15^4*r25*r34*r35^4*r45^4*t
L[75]=r12^3*r13*r14^3*r15*r24*r34^6*r35*r45^4*t
L[76]=r12^4*r13*r14^4*r15*r24*r34^4*r35*r45^4*t
L[77]=r12^3*r13*r15^3*r23*r24*r25^3*r34^3*r35*r45^4*t
L[78]=r12^3*r13*r14*r15^3*r24*r25^3*r34^3*r35*r45^4*t
L[79]=r12^3*r13*r14^3*r23*r24^3*r25*r34^3*r35*r45^4*t
L[80]=r13*r14^3*r15^3*r23*r25^6*r34*r35*r45^4*t
L[81]=r13*r14^3*r15^4*r23*r24*r25^4*r34*r35*r45^4*t
L[82]=r13*r14^3*r15^3*r23^3*r25^4*r34*r35*r45^4*t
L[83]=r13*r14^3*r15^3*r23^3*r24*r25^3*r34*r35*r45^4*t
L[84]=r12*r13*r14^3*r15^3*r23^3*r25^4*r35*r45^4*t
L[85]=r12^3*r13*r14^3*r15*r24^3*r25*r34^4*r45^4*t
L[86]=r12^3*r13*r14*r15^3*r23*r24*r25^3*r34^3*r45^4*t
L[87]=r12^3*r13*r14^3*r15*r23*r24^3*r25*r34^3*r45^4*t
L[88]=r12*r13*r14^3*r15^3*r23^3*r25^4*r34*r45^4*t
L[89]=r12*r13*r14^3*r15^3*r23^3*r24*r25^3*r34*r45^4*t
L[90]=r13*r14*r15^4*r23^4*r24*r25*r34*r35^4*r45^3*t
L[91]=r12*r13*r14^3*r15^3*r23^3*r24*r25*r35^4*r45^3*t
L[92]=r12^3*r13*r14^3*r15^3*r23*r24*r25*r35^4*r45^3*t
L[93]=r13*r14^4*r15*r23^4*r24*r25*r34^4*r35*r45^3*t
L[94]=r12*r13*r15^4*r23*r24*r25^3*r34^4*r35^4*r45*t
L[95]=r12*r13*r15^4*r23*r24^3*r25*r34^4*r35^4*r45*t
L[96]=r12*r13*r15^4*r23*r24^4*r25^4*r35^4*r45*t
L[97]=r12^4*r13*r14^3*r15^3*r23*r34*r35*r45^7*t
L[98]=r12^3*r13*r15*r23^3*r24*r25^4*r35*r45^7*t
L[99]=r12^3*r13*r14*r23^3*r24^4*r25*r34*r45^7*t
L[100]=r12*r13*r14*r15*r23^4*r24^3*r25^3*r45^7*t
L[101]=r12^3*r13*r14*r23^4*r25*r34*r35^6*r45^4*t
L[102]=r12*r13*r14^3*r23^3*r24*r25^3*r34*r35^4*r45^4*t
L[103]=r12^3*r13*r14^3*r15*r24^3*r25*r34*r35^4*r45^4*t
L[104]=r12*r13*r14^3*r15^3*r23^3*r24*r34*r35^4*r45^4*t
L[105]=r12^4*r13*r14^3*r15^3*r24*r34*r35^4*r45^4*t
L[106]=r12^3*r13*r15*r23*r24^3*r25^4*r35^4*r45^4*t
L[107]=r12^3*r13*r14*r23*r24^4*r25^3*r35^4*r45^4*t
L[108]=r12^3*r13*r14*r23^4*r24*r25^3*r35^4*r45^4*t
L[109]=r12^3*r13*r14*r15^3*r23*r24*r25^3*r35^4*r45^4*t
L[110]=r12^3*r13*r14^3*r15*r23*r24^3*r25*r35^4*r45^4*t
L[111]=r12^3*r13*r14^3*r15^4*r23*r25*r35^4*r45^4*t
L[112]=r12^3*r13*r14^4*r15^3*r23*r24*r35^4*r45^4*t
L[113]=r12^3*r13*r15*r23^4*r24*r34^6*r35*r45^4*t
L[114]=r12*r13*r14^3*r23^3*r24^3*r25*r34^4*r35*r45^4*t
L[115]=r12^4*r13*r14^3*r24^3*r25*r34^4*r35*r45^4*t
L[116]=r13*r14^3*r23^3*r24^4*r25^4*r34*r35*r45^4*t
L[117]=r12*r13*r14^3*r23^3*r24^4*r25^4*r35*r45^4*t
L[118]=r12^3*r13*r15*r23^4*r24^3*r25*r34^4*r45^4*t
L[119]=r12*r13*r14^3*r23^3*r24^4*r25^4*r34*r45^4*t
L[120]=r12*r13*r14^3*r23^3*r24*r25*r34^4*r35^4*r45^3*t
L[121]=r12^3*r13*r14^3*r23*r24*r25*r34^4*r35^4*r45^3*t
L[122]=r13*r14^3*r15^3*r23^4*r24*r25*r34*r35^4*r45^3*t
L[123]=r12*r13*r14^3*r23*r24^3*r25^3*r34*r35^7*r45*t
L[124]=r12^3*r13*r14*r23^3*r24*r25*r34*r35^4*r45^7*t
L[125]=r12*r13*r14*r15*r23^4*r25^3*r35^4*r45^7*t
L[126]=r12^3*r13*r15*r23^3*r24*r25*r34^4*r35*r45^7*t
L[127]=r12^4*r13*r15^3*r23*r25^4*r34*r35*r45^7*t
L[128]=r12^4*r13*r14^3*r23*r24^4*r34*r35*r45^7*t
L[129]=r13*r14^4*r15*r23^3*r24*r25^4*r35*r45^7*t
L[130]=r12^3*r13*r14*r23^3*r24^3*r25^3*r35*r45^7*t
L[131]=r12*r13*r14*r15*r23^4*r24^3*r34^4*r45^7*t
L[132]=r12^3*r13*r15*r23^3*r24^3*r25^3*r34*r45^7*t
L[133]=r13*r14*r15^4*r23^3*r24^4*r25*r34*r45^7*t
L[134]=r12*r13*r14*r15*r24^4*r34^4*r35^6*r45^4*t
L[135]=r13*r14*r15^4*r23^4*r25*r34*r35^6*r45^4*t
L[136]=r12^3*r13*r14^3*r15^3*r24*r34*r35^6*r45^4*t
L[137]=r12^3*r13*r15*r23*r24^3*r25^3*r35^6*r45^4*t
L[138]=r12^3*r13*r14*r23*r24^3*r25^3*r35^6*r45^4*t
L[139]=r12^3*r13*r14*r15^3*r24*r25^3*r35^6*r45^4*t
L[140]=r12*r13*r14^3*r15^3*r23^3*r25*r35^6*r45^4*t
L[141]=r12^3*r13*r14^3*r15^3*r23*r25*r35^6*r45^4*t
L[142]=r12*r13*r14^3*r15^3*r23^3*r24*r35^6*r45^4*t
L[143]=r12^3*r13*r14^3*r15^3*r23*r24*r35^6*r45^4*t
L[144]=r12*r13*r14*r15*r24^3*r25*r34^6*r35^4*r45^4*t
L[145]=r12^3*r13*r14^3*r24*r34^6*r35^4*r45^4*t
L[146]=r12^3*r13*r15*r23*r24^3*r25*r34^4*r35^4*r45^4*t
L[147]=r12^3*r13*r15*r23^4*r25*r34^4*r35^4*r45^4*t
L[148]=r12^3*r13*r15^4*r23*r25*r34^4*r35^4*r45^4*t
L[149]=r12^3*r13*r14^3*r15*r23*r25*r34^4*r35^4*r45^4*t
L[150]=r12^3*r13*r14*r23*r24^4*r34^4*r35^4*r45^4*t
L[151]=r12^3*r13*r14*r23^4*r24*r34^4*r35^4*r45^4*t
L[152]=r12^3*r13*r14*r15^3*r23*r24*r34^4*r35^4*r45^4*t
L[153]=r12^3*r13*r14^4*r23*r24*r34^4*r35^4*r45^4*t
L[154]=r12*r13*r14^3*r24^4*r25^4*r34*r35^4*r45^4*t
L[155]=r12*r13*r14^3*r15^3*r24*r25^4*r34*r35^4*r45^4*t
L[156]=r12^4*r13*r15^3*r24*r25^4*r34*r35^4*r45^4*t
L[157]=r12^4*r13*r23^4*r24*r25^3*r34*r35^4*r45^4*t
L[158]=r12*r13*r15^4*r23^3*r24*r25^3*r34*r35^4*r45^4*t
L[159]=r13*r14^3*r15^3*r23*r25^6*r35^4*r45^4*t
L[160]=r13*r14^4*r15*r23*r24^3*r25^4*r35^4*r45^4*t
L[161]=r13*r14^3*r15^4*r23*r24*r25^4*r35^4*r45^4*t
L[162]=r13*r14^4*r15^3*r23*r24*r25^4*r35^4*r45^4*t
L[163]=r13*r14*r15^4*r23*r24^4*r25^3*r35^4*r45^4*t
L[164]=r13*r14*r15^4*r23^4*r24*r25^3*r35^4*r45^4*t
L[165]=r12^3*r13*r14^3*r24^3*r25*r34^6*r35*r45^4*t
L[166]=r13*r14^4*r15*r23^4*r24*r34^6*r35*r45^4*t
L[167]=r12^4*r13*r23^4*r24^3*r25*r34^4*r35*r45^4*t
L[168]=r12*r13*r15^4*r23^3*r24^3*r25*r34^4*r35*r45^4*t
L[169]=r13*r14^4*r23*r24^4*r25^6*r34*r35*r45^4*t
L[170]=r13*r14^3*r15*r23*r24^6*r25^4*r34*r35*r45^4*t
L[171]=r12*r13*r15^4*r23^3*r24^4*r25^4*r35*r45^4*t
L[172]=r13*r14^4*r15*r23^4*r24^3*r25*r34^4*r45^4*t
L[173]=r12*r13*r15^4*r23^3*r24^4*r25^4*r34*r45^4*t
L[174]=r12^3*r13*r14^3*r24*r25*r34^6*r35^4*r45^3*t
L[175]=r12*r13*r15^4*r23^3*r24*r25*r34^4*r35^4*r45^3*t
L[176]=r12^3*r13*r15^4*r23*r24*r25*r34^4*r35^4*r45^3*t
L[177]=r12^4*r13*r15^3*r23*r24*r25*r34^4*r35^4*r45^3*t
L[178]=r12^2*r13*r14^3*r15^3*r23^2*r24^2*r25^2*r35^4*r45^3*t
L[179]=r12^3*r13*r14^2*r15^3*r24^2*r25^3*r34^2*r35^4*r45^2*t
L[180]=r12^3*r13*r14^3*r15^2*r24^3*r25^2*r34^4*r35^2*r45^2*t
L[181]=r12*r13*r15^4*r23*r24^3*r25^3*r34*r35^7*r45*t
L[182]=r12*r13*r14*r15*r23^4*r34^4*r35^4*r45^7*t
L[183]=r13*r14*r15^4*r23^3*r24*r25*r34*r35^4*r45^7*t
L[184]=r12^3*r13*r14^3*r15*r24^3*r34*r35^4*r45^7*t
L[185]=r13*r14^4*r15*r23^3*r24*r25*r34^4*r35*r45^7*t
L[186]=r12^3*r13*r14*r23^3*r24^3*r34^4*r35*r45^7*t
L[187]=r12^4*r13*r14^3*r23*r24^3*r34^3*r35*r45^7*t
L[188]=r12^4*r13*r23*r24^4*r25^4*r34*r35*r45^7*t
L[189]=r12*r13*r14^3*r15^3*r23^3*r25^3*r34*r35*r45^7*t
L[190]=r13*r14^3*r15^3*r23^3*r24*r25^4*r35*r45^7*t
L[191]=r13*r14*r15^4*r23^3*r24^3*r25^3*r35*r45^7*t
L[192]=r13*r14^3*r15^3*r23^3*r24*r25^4*r34*r45^7*t
L[193]=r13*r14^4*r15*r23^3*r24^3*r25^3*r34*r45^7*t
L[194]=r13*r14^3*r23*r24^3*r25^3*r34*r35^7*r45^4*t
L[195]=r12*r13*r14^3*r24^3*r25^3*r34*r35^7*r45^4*t
L[196]=r12^3*r13*r14^3*r15^4*r25*r35^7*r45^4*t
L[197]=r12^3*r13*r14^3*r15^4*r24*r35^7*r45^4*t
L[198]=r12*r13*r14*r15*r24^3*r34^6*r35^6*r45^4*t
L[199]=r12*r13*r14^3*r23^3*r25*r34^4*r35^6*r45^4*t
L[200]=r12^3*r13*r14*r15^3*r24*r34^4*r35^6*r45^4*t
L[201]=r12^3*r13*r15^3*r24*r25^4*r34*r35^6*r45^4*t
L[202]=r12^3*r13*r15^3*r23*r24*r25^3*r34*r35^6*r45^4*t
L[203]=r12^3*r13*r14^3*r23*r24^3*r25*r34*r35^6*r45^4*t
L[204]=r13*r14^3*r15^3*r23^4*r25*r34*r35^6*r45^4*t
L[205]=r13*r14^3*r15^3*r23^4*r24*r34*r35^6*r45^4*t
L[206]=r13*r14^3*r23*r24^4*r25^4*r35^6*r45^4*t
L[207]=r12*r13*r14^3*r24^4*r25^4*r35^6*r45^4*t
L[208]=r13*r14^3*r15^3*r23*r24*r25^4*r35^6*r45^4*t
L[209]=r12*r13*r14^3*r15^3*r24*r25^4*r35^6*r45^4*t
L[210]=r13*r14*r15^4*r23*r24^3*r25^3*r35^6*r45^4*t
L[211]=r13*r14^4*r15*r23*r24^3*r25^3*r35^6*r45^4*t
L[212]=r12^3*r13*r14^3*r15*r25*r34^6*r35^4*r45^4*t
L[213]=r12*r13*r14^3*r23^3*r24*r34^6*r35^4*r45^4*t
L[214]=r13*r14^4*r23*r24*r25^4*r34^4*r35^4*r45^4*t
L[215]=r12^3*r13*r14*r23*r24*r25^4*r34^4*r35^4*r45^4*t
L[216]=r13*r14^3*r15*r23*r24^4*r25*r34^4*r35^4*r45^4*t
L[217]=r13*r14^4*r15*r23*r24^3*r25*r34^4*r35^4*r45^4*t
L[218]=r13*r14^4*r15*r23^4*r25*r34^4*r35^4*r45^4*t
L[219]=r13*r14*r15^4*r23*r24^4*r34^4*r35^4*r45^4*t
L[220]=r13*r14*r15^4*r23^4*r24*r34^4*r35^4*r45^4*t
L[221]=r12*r13*r14^3*r15^3*r25^6*r34*r35^4*r45^4*t
L[222]=r12*r13*r15^4*r24^4*r25^4*r34*r35^4*r45^4*t
L[223]=r12^3*r13*r23^4*r24^3*r25*r34^6*r35*r45^4*t
L[224]=r13*r14^3*r23*r24^6*r25^6*r34*r35*r45^4*t
L[225]=r12^3*r13*r14^3*r15^4*r24*r25*r35^7*r45^3*t
L[226]=r12^3*r13*r15^3*r23*r24*r25*r34^6*r35^4*r45^3*t
L[227]=r12^2*r13*r14^3*r23^2*r24^2*r25^2*r34^4*r35^4*r45^3*t
L[228]=r12^3*r13*r14^2*r23^4*r24^2*r25^3*r34^2*r35^4*r45^2*t
L[229]=r12^3*r13*r15^2*r23^4*r24^3*r25^2*r34^4*r35^2*r45^2*t
L[230]=r12*r13*r14^3*r23*r24^3*r34^6*r35^7*r45*t
L[231]=r13^2*r14^5*r15^5*r34^5*r35^2*r45^4*t^2
L[232]=r12^5*r13^2*r15^5*r23^5*r25^4*r35^2*t^2
L[233]=r12^5*r13^2*r14^5*r23^5*r24^4*r34^2*t^2
L[234]=r12^3*r13*r14*r15^3*r25^3*r35^6*r45^7*t
L[235]=r12^3*r13*r15*r23^3*r25^4*r34*r35^4*r45^7*t
L[236]=r12^3*r13*r15*r23^4*r25^3*r34*r35^4*r45^7*t
L[237]=r12^3*r13*r14*r24^6*r25*r34*r35^4*r45^7*t
L[238]=r13*r14^3*r15^3*r23^3*r24*r25*r34*r35^4*r45^7*t
L[239]=r12^3*r13*r15*r24*r25^6*r34^4*r35*r45^7*t
L[240]=r12^3*r13*r15^3*r24*r25^4*r34^4*r35*r45^7*t
L[241]=r12^3*r13*r14*r15^3*r25^4*r34^4*r35*r45^7*t
L[242]=r13*r14*r15^4*r23^3*r24^3*r34^4*r35*r45^7*t
L[243]=r12^4*r13*r15^3*r24*r25^4*r34^3*r35*r45^7*t
L[244]=r12^4*r13*r15^4*r23*r25^3*r34^3*r35*r45^7*t
L[245]=r12^4*r13*r14*r15^4*r25^3*r34^3*r35*r45^7*t
L[246]=r12^3*r13*r14^3*r15*r24^4*r25*r34^3*r35*r45^7*t
L[247]=r12^4*r13*r23^3*r24^3*r25^4*r34*r35*r45^7*t
L[248]=r12^4*r13*r23^3*r24^4*r25^3*r34*r35*r45^7*t
L[249]=r12*r13*r14^3*r23^4*r24^3*r25^3*r34*r35*r45^7*t
L[250]=r12^4*r13*r23^4*r24^3*r25^3*r34*r35*r45^7*t
L[251]=r13*r14^3*r15^3*r23^3*r25^6*r35*r45^7*t
L[252]=r13*r14^3*r15*r23^3*r24^4*r25^4*r35*r45^7*t
L[253]=r12^3*r13*r14^3*r15*r24^3*r34^6*r45^7*t
L[254]=r12^3*r13*r14*r15^3*r24*r25^4*r34^4*r45^7*t
L[255]=r12^4*r13*r14^3*r24^4*r25*r34^4*r45^7*t
L[256]=r12^4*r13*r14^4*r15*r24^3*r34^4*r45^7*t
L[257]=r12^4*r13*r15^3*r23*r24*r25^4*r34^3*r45^7*t
L[258]=r12^4*r13*r14*r15^4*r23*r25^3*r34^3*r45^7*t
L[259]=r12^4*r13*r14^3*r23*r24^4*r25*r34^3*r45^7*t
L[260]=r12^4*r13*r14^4*r15*r23*r24^3*r34^3*r45^7*t
L[261]=r13*r14^3*r15^3*r23^3*r25^6*r34*r45^7*t
L[262]=r13*r14^4*r23^3*r24^4*r25^4*r34*r45^7*t
L[263]=r12*r13*r14^3*r23^4*r24^4*r25^4*r45^7*t
L[264]=r12*r13*r14^3*r15^3*r23^4*r24*r25^4*r45^7*t
L[265]=r12^3*r13*r15^4*r25*r34^4*r35^7*r45^4*t
L[266]=r12*r13*r15^4*r24^3*r25^3*r34*r35^7*r45^4*t
L[267]=r12^3*r13*r15^4*r24*r25^3*r34*r35^7*r45^4*t
L[268]=r13*r14^3*r15^4*r23^4*r25*r35^7*r45^4*t
L[269]=r13*r14^3*r15^4*r23^4*r24*r35^7*r45^4*t
L[270]=r12^3*r13*r14^3*r25*r34^6*r35^6*r45^4*t
L[271]=r12*r13*r14^3*r24^4*r25*r34^4*r35^6*r45^4*t
L[272]=r12*r13*r15^4*r23^3*r25*r34^4*r35^6*r45^4*t
L[273]=r12^4*r13*r15^3*r23*r25*r34^4*r35^6*r45^4*t
L[274]=r12^3*r13*r23^4*r24*r25^4*r34*r35^6*r45^4*t
L[275]=r12*r13*r14^3*r15^3*r25^6*r35^6*r45^4*t
L[276]=r12*r13*r15^4*r24^4*r25^4*r35^6*r45^4*t
L[277]=r12*r13*r14*r15*r25^6*r34^6*r35^4*r45^4*t
L[278]=r12*r13*r14^3*r24*r25^4*r34^6*r35^4*r45^4*t
L[279]=r13*r14^4*r23^4*r24*r34^6*r35^4*r45^4*t
L[280]=r12*r13*r15^4*r23^3*r24*r34^6*r35^4*r45^4*t
L[281]=r12^3*r13*r15*r23*r25^6*r34^4*r35^4*r45^4*t
L[282]=r13*r14*r15^4*r23*r24*r25^4*r34^4*r35^4*r45^4*t
L[283]=r13*r14^4*r23*r24^4*r25^6*r35^4*r45^4*t
L[284]=r13*r14^3*r15*r23*r24^6*r25^4*r35^4*r45^4*t
L[285]=r13*r14^4*r23^4*r24^3*r25*r34^6*r35*r45^4*t
L[286]=r13*r15^6*r23*r24^6*r25^4*r34*r35*r45^4*t
L[287]=r13*r15^6*r23^3*r24^4*r25^4*r34*r35*r45^4*t
L[288]=r12^3*r13*r15^4*r24*r25*r34^4*r35^7*r45^3*t
L[289]=r13*r14^3*r15^4*r23^4*r24*r25*r35^7*r45^3*t
L[290]=r13*r14^4*r23^4*r24*r25*r34^6*r35^4*r45^3*t
L[291]=r12^2*r13*r15^4*r23^2*r24^2*r25^2*r34^4*r35^4*r45^3*t
L[292]=r12^4*r13*r23^6*r24*r25*r34^4*r35^4*r45^3*t
L[293]=r13*r14^2*r15^4*r23^4*r24^2*r25^3*r34^2*r35^4*r45^2*t
L[294]=r13*r14^4*r15^2*r23^4*r24^3*r25^2*r34^4*r35^2*r45^2*t
L[295]=r12*r13*r14^3*r23*r25^4*r34^6*r35^7*r45*t
L[296]=r12*r13*r15^4*r23*r24^3*r34^6*r35^7*r45*t
L[297]=r12^3*r13*r14*r24^3*r25^3*r34*r35^6*r45^7*t
L[298]=r12^4*r13*r14^3*r15^3*r34*r35^6*r45^7*t
L[299]=r12^3*r13*r15*r24^3*r25^4*r35^6*r45^7*t
L[300]=r12^3*r13*r14*r24^4*r25^3*r35^6*r45^7*t
L[301]=r13*r14^3*r15^3*r23^3*r24*r25*r35^6*r45^7*t
L[302]=r12^4*r13*r14^3*r15^3*r23*r35^6*r45^7*t
L[303]=r12^3*r13*r14^3*r15*r34^6*r35^4*r45^7*t
L[304]=r13*r14^3*r15^3*r25^6*r34*r35^4*r45^7*t
L[305]=r12^3*r13*r15*r24^4*r25^4*r34*r35^4*r45^7*t
L[306]=r12^3*r13*r14*r24^4*r25^4*r34*r35^4*r45^7*t
L[307]=r13*r14^4*r23^3*r24*r25^4*r34*r35^4*r45^7*t
L[308]=r13*r14^4*r15*r23^3*r25^4*r34*r35^4*r45^7*t
L[309]=r13*r14^4*r15*r23^4*r25^3*r34*r35^4*r45^7*t
L[310]=r13*r14*r15^4*r24^6*r25*r34*r35^4*r45^7*t
L[311]=r12^3*r13*r14^4*r24^4*r25*r34*r35^4*r45^7*t
L[312]=r12^4*r13*r14^3*r24^4*r25*r34*r35^4*r45^7*t
L[313]=r12^4*r13*r23*r24^4*r25^4*r35^4*r45^7*t
L[314]=r12*r13*r14^3*r23^4*r24*r25^4*r35^4*r45^7*t
L[315]=r12^4*r13*r23^4*r24*r25^4*r35^4*r45^7*t
L[316]=r12^4*r13*r15^3*r23*r24*r25^4*r35^4*r45^7*t
L[317]=r12^4*r13*r14*r15^4*r23*r25^3*r35^4*r45^7*t
L[318]=r12^4*r13*r14^3*r23*r24^4*r25*r35^4*r45^7*t
L[319]=r12^4*r13*r14^4*r15*r23*r24^3*r35^4*r45^7*t
L[320]=r12^4*r13*r14^4*r15^4*r23*r35^4*r45^7*t
L[321]=r12^3*r13*r14^3*r24^3*r34^7*r35*r45^7*t
L[322]=r12^4*r13*r14^3*r24^3*r34^6*r35*r45^7*t
L[323]=r13*r14^4*r15*r24*r25^6*r34^4*r35*r45^7*t
L[324]=r13*r14^3*r15*r23^3*r24^4*r25*r34^4*r35*r45^7*t
L[325]=r12*r13*r15^4*r23^3*r24^3*r25^4*r34*r35*r45^7*t
L[326]=r12*r13*r14^4*r23^3*r24^4*r25^3*r34*r35*r45^7*t
L[327]=r12*r13*r15^4*r23^4*r24^3*r25^3*r34*r35*r45^7*t
L[328]=r12^6*r13*r23^3*r24^3*r25^3*r34*r35*r45^7*t
L[329]=r13*r14^3*r23^3*r24^4*r25^6*r35*r45^7*t
L[330]=r12^3*r13*r14^3*r24^4*r25*r34^6*r45^7*t
L[331]=r12*r13*r14^3*r23^4*r24^4*r25*r34^4*r45^7*t
L[332]=r12^4*r13*r23^4*r24^4*r25*r34^4*r45^7*t
L[333]=r13*r14^3*r23^3*r24^6*r25^4*r34*r45^7*t
L[334]=r12*r13*r14^3*r15^3*r23^4*r25^6*r45^7*t
L[335]=r12*r13*r15^4*r23^4*r24^4*r25^4*r45^7*t
L[336]=r13*r14^3*r23*r24^3*r34^6*r35^7*r45^4*t
L[337]=r12*r13*r14^3*r24^3*r34^6*r35^7*r45^4*t
L[338]=r13*r14^3*r15*r23^4*r25*r34^4*r35^7*r45^4*t
L[339]=r13*r14^3*r15*r23^4*r24*r25^3*r34*r35^7*r45^4*t
L[340]=r12^3*r13*r15^3*r23*r25*r34^6*r35^6*r45^4*t
L[341]=r12^3*r13*r15*r23*r24^3*r34^6*r35^6*r45^4*t
L[342]=r12^3*r13*r14*r23*r24^3*r34^6*r35^6*r45^4*t
L[343]=r12^3*r13*r15^3*r23*r24*r34^6*r35^6*r45^4*t
L[344]=r12*r13*r15^4*r24^4*r25*r34^4*r35^6*r45^4*t
L[345]=r13*r14^3*r15*r23^4*r24*r25^4*r34*r35^6*r45^4*t
L[346]=r12*r13*r15^4*r24*r25^4*r34^6*r35^4*r45^4*t
L[347]=r12^3*r13*r23^6*r24*r34^6*r35^4*r45^4*t
L[348]=r13*r14^4*r15*r23*r25^6*r34^4*r35^4*r45^4*t
L[349]=r13*r15^6*r23*r24^4*r25*r34^4*r35^4*r45^4*t
L[350]=r13*r14^3*r23*r24^6*r25^6*r35^4*r45^4*t
L[351]=r13*r14^3*r15*r23^4*r24*r25*r34^4*r35^7*r45^3*t
L[352]=r12^3*r13*r23^6*r24*r25*r34^6*r35^4*r45^3*t
L[353]=r12*r13*r15^4*r23*r25^4*r34^6*r35^7*r45*t
L[354]=r12^4*r13*r23^3*r24^3*r25^4*r35*r45^10*t
L[355]=r12^4*r13*r23^3*r24^4*r25^3*r34*r45^10*t
L[356]=r12^3*r13*r15*r23^4*r24^3*r25^4*r45^10*t
L[357]=r12^3*r13*r14*r23^4*r24^4*r25^3*r45^10*t
L[358]=r12^3*r13*r15^3*r25^4*r34*r35^7*r45^7*t
L[359]=r12^3*r13*r15^4*r25^3*r34*r35^7*r45^7*t
L[360]=r12^3*r13*r14^3*r15^3*r23*r34*r35^7*r45^7*t
L[361]=r12^3*r13*r15*r24^4*r25^3*r35^7*r45^7*t
L[362]=r12^3*r13*r14^3*r15^3*r24*r25*r35^7*r45^7*t
L[363]=r12*r13*r14^3*r15^3*r23^4*r35^7*r45^7*t
L[364]=r12^4*r13*r14^3*r15^4*r35^7*r45^7*t
L[365]=r12^3*r13*r14*r15^3*r23*r34^4*r35^6*r45^7*t
L[366]=r12^4*r13*r15^3*r25^4*r34*r35^6*r45^7*t
L[367]=r13*r14*r15^4*r24^3*r25^3*r34*r35^6*r45^7*t
L[368]=r12*r13*r14^3*r23^4*r25^3*r34*r35^6*r45^7*t
L[369]=r12^4*r13*r15^3*r23*r25^3*r34*r35^6*r45^7*t
L[370]=r12^3*r13*r14^3*r24^4*r25*r34*r35^6*r45^7*t
L[371]=r12^4*r13*r14^3*r23*r24^3*r34*r35^6*r45^7*t
L[372]=r12*r13*r14^3*r15^3*r23^4*r34*r35^6*r45^7*t
L[373]=r13*r14^3*r15^3*r25^6*r35^6*r45^7*t
L[374]=r12^4*r13*r23*r24^3*r25^4*r35^6*r45^7*t
L[375]=r13*r14^4*r15*r24^3*r25^4*r35^6*r45^7*t
L[376]=r12^3*r13*r15^4*r24*r25^4*r35^6*r45^7*t
L[377]=r12^4*r13*r15^3*r24*r25^4*r35^6*r45^7*t
L[378]=r12^4*r13*r23*r24^4*r25^3*r35^6*r45^7*t
L[379]=r13*r14*r15^4*r24^4*r25^3*r35^6*r45^7*t
L[380]=r12^3*r13*r14^3*r15*r24^4*r25*r35^6*r45^7*t
L[381]=r12^4*r13*r23*r24^4*r25*r34^4*r35^4*r45^7*t
L[382]=r12^4*r13*r23^4*r24*r25*r34^4*r35^4*r45^7*t
L[383]=r12^4*r13*r14*r15^4*r23*r34^4*r35^4*r45^7*t
L[384]=r12^4*r13*r14^4*r15*r23*r34^4*r35^4*r45^7*t
L[385]=r12^3*r13*r15*r24^3*r25^6*r34*r35^4*r45^7*t
L[386]=r13*r14*r15^4*r24^4*r25^4*r34*r35^4*r45^7*t
L[387]=r13*r14^4*r15*r24^4*r25^4*r34*r35^4*r45^7*t
L[388]=r12^6*r13*r14^3*r15^4*r34*r35^4*r45^7*t
L[389]=r12*r13*r15^4*r23^4*r24*r25^4*r35^4*r45^7*t
L[390]=r12*r13*r14^3*r23^4*r24^3*r34^6*r35*r45^7*t
L[391]=r12^4*r13*r23^4*r24^3*r34^6*r35*r45^7*t
L[392]=r12^6*r13*r14^4*r24^3*r34^4*r35*r45^7*t
L[393]=r13*r15^6*r23^3*r24^4*r25^4*r35*r45^7*t
L[394]=r12*r13*r15^4*r23^4*r24^4*r25*r34^4*r45^7*t
L[395]=r12*r13*r15^4*r24^3*r34^6*r35^7*r45^4*t
L[396]=r12^3*r13*r15^4*r24*r34^6*r35^7*r45^4*t
L[397]=r13*r15^6*r23*r24^3*r25^3*r34*r35^7*r45^4*t
L[398]=r13*r14^3*r23*r24*r25^4*r34^6*r35^6*r45^4*t
L[399]=r13*r14^3*r23*r24^4*r25*r34^6*r35^6*r45^4*t
L[400]=r13*r14^4*r23^4*r25*r34^6*r35^6*r45^4*t
L[401]=r13*r14*r15^4*r23*r24^3*r34^6*r35^6*r45^4*t
L[402]=r13*r14^4*r15*r23*r24^3*r34^6*r35^6*r45^4*t
L[403]=r12^4*r13*r23^6*r25*r34^4*r35^6*r45^4*t
L[404]=r13*r15^6*r23*r24^4*r25^4*r35^6*r45^4*t
L[405]=r13*r15^6*r23*r24^6*r25^4*r35^4*r45^4*t
L[406]=r12^4*r13*r14^3*r24^4*r34*r35^4*r45^10*t
L[407]=r12^3*r13*r15*r23^4*r25^4*r35^4*r45^10*t
L[408]=r12^4*r13*r23^3*r24^3*r25*r34^4*r35*r45^10*t
L[409]=r12*r13*r15^4*r23^3*r24^3*r25^4*r35*r45^10*t
L[410]=r12^3*r13*r14*r23^4*r24^4*r34^4*r45^10*t
L[411]=r12*r13*r14^4*r23^3*r24^4*r25^3*r34*r45^10*t
L[412]=r13*r14^4*r15*r23^4*r24^3*r25^4*r45^10*t
L[413]=r13*r14*r15^4*r23^4*r24^4*r25^3*r45^10*t
L[414]=r13*r14^3*r24^4*r25^4*r34*r35^7*r45^7*t
L[415]=r13*r14^4*r24^3*r25^4*r34*r35^7*r45^7*t
L[416]=r13*r14^3*r15*r24^4*r25^3*r34*r35^7*r45^7*t
L[417]=r12*r13*r14^3*r23*r24^3*r25^4*r35^7*r45^7*t
L[418]=r13*r14^4*r15*r24^4*r25^3*r35^7*r45^7*t
L[419]=r12^3*r13*r14^3*r34^7*r35^6*r45^7*t
L[420]=r12^3*r13*r14^3*r23*r34^6*r35^6*r45^7*t
L[421]=r12^3*r13*r14*r15^3*r34^6*r35^6*r45^7*t
L[422]=r12^4*r13*r14^3*r34^6*r35^6*r45^7*t
L[423]=r12^3*r13*r15*r24^4*r25*r34^4*r35^6*r45^7*t
L[424]=r13*r14^3*r15*r23^3*r24*r25*r34^4*r35^6*r45^7*t
L[425]=r12^4*r13*r15^3*r24*r25*r34^4*r35^6*r45^7*t
L[426]=r12^4*r13*r14*r15^4*r34^4*r35^6*r45^7*t
L[427]=r13*r14^3*r15*r24^4*r25^4*r34*r35^6*r45^7*t
L[428]=r12^4*r13*r23^4*r25^4*r34*r35^6*r45^7*t
L[429]=r12*r13*r14^3*r23*r24^4*r25^3*r34*r35^6*r45^7*t
L[430]=r12*r13*r15^4*r23^4*r25^3*r34*r35^6*r45^7*t
L[431]=r12^3*r13*r15^3*r24*r25^6*r35^6*r45^7*t
L[432]=r12*r13*r15^4*r23*r24^3*r25^4*r35^6*r45^7*t
L[433]=r12*r13*r14^4*r23*r24^4*r25^3*r35^6*r45^7*t
L[434]=r12^3*r13*r14*r23^6*r25^3*r35^6*r45^7*t
L[435]=r12^3*r13*r14*r24^4*r25*r34^6*r35^4*r45^7*t
L[436]=r13*r14^4*r23^3*r24*r25*r34^6*r35^4*r45^7*t
L[437]=r13*r14^4*r24^4*r25^6*r34*r35^4*r45^7*t
L[438]=r13*r14^4*r15*r24^3*r25^6*r34*r35^4*r45^7*t
L[439]=r13*r14^3*r15*r24^6*r25^4*r34*r35^4*r45^7*t
L[440]=r12^6*r13*r15^4*r25^4*r34*r35^4*r45^7*t
L[441]=r12*r13*r15^4*r23^4*r24^3*r34^6*r35*r45^7*t
L[442]=r13*r15^6*r23^3*r24^4*r25*r34^4*r35*r45^7*t
L[443]=r12^3*r13*r15*r23^6*r24^3*r34^6*r45^7*t
L[444]=r13*r14^3*r15*r23^4*r24*r34^6*r35^7*r45^4*t
L[445]=r13*r15^6*r23^4*r25*r34^4*r35^7*r45^4*t
L[446]=r13*r15^6*r23^4*r24*r25^3*r34*r35^7*r45^4*t
L[447]=r12^3*r13*r23^6*r25*r34^6*r35^6*r45^4*t
L[448]=r13*r15^6*r23^4*r24*r25^4*r34*r35^6*r45^4*t
L[449]=r13*r15^6*r23^4*r24*r25*r34^4*r35^7*r45^3*t
L[450]=r12^4*r13*r15^3*r25^4*r35^6*r45^10*t
L[451]=r12^4*r13*r23^3*r24*r25^4*r34*r35^4*r45^10*t
L[452]=r13*r14^4*r15*r23^4*r25^4*r35^4*r45^10*t
L[453]=r12^4*r13*r15^4*r25^4*r34^4*r35*r45^10*t
L[454]=r12^4*r13*r14^4*r15*r24^4*r34^3*r35*r45^10*t
L[455]=r13*r14^4*r23^4*r24^3*r25^4*r34*r35*r45^10*t
L[456]=r13*r14^3*r15*r23^4*r24^4*r25^3*r34*r35*r45^10*t
L[457]=r12^4*r13*r14^3*r24^4*r34^6*r45^10*t
L[458]=r12^4*r13*r14*r15^4*r25^4*r34^4*r45^10*t
L[459]=r13*r14*r15^4*r23^4*r24^4*r34^4*r45^10*t
L[460]=r13*r14^3*r15^3*r23^4*r25^7*r45^10*t
L[461]=r13*r14^3*r15^3*r23^4*r24*r25^6*r45^10*t
L[462]=r13*r14^3*r24^4*r25^3*r34*r35^9*r45^7*t
L[463]=r12^3*r13*r14^3*r15^4*r23*r35^9*r45^7*t
L[464]=r13*r14^3*r24^3*r25*r34^6*r35^7*r45^7*t
L[465]=r12^3*r13*r15^4*r34^6*r35^7*r45^7*t
L[466]=r13*r14^3*r15^3*r23^6*r34*r35^7*r45^7*t
L[467]=r13*r14^3*r24^6*r25^4*r35^7*r45^7*t
L[468]=r12^3*r13*r15*r24^3*r25*r34^6*r35^6*r45^7*t
L[469]=r12^3*r13*r14*r24^3*r25*r34^6*r35^6*r45^7*t
L[470]=r12^3*r13*r15^3*r24*r25*r34^6*r35^6*r45^7*t
L[471]=r12^3*r13*r14*r24^4*r34^6*r35^6*r45^7*t
L[472]=r12*r13*r14^3*r23^4*r34^6*r35^6*r45^7*t
L[473]=r12^4*r13*r15^3*r23*r34^6*r35^6*r45^7*t
L[474]=r13*r14^4*r15*r24^4*r25*r34^4*r35^6*r45^7*t
L[475]=r12^3*r13*r14*r24^6*r34^4*r35^6*r45^7*t
L[476]=r12^3*r13*r14*r23^6*r34^4*r35^6*r45^7*t
L[477]=r13*r14^3*r24^4*r25^6*r34*r35^6*r45^7*t
L[478]=r12*r13*r15^4*r23*r24^4*r25^3*r34*r35^6*r45^7*t
L[479]=r12^4*r13*r23^6*r25^3*r34*r35^6*r45^7*t
L[480]=r13*r14^4*r24^4*r25^6*r35^6*r45^7*t
L[481]=r13*r14^3*r15*r24^6*r25^4*r35^6*r45^7*t
L[482]=r13*r14*r15^4*r23^6*r25^3*r35^6*r45^7*t
L[483]=r12^3*r13*r15*r25^6*r34^6*r35^4*r45^7*t
L[484]=r13*r14*r15^4*r24^4*r25*r34^6*r35^4*r45^7*t
L[485]=r12^3*r13*r15*r23^6*r34^6*r35^4*r45^7*t
L[486]=r12^4*r13*r23*r24*r25^6*r34^4*r35^4*r45^7*t
L[487]=r13*r14^3*r24^6*r25^6*r34*r35^4*r45^7*t
L[488]=r12^3*r13*r23^6*r24^3*r34^7*r35*r45^7*t
L[489]=r12^3*r13*r23^6*r24^4*r25*r34^6*r45^7*t
L[490]=r13*r14^4*r15*r23^6*r24^3*r34^6*r45^7*t
L[491]=r13*r15^6*r23^3*r24^6*r25^4*r34*r45^7*t
L[492]=r13*r14^3*r23*r25^6*r34^6*r35^7*r45^4*t
L[493]=r12*r13*r14^3*r25^6*r34^6*r35^7*r45^4*t
L[494]=r13*r15^6*r23*r24^3*r34^6*r35^7*r45^4*t
L[495]=r12^3*r13*r14*r23*r25^6*r34^6*r35^6*r45^4*t
L[496]=r13*r14^3*r15^3*r23^4*r25*r35^7*r45^10*t
L[497]=r12^4*r13*r14^3*r15^3*r24*r35^7*r45^10*t
L[498]=r12^4*r13*r24^3*r25^4*r34*r35^6*r45^10*t
L[499]=r12^4*r13*r24^4*r25^4*r35^6*r45^10*t
L[500]=r12^4*r13*r15^3*r25^6*r34^4*r35*r45^10*t
L[501]=r12^6*r13*r15^4*r25^4*r34^3*r35*r45^10*t
L[502]=r12^4*r13*r14^3*r24^6*r25*r34^3*r35*r45^10*t
L[503]=r12*r13*r14^3*r23^6*r24^3*r25^4*r35*r45^10*t
L[504]=r12^3*r13*r14^3*r23*r24^4*r34^7*r45^10*t
L[505]=r12^4*r13*r15^3*r24*r25^6*r34^4*r45^10*t
L[506]=r12^6*r13*r14^4*r24^4*r34^4*r45^10*t
L[507]=r12^6*r13*r15^4*r23*r25^4*r34^3*r45^10*t
L[508]=r12^6*r13*r14^4*r23*r24^4*r34^3*r45^10*t
L[509]=r12*r13*r14^3*r23^6*r24^4*r25^3*r34*r45^10*t
L[510]=r13*r14^4*r23^4*r24^4*r25^6*r45^10*t
L[511]=r13*r14^3*r15*r23^4*r24^6*r25^4*r45^10*t
L[512]=r13*r14^3*r15*r24^4*r34^6*r35^7*r45^7*t
L[513]=r12^3*r13*r15*r24^4*r34^6*r35^7*r45^7*t
L[514]=r12^3*r13*r23^6*r25^4*r34*r35^7*r45^7*t
L[515]=r13*r15^6*r24^4*r25^3*r34*r35^7*r45^7*t
L[516]=r13*r14^3*r15*r23^6*r25^3*r34*r35^7*r45^7*t
L[517]=r12^4*r13*r23*r24^3*r25*r34^6*r35^6*r45^7*t
L[518]=r13*r14*r15^4*r24^3*r25*r34^6*r35^6*r45^7*t
L[519]=r13*r14^4*r15*r24^3*r25*r34^6*r35^6*r45^7*t
L[520]=r12*r13*r14^3*r23*r24^4*r34^6*r35^6*r45^7*t
L[521]=r12^4*r13*r23*r24^4*r34^6*r35^6*r45^7*t
L[522]=r13*r14*r15^4*r24^4*r34^6*r35^6*r45^7*t
L[523]=r12^3*r13*r23^6*r34^6*r35^6*r45^7*t
L[524]=r12*r13*r15^4*r23^4*r34^6*r35^6*r45^7*t
L[525]=r13*r14^3*r15*r24^6*r25*r34^4*r35^6*r45^7*t
L[526]=r13*r15^6*r23^3*r24*r25*r34^4*r35^6*r45^7*t
L[527]=r13*r14*r15^4*r24^6*r34^4*r35^6*r45^7*t
L[528]=r13*r14*r15^4*r23^6*r34^4*r35^6*r45^7*t
L[529]=r13*r15^6*r24^4*r25^4*r34*r35^6*r45^7*t
L[530]=r13*r14^3*r24^6*r25^6*r35^6*r45^7*t
L[531]=r13*r14^3*r15*r23^6*r24*r25^4*r35^6*r45^7*t
L[532]=r13*r14^4*r24*r25^6*r34^6*r35^4*r45^7*t
L[533]=r12^3*r13*r14*r24*r25^6*r34^6*r35^4*r45^7*t
L[534]=r13*r14^4*r15*r25^6*r34^6*r35^4*r45^7*t
L[535]=r13*r14^4*r15*r23^6*r34^6*r35^4*r45^7*t
L[536]=r13*r15^6*r24^6*r25^4*r34*r35^4*r45^7*t
L[537]=r13*r14^4*r23^6*r24^3*r34^7*r35*r45^7*t
L[538]=r13*r14^4*r23^6*r24^4*r25*r34^6*r45^7*t
L[539]=r12*r13*r15^4*r25^6*r34^6*r35^7*r45^4*t
L[540]=r13*r15^6*r23^4*r24*r34^6*r35^7*r45^4*t
L[541]=r13*r14*r15^4*r23*r25^6*r34^6*r35^6*r45^4*t
L[542]=r13*r15^6*r23*r24*r25^4*r34^6*r35^6*r45^4*t
L[543]=r12^4*r13*r23^4*r24^4*r25^4*r45^13*t
L[544]=r12^4*r13*r15^3*r24*r25^3*r34*r35^7*r45^10*t
L[545]=r12^3*r13*r15^4*r23*r25^4*r35^7*r45^10*t
L[546]=r12*r13*r15^4*r24^3*r25^4*r34*r35^6*r45^10*t
L[547]=r13*r14^4*r23^4*r25^4*r34*r35^6*r45^10*t
L[548]=r13*r14^3*r15*r23^4*r24*r25^3*r34*r35^6*r45^10*t
L[549]=r12^4*r13*r14^4*r15*r24^4*r35^6*r45^10*t
L[550]=r12^4*r13*r24^4*r25^6*r34*r35^4*r45^10*t
L[551]=r12^4*r13*r24^6*r25^4*r34*r35^4*r45^10*t
L[552]=r13*r14^4*r23^4*r24*r25^6*r35^4*r45^10*t
L[553]=r12^6*r13*r15^4*r23*r25^4*r35^4*r45^10*t
L[554]=r12^6*r13*r14^4*r23*r24^4*r35^4*r45^10*t
L[555]=r13*r14^3*r15*r23^4*r24^4*r34^6*r35*r45^10*t
L[556]=r13*r15^6*r23^4*r24^4*r25^3*r34*r35*r45^10*t
L[557]=r13*r14^3*r15*r23^4*r24^6*r25*r34^4*r45^10*t
L[558]=r12*r13*r15^4*r23^6*r24^4*r25^3*r34*r45^10*t
L[559]=r13*r14^3*r23^4*r24^6*r25^6*r45^10*t
L[560]=r13*r14^3*r24^4*r34^6*r35^9*r45^7*t
L[561]=r13*r14^3*r15^4*r23^6*r35^9*r45^7*t
L[562]=r13*r14^3*r25^6*r34^6*r35^7*r45^7*t
L[563]=r13*r14^3*r24*r25^6*r34^6*r35^6*r45^7*t
L[564]=r12^3*r13*r14*r25^6*r34^6*r35^6*r45^7*t
L[565]=r12*r13*r15^4*r23*r25^4*r34^6*r35^6*r45^7*t
L[566]=r12*r13*r15^4*r23*r24^4*r34^6*r35^6*r45^7*t
L[567]=r13*r14^4*r23^6*r34^6*r35^6*r45^7*t
L[568]=r12^3*r13*r23^6*r24*r25^6*r35^6*r45^7*t
L[569]=r13*r15^6*r24^6*r25^4*r35^6*r45^7*t
L[570]=r13*r14*r15^4*r24*r25^6*r34^6*r35^4*r45^7*t
L[571]=r12^3*r13*r15^3*r23*r25^6*r35^7*r45^10*t
L[572]=r12^4*r13*r24^6*r25^3*r35^7*r45^10*t
L[573]=r12^4*r13*r15^3*r25*r34^6*r35^6*r45^10*t
L[574]=r12*r13*r14^3*r23^6*r25^4*r35^6*r45^10*t
L[575]=r12^4*r13*r23^6*r25^4*r35^6*r45^10*t
L[576]=r12^4*r13*r14^3*r24^6*r25*r35^6*r45^10*t
L[577]=r12^3*r13*r23^6*r24^4*r34^7*r45^10*t
L[578]=r12*r13*r14^3*r23^6*r24^4*r34^6*r45^10*t
L[579]=r12^4*r13*r23^6*r24^4*r34^6*r45^10*t
L[580]=r13*r15^6*r23^4*r24^6*r25^4*r45^10*t
L[581]=r13*r15^6*r24^3*r25*r34^6*r35^7*r45^7*t
L[582]=r13*r15^6*r24^4*r34^6*r35^7*r45^7*t
L[583]=r13*r14^3*r15*r23^6*r34^6*r35^7*r45^7*t
L[584]=r13*r15^6*r23^6*r25^3*r34*r35^7*r45^7*t
L[585]=r12^4*r13*r23*r25^6*r34^6*r35^6*r45^7*t
L[586]=r13*r14*r15^4*r25^6*r34^6*r35^6*r45^7*t
L[587]=r13*r15^6*r24^6*r25*r34^4*r35^6*r45^7*t
L[588]=r13*r15^6*r23^6*r24*r25^4*r35^6*r45^7*t
L[589]=r13*r15^6*r23*r25^6*r34^6*r35^7*r45^4*t
L[590]=r12^4*r13*r15^3*r24*r34^6*r35^7*r45^10*t
L[591]=r13*r14^4*r23*r24^3*r25^6*r35^7*r45^10*t
L[592]=r13*r14^3*r15*r23^6*r25^4*r35^7*r45^10*t
L[593]=r12*r13*r14^4*r24^6*r25^3*r35^7*r45^10*t
L[594]=r12^4*r13*r24^4*r25*r34^6*r35^6*r45^10*t
L[595]=r13*r14^3*r15*r23^4*r24*r34^6*r35^6*r45^10*t
L[596]=r12^4*r13*r24^6*r25*r34^4*r35^6*r45^10*t
L[597]=r12^6*r13*r15^4*r25*r34^4*r35^6*r45^10*t
L[598]=r13*r14^3*r15*r23*r24^6*r25^3*r34*r35^6*r45^10*t
L[599]=r13*r15^6*r23^4*r24*r25^3*r34*r35^6*r45^10*t
L[600]=r12*r13*r15^4*r23^6*r25^4*r35^6*r45^10*t
L[601]=r12^4*r13*r24*r25^6*r34^6*r35^4*r45^10*t
L[602]=r13*r15^6*r23^4*r24^4*r34^6*r35*r45^10*t
L[603]=r13*r14^4*r23^6*r24^4*r34^7*r45^10*t
L[604]=r12*r13*r15^4*r23^6*r24^4*r34^6*r45^10*t
L[605]=r13*r15^6*r23^4*r24^6*r25*r34^4*r45^10*t
L[606]=r12^3*r13*r23^6*r25^6*r35^7*r45^10*t
L[607]=r12^4*r13*r25^6*r34^6*r35^6*r45^10*t
L[608]=r13*r15^6*r25^6*r34^6*r35^7*r45^7*t
L[609]=r13*r15^6*r23^6*r34^6*r35^7*r45^7*t
L[610]=r13*r15^6*r24*r25^6*r34^6*r35^6*r45^7*t
L[611]=r12^6*r13*r14^4*r24^6*r34^3*r35*r45^13*t
L[612]=r13*r14^4*r23^6*r24^3*r25^6*r35*r45^13*t
L[613]=r12^6*r13*r15^4*r25^6*r34^4*r45^13*t
L[614]=r13*r14^3*r15*r23^6*r24^6*r25^3*r34*r45^13*t
L[615]=r12^4*r13*r24^6*r34^6*r35^7*r45^10*t
L[616]=r13*r15^6*r23^6*r25^4*r35^7*r45^10*t
L[617]=r12*r13*r15^4*r25^6*r34^6*r35^6*r45^10*t
L[618]=r13*r14^3*r15*r23*r24^6*r34^6*r35^6*r45^10*t
L[619]=r13*r15^6*r23^4*r24*r34^6*r35^6*r45^10*t
L[620]=r13*r15^6*r23*r24^6*r25^3*r34*r35^6*r45^10*t
L[621]=r13*r14^4*r23^6*r25^6*r35^6*r45^13*t
L[622]=r12^6*r13*r14^4*r24^6*r35^6*r45^13*t
L[623]=r13*r14^3*r15*r23^6*r24^6*r34^6*r45^13*t
L[624]=r13*r15^6*r23^6*r24^6*r25^3*r34*r45^13*t
L[625]=r13*r15^6*r23*r24^6*r34^6*r35^6*r45^10*t
L[626]=r13*r15^6*r23^6*r24^6*r34^6*r45^13*t
SING_OK
