SINGDIM=4
L[1]=r12
L[2]=e12^2
L[3]=wA*wB
L[4]=wA^2
L[5]=4*d2B^2
L[6]=4*d2A^2
L[7]=4*d1B^2
L[8]=4*d1A^2
L[9]=wB^3
L[10]=d1A*d1B*d2A*d2B*cs^3*cx*f*t
L[11]=d1B*d2A*d2B*wB^2*cs^3*cx*f*t
L[12]=d1A*d2A*d2B*wB^2*cs^3*cx*f*t
L[13]=d1A*d1B*d2B*wB^2*cs^3*cx*f*t
L[14]=d1A*d1B*d2A*wB^2*cs^3*cx*f*t
L[15]=d2A*d2B*cs^7*cx*f*t
L[16]=d1A*d2B*cs^7*cx*f*t
L[17]=d1B*d2A*cs^7*cx*f*t
L[18]=d1A*d1B*cs^7*cx*f*t
L[19]=2*d1B*d2B*wB^2*cs^5*cx*f*t
L[20]=2*d1A*d2A*wB^2*cs^5*cx*f*t
L[21]=d1B*d2A*d2B*wB*cs^5*cx*f*t
L[22]=d1A*d2A*d2B*wB*cs^5*cx*f*t
L[23]=d1A*d1B*d2B*wB*cs^5*cx*f*t
L[24]=d1A*d1B*d2A*wB*cs^5*cx*f*t
L[25]=2*d1B*d2A*d2B*wA*cs^5*cx*f*t
L[26]=d1A*d2A*d2B*wA*cs^5*cx*f*t
L[27]=2*d1A*d1B*d2B*wA*cs^5*cx*f*t
L[28]=d1A*d1B*d2A*wA*cs^5*cx*f*t
L[29]=d2B*wB^2*cs^7*cx*f*t
L[30]=d2A*wB^2*cs^7*cx*f*t
L[31]=d1B*wB^2*cs^7*cx*f*t
L[32]=d1A*wB^2*cs^7*cx*f*t
L[33]=d1B*d2B*wB*cs^7*cx*f*t
L[34]=d1A*d2A*wB*cs^7*cx*f*t
L[35]=3*d1B*d2B*wA*cs^7*cx*f*t
L[36]=d1A*d2A*wA*cs^7*cx*f*t
L[37]=cs^11*cx*f*t
L[38]=d2B*wB*cs^9*cx*f*t
L[39]=d2A*wB*cs^9*cx*f*t
L[40]=d1B*wB*cs^9*cx*f*t
L[41]=d1A*wB*cs^9*cx*f*t
L[42]=2*d2B*wA*cs^9*cx*f*t
L[43]=d2A*wA*cs^9*cx*f*t
L[44]=2*d1B*wA*cs^9*cx*f*t
L[45]=d1A*wA*cs^9*cx*f*t
L[46]=d1B*d2B*cs^9*cx*f*t
L[47]=d1A*d2A*cs^9*cx*f*t
SING_OK
